<html>
<body>
<pre>
<h1>µVision Build Log</h1>
<h2>Tool Versions:</h2>
IDE-Version: ¦ÌVision V5.18.0.0
Copyright (C) 2016 ARM Ltd and ARM Germany GmbH. All rights reserved.
License Information: 1 Administrator, 2, LIC=BL2Z9-4LRWK-66MQS-LCJSS-9CML0-B7JNN
 
Tool Versions:
Toolchain:       MDK-ARM Professional  Version: 5.18
Toolchain Path:  d:\Keil_v5\ARM\ARMCC\Bin
C Compiler:      Armcc.exe V5.06 update 1 (build 61)
Assembler:       Armasm.exe V5.06 update 1 (build 61)
Linker/Locator:  ArmLink.exe V5.06 update 1 (build 61)
Library Manager: ArmAr.exe V5.06 update 1 (build 61)
Hex Converter:   FromElf.exe V5.06 update 1 (build 61)
CPU DLL:         SARMCM3.DLL V5.18
Dialog DLL:      DCM.DLL V1.13.6.0
Target DLL:      STLink\ST-LINKIII-KEIL_SWO.dll V2.0.18.0
Dialog DLL:      TCM.DLL V1.14.8.0
 
<h2>Project:</h2>
G:\ZY\GIT_repositories\0-VA360project-20160614\User\template.uvprojx
Project File Date:  06/21/2016

<h2>Output:</h2>
*** Using Compiler 'V5.06 update 1 (build 61)', folder: 'd:\Keil_v5\ARM\ARMCC\Bin'
Build target 'Target 1'
compiling stmdataprocess326.c...
..\User\CalA.h(22): warning:  #1295-D: Deprecated declaration Adj_EXP - give arg types
  float Adj_EXP();
..\ProcessingData\stmdataprocess326.c(1156): warning:  #177-D: variable "voltage_effective_before" was declared but never referenced
  	float voltage_temp=0,voltage_effective_before=0;
..\ProcessingData\stmdataprocess326.c(1157): warning:  #177-D: variable "current_effective_before" was declared but never referenced
  	float current_temp=0,current_effective_before=0;
..\ProcessingData\stmdataprocess326.c(1158): warning:  #177-D: variable "active_power_before" was declared but never referenced
  	float power_temp=0,active_power_before=0;
..\ProcessingData\stmdataprocess326.c(1161): warning:  #177-D: variable "v_temp" was declared but never referenced
  	float v_temp,a_temp;
..\ProcessingData\stmdataprocess326.c(1161): warning:  #177-D: variable "a_temp" was declared but never referenced
  	float v_temp,a_temp;
..\ProcessingData\stmdataprocess326.c(1576): warning:  #550-D: variable "fundamental_flag" was set but never used
  	uint8_t fundamental_flag=0;
..\ProcessingData\stmdataprocess326.c(1581): warning:  #550-D: variable "status" was set but never used
    arm_status status;
..\ProcessingData\stmdataprocess326.c: 8 warnings, 0 errors
compiling userVAinteraction.c...
userVAinteraction.c(50): warning:  #188-D: enumerated type mixed with another type
  boolean propershow=0;
userVAinteraction.c(367): warning:  #111-D: statement is unreachable
  			}break;
userVAinteraction.c(373): warning:  #111-D: statement is unreachable
  			}break;
userVAinteraction.c(389): warning:  #111-D: statement is unreachable
  			}break;
userVAinteraction.c(395): warning:  #111-D: statement is unreachable
  			}break;
userVAinteraction.c(408): warning:  #940-D: missing return statement at end of non-void function "Calculate_rel_data"
  }
userVAinteraction.c(440): warning:  #188-D: enumerated type mixed with another type
  		check_flag= 0;
userVAinteraction.c(445): warning:  #188-D: enumerated type mixed with another type
  			check_flag= 0;
userVAinteraction.c(467): warning:  #188-D: enumerated type mixed with another type
  		RotaryKeyChanged_flag = 0;
userVAinteraction.c(524): warning:  #188-D: enumerated type mixed with another type
  		SoftKeyChanged_flag = 0;
userVAinteraction.c(532): warning:  #188-D: enumerated type mixed with another type
  					ShortKey_flag=0;
userVAinteraction.c(599): warning:  #188-D: enumerated type mixed with another type
  							ShortKey_flag=0;
userVAinteraction.c(644): warning:  #188-D: enumerated type mixed with another type
  							ShortKey_flag=0;
userVAinteraction.c(659): warning:  #188-D: enumerated type mixed with another type
  							LongKey_flag=0;
userVAinteraction.c(691): warning:  #188-D: enumerated type mixed with another type
  							ShortKey_flag=0;
userVAinteraction.c(733): warning:  #188-D: enumerated type mixed with another type
  							LongKey_flag=0;
userVAinteraction.c(791): warning:  #188-D: enumerated type mixed with another type
  							ShortKey_flag=0;
userVAinteraction.c(800): warning:  #188-D: enumerated type mixed with another type
  								if(check_flag==1) check_flag=0;
userVAinteraction.c(846): warning:  #188-D: enumerated type mixed with another type
  							ShortKey_flag=0;
userVAinteraction.c(866): warning:  #188-D: enumerated type mixed with another type
  							LongKey_flag=0;
userVAinteraction.c(873): warning:  #188-D: enumerated type mixed with another type
  								if(check_flag==1) check_flag=0;
userVAinteraction.c(883): warning:  #188-D: enumerated type mixed with another type
  							ShortKey_flag=0;
userVAinteraction.c(945): warning:  #188-D: enumerated type mixed with another type
  							LongKey_flag=0;
userVAinteraction.c(970): warning:  #188-D: enumerated type mixed with another type
  							ShortKey_flag=0;
userVAinteraction.c(994): warning:  #188-D: enumerated type mixed with another type
  							LongKey_flag=0;
userVAinteraction.c(1103): warning:  #188-D: enumerated type mixed with another type
  							ShortKey_flag=0;
userVAinteraction.c(1196): warning:  #188-D: enumerated type mixed with another type
  							LongKey_flag=0;
userVAinteraction.c(1265): warning:  #188-D: enumerated type mixed with another type
  							ShortKey_flag=0;
userVAinteraction.c(1398): warning:  #188-D: enumerated type mixed with another type
  							LongKey_flag=0;
userVAinteraction.c(1413): warning:  #188-D: enumerated type mixed with another type
  							ShortKey_flag=0;
userVAinteraction.c(1462): warning:  #188-D: enumerated type mixed with another type
  							ShortKey_flag=0;
userVAinteraction.c(1520): warning:  #188-D: enumerated type mixed with another type
  							LongKey_flag=0;
userVAinteraction.c(1567): warning:  #188-D: enumerated type mixed with another type
  							ShortKey_flag=0;
userVAinteraction.c(1591): warning:  #188-D: enumerated type mixed with another type
  							LongKey_flag=0;
userVAinteraction.c(1659): warning:  #188-D: enumerated type mixed with another type
  							ShortKey_flag=0;
userVAinteraction.c(1693): warning:  #188-D: enumerated type mixed with another type
  							ShortKey_flag=0;
userVAinteraction.c(1713): warning:  #188-D: enumerated type mixed with another type
  							ShortKey_flag=0;
userVAinteraction.c(1725): warning:  #188-D: enumerated type mixed with another type
  										if(check_flag==1) check_flag=0;
userVAinteraction.c(1767): warning:  #188-D: enumerated type mixed with another type
  										if(check_flag==1) check_flag=0;
userVAinteraction.c(1805): warning:  #188-D: enumerated type mixed with another type
  							ShortKey_flag=0;
userVAinteraction.c(1814): warning:  #188-D: enumerated type mixed with another type
  								if(check_flag==1) check_flag=0;
userVAinteraction.c(1860): warning:  #188-D: enumerated type mixed with another type
  							LongKey_flag=0;
userVAinteraction.c(1867): warning:  #188-D: enumerated type mixed with another type
  								if(check_flag==1) check_flag=0;
userVAinteraction.c(1917): warning:  #188-D: enumerated type mixed with another type
  							ShortKey_flag=0;
userVAinteraction.c(1941): warning:  #188-D: enumerated type mixed with another type
  							LongKey_flag=0;
userVAinteraction.c(2007): warning:  #188-D: enumerated type mixed with another type
  							ShortKey_flag=0;
userVAinteraction.c(2032): warning:  #188-D: enumerated type mixed with another type
  							ShortKey_flag=0;
userVAinteraction.c(2057): warning:  #188-D: enumerated type mixed with another type
  							ShortKey_flag=0;
userVAinteraction.c(2081): warning:  #188-D: enumerated type mixed with another type
  							LongKey_flag=0;
userVAinteraction.c(2161): warning:  #188-D: enumerated type mixed with another type
  							ShortKey_flag=0;
userVAinteraction.c(2186): warning:  #188-D: enumerated type mixed with another type
  							ShortKey_flag=0;
userVAinteraction.c(2205): warning:  #188-D: enumerated type mixed with another type
  							ShortKey_flag=0;
userVAinteraction.c(2217): warning:  #188-D: enumerated type mixed with another type
  										if(check_flag==1) check_flag=0;
userVAinteraction.c(2266): warning:  #188-D: enumerated type mixed with another type
  										if(check_flag==1) check_flag=0;
userVAinteraction.c(2336): warning:  #188-D: enumerated type mixed with another type
  							LongKey_flag=0;
userVAinteraction.c(2343): warning:  #188-D: enumerated type mixed with another type
  								if(check_flag==1) check_flag=0;
userVAinteraction.c(2356): warning:  #188-D: enumerated type mixed with another type
  							ShortKey_flag=0;
userVAinteraction.c(2380): warning:  #188-D: enumerated type mixed with another type
  							LongKey_flag=0;
userVAinteraction.c(2409): warning:  #188-D: enumerated type mixed with another type
  			LongKey_flag=0;
userVAinteraction.c(2429): warning:  #188-D: enumerated type mixed with another type
  			ShortKey_flag=0;
userVAinteraction.c(2436): warning:  #188-D: enumerated type mixed with another type
  			ShortKey_flag=0;
userVAinteraction.c(3807): warning:  #1035-D: single-precision operand implicitly converted to double-precision
  									if(read_dta_data<=99.99)
userVAinteraction.c(3822): warning:  #1035-D: single-precision operand implicitly converted to double-precision
  									if((read_dta_data<=999.9) && (read_dta_data>99.99))
userVAinteraction.c(3822): warning:  #1035-D: single-precision operand implicitly converted to double-precision
  									if((read_dta_data<=999.9) && (read_dta_data>99.99))
userVAinteraction.c(3827): warning:  #1035-D: single-precision operand implicitly converted to double-precision
  										if(read_dta_data<=99.99)
userVAinteraction.c(3829): warning:  #1035-D: single-precision operand implicitly converted to double-precision
  										else if(read_dta_data>999.9)
userVAinteraction.c(3835): warning:  #1035-D: single-precision operand implicitly converted to double-precision
  									if(read_dta_data<=999.9)
userVAinteraction.c(3851): warning:  #1035-D: single-precision operand implicitly converted to double-precision
  									if((read_dta_data/1000<=9.999)  && (read_dta_data>999.9))
userVAinteraction.c(3851): warning:  #1035-D: single-precision operand implicitly converted to double-precision
  									if((read_dta_data/1000<=9.999)  && (read_dta_data>999.9))
userVAinteraction.c(3856): warning:  #1035-D: single-precision operand implicitly converted to double-precision
  										if(read_dta_data<=999.9)
userVAinteraction.c(3858): warning:  #1035-D: single-precision operand implicitly converted to double-precision
  										else if(read_dta_data/1000>9.999)
userVAinteraction.c(3864): warning:  #1035-D: single-precision operand implicitly converted to double-precision
  									if(read_dta_data/1000<=9.999)
userVAinteraction.c(3880): warning:  #1035-D: single-precision operand implicitly converted to double-precision
  									if((read_dta_data/1000<=99.99) && (read_dta_data/1000>9.999))
userVAinteraction.c(3880): warning:  #1035-D: single-precision operand implicitly converted to double-precision
  									if((read_dta_data/1000<=99.99) && (read_dta_data/1000>9.999))
userVAinteraction.c(3885): warning:  #1035-D: single-precision operand implicitly converted to double-precision
  										if(read_dta_data/1000<=9.999)
userVAinteraction.c(3887): warning:  #1035-D: single-precision operand implicitly converted to double-precision
  										else if(read_dta_data/1000>99.99)
userVAinteraction.c(3893): warning:  #1035-D: single-precision operand implicitly converted to double-precision
  									if(read_dta_data/1000<=99.99)
userVAinteraction.c(3909): warning:  #1035-D: single-precision operand implicitly converted to double-precision
  									if((read_dta_data/1000<=999.9) && (read_dta_data/1000>99.99))
userVAinteraction.c(3909): warning:  #1035-D: single-precision operand implicitly converted to double-precision
  									if((read_dta_data/1000<=999.9) && (read_dta_data/1000>99.99))
userVAinteraction.c(3914): warning:  #1035-D: single-precision operand implicitly converted to double-precision
  										if(read_dta_data/1000<=99.99)
userVAinteraction.c(3916): warning:  #1035-D: single-precision operand implicitly converted to double-precision
  										else if(read_dta_data/1000>999.9)
userVAinteraction.c(3922): warning:  #1035-D: single-precision operand implicitly converted to double-precision
  									if(read_dta_data/1000<=999.9)
userVAinteraction.c(3939): warning:  #1035-D: single-precision operand implicitly converted to double-precision
  									if((read_dta_data/1000/1000<=9.999) && (read_dta_data/1000>999.9))
userVAinteraction.c(3939): warning:  #1035-D: single-precision operand implicitly converted to double-precision
  									if((read_dta_data/1000/1000<=9.999) && (read_dta_data/1000>999.9))
userVAinteraction.c(3943): warning:  #1035-D: single-precision operand implicitly converted to double-precision
  										if(read_dta_data/1000<=999.9)
userVAinteraction.c(3948): warning:  #1035-D: single-precision operand implicitly converted to double-precision
  										else if(read_dta_data/1000/1000>9.999)
userVAinteraction.c(3954): warning:  #1035-D: single-precision operand implicitly converted to double-precision
  									if(read_dta_data/1000/1000<=9.999)
userVAinteraction.c(4199): warning:  #1035-D: single-precision operand implicitly converted to double-precision
  								if(read_dta_data<=6.000)
userVAinteraction.c(4204): warning:  #1035-D: single-precision operand implicitly converted to double-precision
  									if(read_dta_data>6.000)
userVAinteraction.c(4210): warning:  #1035-D: single-precision operand implicitly converted to double-precision
  								if(read_dta_data<=6.000)
userVAinteraction.c(4224): warning:  #1035-D: single-precision operand implicitly converted to double-precision
  								if((read_dta_data<=60.00) && (read_dta_data>6.000))
userVAinteraction.c(4224): warning:  #1035-D: single-precision operand implicitly converted to double-precision
  								if((read_dta_data<=60.00) && (read_dta_data>6.000))
userVAinteraction.c(4229): warning:  #1035-D: single-precision operand implicitly converted to double-precision
  									if(read_dta_data<=6.000)
userVAinteraction.c(4231): warning:  #1035-D: single-precision operand implicitly converted to double-precision
  									else if(read_dta_data>60.00)
userVAinteraction.c(4237): warning:  #1035-D: single-precision operand implicitly converted to double-precision
  								if(read_dta_data<=60.00)
userVAinteraction.c(4251): warning:  #1035-D: single-precision operand implicitly converted to double-precision
  								if((read_dta_data<=600.0) && (read_dta_data>60.00))
userVAinteraction.c(4251): warning:  #1035-D: single-precision operand implicitly converted to double-precision
  								if((read_dta_data<=600.0) && (read_dta_data>60.00))
userVAinteraction.c(4256): warning:  #1035-D: single-precision operand implicitly converted to double-precision
  									if(read_dta_data<=60.00)
userVAinteraction.c(4258): warning:  #1035-D: single-precision operand implicitly converted to double-precision
  									else if(read_dta_data>600.0)
userVAinteraction.c(4264): warning:  #1035-D: single-precision operand implicitly converted to double-precision
  								if(read_dta_data<=600.0)
userVAinteraction.c(4279): warning:  #1035-D: single-precision operand implicitly converted to double-precision
  								if((read_dta_data/1000<=6.000) && (read_dta_data>600.0))
userVAinteraction.c(4279): warning:  #1035-D: single-precision operand implicitly converted to double-precision
  								if((read_dta_data/1000<=6.000) && (read_dta_data>600.0))
userVAinteraction.c(4284): warning:  #1035-D: single-precision operand implicitly converted to double-precision
  									if(read_dta_data<=600.0)
userVAinteraction.c(4286): warning:  #1035-D: single-precision operand implicitly converted to double-precision
  									else if(read_dta_data/1000>6.000)
userVAinteraction.c(4292): warning:  #1035-D: single-precision operand implicitly converted to double-precision
  								if(read_dta_data/1000<=6.000)
userVAinteraction.c(4307): warning:  #1035-D: single-precision operand implicitly converted to double-precision
  								if((read_dta_data/1000<=60.00) && (read_dta_data/1000>6.000))
userVAinteraction.c(4307): warning:  #1035-D: single-precision operand implicitly converted to double-precision
  								if((read_dta_data/1000<=60.00) && (read_dta_data/1000>6.000))
userVAinteraction.c(4312): warning:  #1035-D: single-precision operand implicitly converted to double-precision
  									if(read_dta_data/1000<=6.000)
userVAinteraction.c(4314): warning:  #1035-D: single-precision operand implicitly converted to double-precision
  									else if(read_dta_data/1000>60.00)
userVAinteraction.c(4320): warning:  #1035-D: single-precision operand implicitly converted to double-precision
  								if(read_dta_data/1000<=60.00)
userVAinteraction.c(4335): warning:  #1035-D: single-precision operand implicitly converted to double-precision
  								if((read_dta_data/1000<=600.0)  && (read_dta_data/1000>60.00))
userVAinteraction.c(4335): warning:  #1035-D: single-precision operand implicitly converted to double-precision
  								if((read_dta_data/1000<=600.0)  && (read_dta_data/1000>60.00))
userVAinteraction.c(4340): warning:  #1035-D: single-precision operand implicitly converted to double-precision
  									if(read_dta_data/1000<=60.00)
userVAinteraction.c(4342): warning:  #1035-D: single-precision operand implicitly converted to double-precision
  									else if(read_dta_data/1000>600.0)
userVAinteraction.c(4348): warning:  #1035-D: single-precision operand implicitly converted to double-precision
  								if(read_dta_data/1000<=600.0)
userVAinteraction.c(4364): warning:  #1035-D: single-precision operand implicitly converted to double-precision
  								if((read_dta_data/1000/1000<=6.000) && (read_dta_data/1000>600.0))
userVAinteraction.c(4364): warning:  #1035-D: single-precision operand implicitly converted to double-precision
  								if((read_dta_data/1000/1000<=6.000) && (read_dta_data/1000>600.0))
userVAinteraction.c(4369): warning:  #1035-D: single-precision operand implicitly converted to double-precision
  									if(read_dta_data/1000<=600.0)
userVAinteraction.c(4371): warning:  #1035-D: single-precision operand implicitly converted to double-precision
  									else if(read_dta_data/1000/1000>6.000)
userVAinteraction.c(4377): warning:  #1035-D: single-precision operand implicitly converted to double-precision
  								if(read_dta_data/1000/1000<=6.000)
userVAinteraction.c(4393): warning:  #1035-D: single-precision operand implicitly converted to double-precision
  								if((read_dta_data/1000/1000<=60.00) && (read_dta_data/1000/1000>=6.000))
userVAinteraction.c(4393): warning:  #1035-D: single-precision operand implicitly converted to double-precision
  								if((read_dta_data/1000/1000<=60.00) && (read_dta_data/1000/1000>=6.000))
userVAinteraction.c(4397): warning:  #1035-D: single-precision operand implicitly converted to double-precision
  									if(read_dta_data/1000/1000<=6.000)
userVAinteraction.c(4408): warning:  #1035-D: single-precision operand implicitly converted to double-precision
  								if(read_dta_data/1000/1000<=60.00)
userVAinteraction.c: 124 warnings, 0 errors
linking...
Program Size: Code=83582 RO-data=37330 RW-data=1256 ZI-data=28544  
FromELF: creating hex file...
"..\Output\template.axf" - 0 Error(s), 132 Warning(s).

<h2>Software Packages used:</h2>

Package Vendor: ARM
                http://www.keil.com/pack/ARM.CMSIS.4.5.0.pack
                ARM::CMSIS:CORE:4.3.0
                CMSIS (Cortex Microcontroller Software Interface Standard)
   * Component: CORE Version: 4.3.0

<h2>Collection of Component include folders:</h2>
  G:\ZY\GIT_repositories\0-VA360project-20160614\User\RTE
  d:\Keil_v5\ARM\PACK\ARM\CMSIS\4.5.0\CMSIS\Include
  d:\Keil_v5\ARM\PACK\Keil\STM32F3xx_DFP\1.3.0\Device\Include

<h2>Collection of Component Files used:</h2>

   * Component: ARM::CMSIS:CORE:4.3.0
Build Time Elapsed:  00:00:02
</pre>
</body>
</html>
