Component: ARM Compiler 5.06 update 1 (build 61) Tool: armlink [4d35a8]

==============================================================================

Section Cross References

    main.o(.text) refers to flash_data.o(.text) for Init_flash
    main.o(.text) refers to nvic_systick.o(.text) for delay_init
    main.o(.text) refers to ht1621.o(.text) for HT1621_Init
    main.o(.text) refers to matrixkey.o(.text) for Init_Keyboard_Interrupt
    main.o(.text) refers to buzzer_led.o(.text) for BUZZER_LED_Init
    main.o(.text) refers to uart.o(.text) for uart_init
    main.o(.text) refers to sdadc.o(.text) for SDADC1_Config
    main.o(.text) refers to comp.o(.text) for TIM5_2_Compare_Capture_Init
    main.o(.text) refers to dta0660.o(.text) for DTA0660_Init
    main.o(.text) refers to timer.o(.text) for TIM12_Config_1s
    main.o(.text) refers to powercontrol.o(.text) for PowerControl_Init
    main.o(.text) refers to dac.o(.text) for DAC_Config
    main.o(.text) refers to stm32f37x_tim.o(.text) for TIM_Cmd
    main.o(.text) refers to stm32f37x_lp_modes.o(.text) for StandbyMode_Measure
    main.o(.text) refers to uservainteraction.o(.text) for manipulate
    main.o(.text) refers to comm.o(.text) for Communication_Service
    main.o(.text) refers to matrixkey.o(.data) for SoftKeyValue
    main.o(.text) refers to main.o(.data) for Is_Cal_Mode
    main.o(.text) refers to timer.o(.data) for timer_1s_flag_for_Standby
    uservainteraction.o(.text) refers to powercontrol.o(.text) for Power_On_Voltage
    uservainteraction.o(.text) refers to stm32f37x_sdadc.o(.text) for SDADC_Cmd
    uservainteraction.o(.text) refers to stm32f37x_tim.o(.text) for TIM_Cmd
    uservainteraction.o(.text) refers to dta0660.o(.text) for FunctionSet
    uservainteraction.o(.text) refers to stmdataprocess326.o(.text) for dealwith_information
    uservainteraction.o(.text) refers to ht1621.o(.text) for lcd_write_1bit
    uservainteraction.o(.text) refers to stmdataprocess326.o(.data) for voltage_effective
    uservainteraction.o(.text) refers to uservainteraction.o(.data) for REL_voltage_effective
    uservainteraction.o(.text) refers to matrixkey.o(.data) for RotaryKeyValue
    uservainteraction.o(.text) refers to dta0660.o(.data) for receive_f
    uservainteraction.o(.text) refers to buzzer_led.o(.text) for BUZZER_Open
    uservainteraction.o(.text) refers to dta0660.o(.bss) for RxBuffer
    uservainteraction.o(.text) refers to ht1621.o(.bss) for lcd_show_ram
    uservainteraction.o(.text) refers to f2d.o(.text) for __aeabi_f2d
    uservainteraction.o(.text) refers to fabs.o(i.__hardfp_fabs) for __hardfp_fabs
    uservainteraction.o(.text) refers to dadd.o(.text) for __aeabi_dsub
    uservainteraction.o(.text) refers to d2f.o(.text) for __aeabi_d2f
    uservainteraction.o(.text) refers to stm32f37x_comp.o(.text) for COMP_Cmd
    uservainteraction.o(.text) refers to nvic_systick.o(.text) for delay_ms
    uservainteraction.o(.text) refers to comp.o(.data) for TIM5CH4_CAPTURE_STA
    uservainteraction.o(.text) refers to main.o(.data) for Is_Cal_Mode
    uservainteraction.o(.text) refers to timer.o(.data) for powertimer
    uservainteraction.o(.text) refers to flash_data.o(.text) for updata_flash
    uservainteraction.o(.text) refers to flash_data.o(.bss) for SaveData
    uservainteraction.o(.text) refers to cdcmple.o(.text) for __aeabi_cdcmple
    uservainteraction.o(.text) refers to cdrcmple.o(.text) for __aeabi_cdrcmple
    stm32f37x_it.o(.text) refers to stm32f37x_dma.o(.text) for DMA_GetITStatus
    stm32f37x_it.o(.text) refers to stm32f37x_tim.o(.text) for TIM_Cmd
    stm32f37x_it.o(.text) refers to stm32f37x_comp.o(.text) for COMP_Cmd
    stm32f37x_it.o(.text) refers to buzzer_led.o(.text) for BUZZER_Open
    stm32f37x_it.o(.text) refers to stm32f37x_usart.o(.text) for USART_GetFlagStatus
    stm32f37x_it.o(.text) refers to stm32f37x_gpio.o(.text) for GPIO_ReadInputDataBit
    stm32f37x_it.o(.text) refers to stm32f37x_exti.o(.text) for EXTI_ClearITPendingBit
    stm32f37x_it.o(.text) refers to matrixkey.o(.text) for OnceRotaryKey
    stm32f37x_it.o(.text) refers to stmdataprocess326.o(.data) for collect_finished
    stm32f37x_it.o(.text) refers to uservainteraction.o(.data) for phasestatus
    stm32f37x_it.o(.text) refers to comp.o(.data) for TIM5CH4_CAPTURE_STA
    stm32f37x_it.o(.text) refers to stm32f37x_it.o(.data) for capstats
    stm32f37x_it.o(.text) refers to dta0660.o(.data) for RxCounter
    stm32f37x_it.o(.text) refers to dta0660.o(.bss) for RxBuffer
    stm32f37x_it.o(.text) refers to stm32f37x_it.o(.bss) for Rx2Buffer
    stm32f37x_it.o(.text) refers to matrixkey.o(.data) for KeyValue
    stm32f37x_it.o(.text) refers to stm32f37x_sdadc.o(.text) for SDADC_GetFlagStatus
    stm32f37x_it.o(.text) refers to timer.o(.data) for powertimer
    stm32f37x_it.o(.text) refers to buzzer_led.o(.data) for longshort
    system_stm32f37x.o(.text) refers to stm32f37x_rcc.o(.text) for RCC_HSICmd
[...]
    EXTI_StructInit                          0x08009b69   Thumb Code    16  stm32f37x_exti.o(.text)
    EXTI_GenerateSWInterrupt                 0x08009b79   Thumb Code    16  stm32f37x_exti.o(.text)
    EXTI_GetFlagStatus                       0x08009b89   Thumb Code    22  stm32f37x_exti.o(.text)
    EXTI_ClearFlag                           0x08009b9f   Thumb Code     8  stm32f37x_exti.o(.text)
    EXTI_GetITStatus                         0x08009ba7   Thumb Code    34  stm32f37x_exti.o(.text)
    EXTI_ClearITPendingBit                   0x08009bc9   Thumb Code     8  stm32f37x_exti.o(.text)
    GPIO_DeInit                              0x08009bd5   Thumb Code   154  stm32f37x_gpio.o(.text)
    GPIO_Init                                0x08009c6f   Thumb Code   144  stm32f37x_gpio.o(.text)
    GPIO_StructInit                          0x08009cff   Thumb Code    22  stm32f37x_gpio.o(.text)
    GPIO_PinLockConfig                       0x08009d15   Thumb Code    34  stm32f37x_gpio.o(.text)
    GPIO_ReadInputDataBit                    0x08009d37   Thumb Code    18  stm32f37x_gpio.o(.text)
    GPIO_ReadInputData                       0x08009d49   Thumb Code     6  stm32f37x_gpio.o(.text)
    GPIO_ReadOutputDataBit                   0x08009d4f   Thumb Code    18  stm32f37x_gpio.o(.text)
    GPIO_ReadOutputData                      0x08009d61   Thumb Code     6  stm32f37x_gpio.o(.text)
    GPIO_SetBits                             0x08009d67   Thumb Code     4  stm32f37x_gpio.o(.text)
    GPIO_ResetBits                           0x08009d6b   Thumb Code     4  stm32f37x_gpio.o(.text)
    GPIO_WriteBit                            0x08009d6f   Thumb Code    10  stm32f37x_gpio.o(.text)
    GPIO_Write                               0x08009d79   Thumb Code     4  stm32f37x_gpio.o(.text)
    GPIO_PinAFConfig                         0x08009d7d   Thumb Code    70  stm32f37x_gpio.o(.text)
    NVIC_PriorityGroupConfig                 0x08009dd9   Thumb Code    10  stm32f37x_misc.o(.text)
    NVIC_Init                                0x08009de3   Thumb Code   100  stm32f37x_misc.o(.text)
    NVIC_SetVectorTable                      0x08009e47   Thumb Code    14  stm32f37x_misc.o(.text)
    NVIC_SystemLPConfig                      0x08009e55   Thumb Code    34  stm32f37x_misc.o(.text)
    SysTick_CLKSourceConfig                  0x08009e77   Thumb Code    40  stm32f37x_misc.o(.text)
    PWR_DeInit                               0x08009eb5   Thumb Code    22  stm32f37x_pwr.o(.text)
    PWR_BackupAccessCmd                      0x08009ecb   Thumb Code     6  stm32f37x_pwr.o(.text)
    PWR_PVDLevelConfig                       0x08009ed1   Thumb Code    18  stm32f37x_pwr.o(.text)
    PWR_PVDCmd                               0x08009ee3   Thumb Code     6  stm32f37x_pwr.o(.text)
    PWR_WakeUpPinCmd                         0x08009ee9   Thumb Code    26  stm32f37x_pwr.o(.text)
    PWR_SDADCAnalogCmd                       0x08009f03   Thumb Code    26  stm32f37x_pwr.o(.text)
    PWR_EnterSleepMode                       0x08009f1d   Thumb Code    24  stm32f37x_pwr.o(.text)
    PWR_EnterSTOPMode                        0x08009f35   Thumb Code    54  stm32f37x_pwr.o(.text)
    PWR_EnterSTANDBYMode                     0x08009f6b   Thumb Code    42  stm32f37x_pwr.o(.text)
    PWR_GetFlagStatus                        0x08009f95   Thumb Code    20  stm32f37x_pwr.o(.text)
    PWR_ClearFlag                            0x08009fa9   Thumb Code    14  stm32f37x_pwr.o(.text)
    SDADC_DeInit                             0x08009fc5   Thumb Code    76  stm32f37x_sdadc.o(.text)
    SDADC_Init                               0x0800a011   Thumb Code    34  stm32f37x_sdadc.o(.text)
    SDADC_StructInit                         0x0800a033   Thumb Code    12  stm32f37x_sdadc.o(.text)
    SDADC_AINInit                            0x0800a03f   Thumb Code    30  stm32f37x_sdadc.o(.text)
    SDADC_AINStructInit                      0x0800a05d   Thumb Code    12  stm32f37x_sdadc.o(.text)
    SDADC_ChannelConfig                      0x0800a069   Thumb Code    30  stm32f37x_sdadc.o(.text)
    SDADC_Cmd                                0x0800a087   Thumb Code    22  stm32f37x_sdadc.o(.text)
    SDADC_InitModeCmd                        0x0800a09d   Thumb Code    22  stm32f37x_sdadc.o(.text)
    SDADC_FastConversionCmd                  0x0800a0b3   Thumb Code    22  stm32f37x_sdadc.o(.text)
    SDADC_VREFSelect                         0x0800a0c9   Thumb Code    16  stm32f37x_sdadc.o(.text)
    SDADC_CalibrationSequenceConfig          0x0800a0d9   Thumb Code    14  stm32f37x_sdadc.o(.text)
    SDADC_StartCalibration                   0x0800a0e7   Thumb Code    10  stm32f37x_sdadc.o(.text)
    SDADC_ChannelSelect                      0x0800a0f1   Thumb Code    18  stm32f37x_sdadc.o(.text)
    SDADC_ContinuousModeCmd                  0x0800a103   Thumb Code    22  stm32f37x_sdadc.o(.text)
    SDADC_SoftwareStartConv                  0x0800a119   Thumb Code    10  stm32f37x_sdadc.o(.text)
    SDADC_GetConversionValue                 0x0800a123   Thumb Code     8  stm32f37x_sdadc.o(.text)
    SDADC_RegularSynchroSDADC1               0x0800a12b   Thumb Code    22  stm32f37x_sdadc.o(.text)
    SDADC_GetConversionSDADC12Value          0x0800a141   Thumb Code     6  stm32f37x_sdadc.o(.text)
    SDADC_GetConversionSDADC13Value          0x0800a147   Thumb Code     6  stm32f37x_sdadc.o(.text)
    SDADC_SoftwareStartInjectedConv          0x0800a14d   Thumb Code    10  stm32f37x_sdadc.o(.text)
    SDADC_InjectedChannelSelect              0x0800a157   Thumb Code     6  stm32f37x_sdadc.o(.text)
    SDADC_DelayStartInjectedConvCmd          0x0800a15d   Thumb Code    22  stm32f37x_sdadc.o(.text)
    SDADC_InjectedContinuousModeCmd          0x0800a173   Thumb Code    22  stm32f37x_sdadc.o(.text)
    SDADC_ExternalTrigInjectedConvConfig     0x0800a189   Thumb Code    16  stm32f37x_sdadc.o(.text)
    SDADC_ExternalTrigInjectedConvEdgeConfig 0x0800a199   Thumb Code    16  stm32f37x_sdadc.o(.text)
    SDADC_GetInjectedChannel                 0x0800a1a9   Thumb Code    18  stm32f37x_sdadc.o(.text)
    SDADC_GetInjectedConversionValue         0x0800a1bb   Thumb Code    30  stm32f37x_sdadc.o(.text)
    SDADC_InjectedSynchroSDADC1              0x0800a1d9   Thumb Code    22  stm32f37x_sdadc.o(.text)
    SDADC_GetInjectedConversionSDADC12Value  0x0800a1ef   Thumb Code     6  stm32f37x_sdadc.o(.text)
    SDADC_GetInjectedConversionSDADC13Value  0x0800a1f5   Thumb Code     6  stm32f37x_sdadc.o(.text)
    SDADC_PowerDownCmd                       0x0800a1fb   Thumb Code    22  stm32f37x_sdadc.o(.text)
    SDADC_StandbyCmd                         0x0800a211   Thumb Code    22  stm32f37x_sdadc.o(.text)
    SDADC_SlowClockCmd                       0x0800a227   Thumb Code    22  stm32f37x_sdadc.o(.text)
    SDADC_DMAConfig                          0x0800a23d   Thumb Code    18  stm32f37x_sdadc.o(.text)
    SDADC_ITConfig                           0x0800a24f   Thumb Code    18  stm32f37x_sdadc.o(.text)
    SDADC_GetFlagStatus                      0x0800a261   Thumb Code    18  stm32f37x_sdadc.o(.text)
    SDADC_ClearFlag                          0x0800a273   Thumb Code     8  stm32f37x_sdadc.o(.text)
    SDADC_GetITStatus                        0x0800a27b   Thumb Code    34  stm32f37x_sdadc.o(.text)
    SDADC_ClearITPendingBit                  0x0800a29d   Thumb Code     8  stm32f37x_sdadc.o(.text)
    SYSCFG_DeInit                            0x0800a2b9   Thumb Code    44  stm32f37x_syscfg.o(.text)
    SYSCFG_MemoryRemapConfig                 0x0800a2e5   Thumb Code    18  stm32f37x_syscfg.o(.text)
    SYSCFG_DMAChannelRemapConfig             0x0800a2f7   Thumb Code    26  stm32f37x_syscfg.o(.text)
    SYSCFG_I2CFastModePlusConfig             0x0800a311   Thumb Code    26  stm32f37x_syscfg.o(.text)
    SYSCFG_VBATMonitoringCmd                 0x0800a32b   Thumb Code    30  stm32f37x_syscfg.o(.text)
    SYSCFG_ITConfig                          0x0800a349   Thumb Code    26  stm32f37x_syscfg.o(.text)
    SYSCFG_EXTILineConfig                    0x0800a363   Thumb Code    66  stm32f37x_syscfg.o(.text)
    SYSCFG_BreakConfig                       0x0800a3a5   Thumb Code    12  stm32f37x_syscfg.o(.text)
    SYSCFG_GetFlagStatus                     0x0800a3b1   Thumb Code    22  stm32f37x_syscfg.o(.text)
    SYSCFG_ClearFlag                         0x0800a3c7   Thumb Code    12  stm32f37x_syscfg.o(.text)
    TIM_DeInit                               0x0800a3d9   Thumb Code   348  stm32f37x_tim.o(.text)
    TIM_TimeBaseInit                         0x0800a535   Thumb Code   110  stm32f37x_tim.o(.text)
    TIM_TimeBaseStructInit                   0x0800a5a3   Thumb Code    18  stm32f37x_tim.o(.text)
    TIM_PrescalerConfig                      0x0800a5b5   Thumb Code     6  stm32f37x_tim.o(.text)
    TIM_CounterModeConfig                    0x0800a5bb   Thumb Code    18  stm32f37x_tim.o(.text)
    TIM_SetCounter                           0x0800a5cd   Thumb Code     4  stm32f37x_tim.o(.text)
    TIM_SetAutoreload                        0x0800a5d1   Thumb Code     4  stm32f37x_tim.o(.text)
    TIM_GetCounter                           0x0800a5d5   Thumb Code     6  stm32f37x_tim.o(.text)
    TIM_GetPrescaler                         0x0800a5db   Thumb Code     6  stm32f37x_tim.o(.text)
    TIM_UpdateDisableConfig                  0x0800a5e1   Thumb Code    24  stm32f37x_tim.o(.text)
    TIM_UpdateRequestConfig                  0x0800a5f9   Thumb Code    24  stm32f37x_tim.o(.text)
    TIM_ARRPreloadConfig                     0x0800a611   Thumb Code    24  stm32f37x_tim.o(.text)
    TIM_SelectOnePulseMode                   0x0800a629   Thumb Code    18  stm32f37x_tim.o(.text)
    TIM_SetClockDivision                     0x0800a63b   Thumb Code    18  stm32f37x_tim.o(.text)
    TIM_Cmd                                  0x0800a64d   Thumb Code    24  stm32f37x_tim.o(.text)
    TIM_BDTRConfig                           0x0800a665   Thumb Code    38  stm32f37x_tim.o(.text)
    TIM_BDTRStructInit                       0x0800a68b   Thumb Code    18  stm32f37x_tim.o(.text)
    TIM_CtrlPWMOutputs                       0x0800a69d   Thumb Code    30  stm32f37x_tim.o(.text)
    TIM_OC1Init                              0x0800a6bb   Thumb Code   120  stm32f37x_tim.o(.text)
    TIM_OC2Init                              0x0800a733   Thumb Code    82  stm32f37x_tim.o(.text)
    TIM_OC3Init                              0x0800a785   Thumb Code   132  stm32f37x_tim.o(.text)
    TIM_OC4Init                              0x0800a809   Thumb Code    82  stm32f37x_tim.o(.text)
    TIM_OCStructInit                         0x0800a85b   Thumb Code    20  stm32f37x_tim.o(.text)
    TIM_SelectOCxM                           0x0800a86f   Thumb Code    82  stm32f37x_tim.o(.text)
    TIM_SetCompare1                          0x0800a8c1   Thumb Code     4  stm32f37x_tim.o(.text)
    TIM_SetCompare2                          0x0800a8c5   Thumb Code     4  stm32f37x_tim.o(.text)
    TIM_SetCompare3                          0x0800a8c9   Thumb Code     4  stm32f37x_tim.o(.text)
    TIM_SetCompare4                          0x0800a8cd   Thumb Code     4  stm32f37x_tim.o(.text)
    TIM_ForcedOC1Config                      0x0800a8d1   Thumb Code    18  stm32f37x_tim.o(.text)
    TIM_ForcedOC2Config                      0x0800a8e3   Thumb Code    26  stm32f37x_tim.o(.text)
    TIM_ForcedOC3Config                      0x0800a8fd   Thumb Code    18  stm32f37x_tim.o(.text)
    TIM_ForcedOC4Config                      0x0800a90f   Thumb Code    26  stm32f37x_tim.o(.text)
    TIM_CCPreloadControl                     0x0800a929   Thumb Code    24  stm32f37x_tim.o(.text)
    TIM_OC1PreloadConfig                     0x0800a941   Thumb Code    18  stm32f37x_tim.o(.text)
    TIM_OC2PreloadConfig                     0x0800a953   Thumb Code    26  stm32f37x_tim.o(.text)
    TIM_OC3PreloadConfig                     0x0800a96d   Thumb Code    18  stm32f37x_tim.o(.text)
    TIM_OC4PreloadConfig                     0x0800a97f   Thumb Code    26  stm32f37x_tim.o(.text)
    TIM_OC1FastConfig                        0x0800a999   Thumb Code    18  stm32f37x_tim.o(.text)
    TIM_OC2FastConfig                        0x0800a9ab   Thumb Code    26  stm32f37x_tim.o(.text)
    TIM_OC3FastConfig                        0x0800a9c5   Thumb Code    18  stm32f37x_tim.o(.text)
    TIM_OC4FastConfig                        0x0800a9d7   Thumb Code    26  stm32f37x_tim.o(.text)
    TIM_ClearOC1Ref                          0x0800a9f1   Thumb Code    18  stm32f37x_tim.o(.text)
    TIM_ClearOC2Ref                          0x0800aa03   Thumb Code    24  stm32f37x_tim.o(.text)
    TIM_ClearOC3Ref                          0x0800aa1b   Thumb Code    18  stm32f37x_tim.o(.text)
    TIM_ClearOC4Ref                          0x0800aa2d   Thumb Code    24  stm32f37x_tim.o(.text)
    TIM_OC1PolarityConfig                    0x0800aa45   Thumb Code    18  stm32f37x_tim.o(.text)
    TIM_OC1NPolarityConfig                   0x0800aa57   Thumb Code    18  stm32f37x_tim.o(.text)
    TIM_OC2PolarityConfig                    0x0800aa69   Thumb Code    26  stm32f37x_tim.o(.text)
    TIM_OC3PolarityConfig                    0x0800aa83   Thumb Code    26  stm32f37x_tim.o(.text)
    TIM_OC4PolarityConfig                    0x0800aa9d   Thumb Code    26  stm32f37x_tim.o(.text)
    TIM_SelectOCREFClear                     0x0800aab7   Thumb Code    18  stm32f37x_tim.o(.text)
    TIM_CCxCmd                               0x0800aac9   Thumb Code    30  stm32f37x_tim.o(.text)
    TIM_CCxNCmd                              0x0800aae7   Thumb Code    30  stm32f37x_tim.o(.text)
    TIM_SelectCOM                            0x0800ab05   Thumb Code    24  stm32f37x_tim.o(.text)
    TIM_SetIC4Prescaler                      0x0800ab1d   Thumb Code    26  stm32f37x_tim.o(.text)
    TIM_SetIC3Prescaler                      0x0800ab87   Thumb Code    18  stm32f37x_tim.o(.text)
    TIM_SetIC2Prescaler                      0x0800abe1   Thumb Code    26  stm32f37x_tim.o(.text)
    TIM_SetIC1Prescaler                      0x0800ac4b   Thumb Code    18  stm32f37x_tim.o(.text)
    TIM_ICInit                               0x0800ac97   Thumb Code   110  stm32f37x_tim.o(.text)
    TIM_ICStructInit                         0x0800ad05   Thumb Code    18  stm32f37x_tim.o(.text)
    TIM_PWMIConfig                           0x0800ad17   Thumb Code   124  stm32f37x_tim.o(.text)
    TIM_GetCapture1                          0x0800ad93   Thumb Code     6  stm32f37x_tim.o(.text)
    TIM_GetCapture2                          0x0800ad99   Thumb Code     6  stm32f37x_tim.o(.text)
    TIM_GetCapture3                          0x0800ad9f   Thumb Code     6  stm32f37x_tim.o(.text)
    TIM_GetCapture4                          0x0800ada5   Thumb Code     6  stm32f37x_tim.o(.text)
    TIM_ITConfig                             0x0800adab   Thumb Code    18  stm32f37x_tim.o(.text)
    TIM_GenerateEvent                        0x0800adbd   Thumb Code     4  stm32f37x_tim.o(.text)
    TIM_GetFlagStatus                        0x0800adc1   Thumb Code    18  stm32f37x_tim.o(.text)
    TIM_ClearFlag                            0x0800add3   Thumb Code     6  stm32f37x_tim.o(.text)
    TIM_GetITStatus                          0x0800add9   Thumb Code    34  stm32f37x_tim.o(.text)
    TIM_ClearITPendingBit                    0x0800adfb   Thumb Code     6  stm32f37x_tim.o(.text)
    TIM_DMAConfig                            0x0800ae01   Thumb Code    10  stm32f37x_tim.o(.text)
    TIM_DMACmd                               0x0800ae0b   Thumb Code    18  stm32f37x_tim.o(.text)
    TIM_SelectCCDMA                          0x0800ae1d   Thumb Code    24  stm32f37x_tim.o(.text)
    TIM_InternalClockConfig                  0x0800ae35   Thumb Code    12  stm32f37x_tim.o(.text)
    TIM_SelectInputTrigger                   0x0800ae41   Thumb Code    18  stm32f37x_tim.o(.text)
    TIM_ITRxExternalClockConfig              0x0800ae53   Thumb Code    24  stm32f37x_tim.o(.text)
    TIM_TIxExternalClockConfig               0x0800ae6b   Thumb Code    62  stm32f37x_tim.o(.text)
    TIM_ETRConfig                            0x0800aea9   Thumb Code    28  stm32f37x_tim.o(.text)
    TIM_ETRClockMode1Config                  0x0800aec5   Thumb Code    54  stm32f37x_tim.o(.text)
    TIM_ETRClockMode2Config                  0x0800aefb   Thumb Code    32  stm32f37x_tim.o(.text)
    TIM_SelectOutputTrigger                  0x0800af1b   Thumb Code    18  stm32f37x_tim.o(.text)
    TIM_SelectSlaveMode                      0x0800af2d   Thumb Code    18  stm32f37x_tim.o(.text)
    TIM_SelectMasterSlaveMode                0x0800af3f   Thumb Code    18  stm32f37x_tim.o(.text)
    TIM_EncoderInterfaceConfig               0x0800af51   Thumb Code    66  stm32f37x_tim.o(.text)
    TIM_SelectHallSensor                     0x0800af93   Thumb Code    24  stm32f37x_tim.o(.text)
    TIM_RemapConfig                          0x0800afab   Thumb Code     6  stm32f37x_tim.o(.text)
    USART_DeInit                             0x0800afb1   Thumb Code    82  stm32f37x_usart.o(.text)
    USART_Init                               0x0800b003   Thumb Code   196  stm32f37x_usart.o(.text)
    USART_StructInit                         0x0800b0c7   Thumb Code    24  stm32f37x_usart.o(.text)
    USART_ClockInit                          0x0800b0df   Thumb Code    30  stm32f37x_usart.o(.text)
    USART_ClockStructInit                    0x0800b0fd   Thumb Code    12  stm32f37x_usart.o(.text)
    USART_Cmd                                0x0800b109   Thumb Code    22  stm32f37x_usart.o(.text)
    USART_DirectionModeCmd                   0x0800b11f   Thumb Code    18  stm32f37x_usart.o(.text)
    USART_OverSampling8Cmd                   0x0800b131   Thumb Code    22  stm32f37x_usart.o(.text)
    USART_OneBitMethodCmd                    0x0800b147   Thumb Code    22  stm32f37x_usart.o(.text)
    USART_MSBFirstCmd                        0x0800b15d   Thumb Code    22  stm32f37x_usart.o(.text)
    USART_DataInvCmd                         0x0800b173   Thumb Code    22  stm32f37x_usart.o(.text)
    USART_InvPinCmd                          0x0800b189   Thumb Code    18  stm32f37x_usart.o(.text)
    USART_SWAPPinCmd                         0x0800b19b   Thumb Code    22  stm32f37x_usart.o(.text)
    USART_ReceiverTimeOutCmd                 0x0800b1b1   Thumb Code    22  stm32f37x_usart.o(.text)
    USART_SetReceiverTimeOut                 0x0800b1c7   Thumb Code    16  stm32f37x_usart.o(.text)
    USART_SetPrescaler                       0x0800b1d7   Thumb Code    16  stm32f37x_usart.o(.text)
    USART_STOPModeCmd                        0x0800b1e7   Thumb Code    22  stm32f37x_usart.o(.text)
    USART_StopModeWakeUpSourceConfig         0x0800b1fd   Thumb Code    16  stm32f37x_usart.o(.text)
    USART_AutoBaudRateCmd                    0x0800b20d   Thumb Code    22  stm32f37x_usart.o(.text)
    USART_AutoBaudRateConfig                 0x0800b223   Thumb Code    16  stm32f37x_usart.o(.text)
    USART_SendData                           0x0800b233   Thumb Code     8  stm32f37x_usart.o(.text)
    USART_ReceiveData                        0x0800b23b   Thumb Code    10  stm32f37x_usart.o(.text)
    USART_SetAddress                         0x0800b245   Thumb Code    18  stm32f37x_usart.o(.text)
    USART_MuteModeCmd                        0x0800b257   Thumb Code    22  stm32f37x_usart.o(.text)
    USART_MuteModeWakeUpConfig               0x0800b26d   Thumb Code    16  stm32f37x_usart.o(.text)
    USART_AddressDetectionConfig             0x0800b27d   Thumb Code    16  stm32f37x_usart.o(.text)
    USART_LINBreakDetectLengthConfig         0x0800b28d   Thumb Code    16  stm32f37x_usart.o(.text)
    USART_LINCmd                             0x0800b29d   Thumb Code    22  stm32f37x_usart.o(.text)
    USART_HalfDuplexCmd                      0x0800b2b3   Thumb Code    22  stm32f37x_usart.o(.text)
    USART_SetGuardTime                       0x0800b2c9   Thumb Code    16  stm32f37x_usart.o(.text)
    USART_SmartCardCmd                       0x0800b2d9   Thumb Code    22  stm32f37x_usart.o(.text)
    USART_SmartCardNACKCmd                   0x0800b2ef   Thumb Code    22  stm32f37x_usart.o(.text)
    USART_SetAutoRetryCount                  0x0800b305   Thumb Code    18  stm32f37x_usart.o(.text)
    USART_SetBlockLength                     0x0800b317   Thumb Code    18  stm32f37x_usart.o(.text)
    USART_IrDAConfig                         0x0800b329   Thumb Code    16  stm32f37x_usart.o(.text)
    USART_IrDACmd                            0x0800b339   Thumb Code    22  stm32f37x_usart.o(.text)
    USART_DECmd                              0x0800b34f   Thumb Code    22  stm32f37x_usart.o(.text)
    USART_DEPolarityConfig                   0x0800b365   Thumb Code    16  stm32f37x_usart.o(.text)
    USART_SetDEAssertionTime                 0x0800b375   Thumb Code    18  stm32f37x_usart.o(.text)
    USART_SetDEDeassertionTime               0x0800b387   Thumb Code    30  stm32f37x_usart.o(.text)
    USART_DMACmd                             0x0800b3a5   Thumb Code    18  stm32f37x_usart.o(.text)
    USART_DMAReceptionErrorConfig            0x0800b3b7   Thumb Code    16  stm32f37x_usart.o(.text)
    USART_ITConfig                           0x0800b3c7   Thumb Code    58  stm32f37x_usart.o(.text)
    USART_RequestCmd                         0x0800b401   Thumb Code    18  stm32f37x_usart.o(.text)
    USART_OverrunDetectionConfig             0x0800b413   Thumb Code    16  stm32f37x_usart.o(.text)
    USART_GetFlagStatus                      0x0800b423   Thumb Code    18  stm32f37x_usart.o(.text)
    USART_ClearFlag                          0x0800b435   Thumb Code     4  stm32f37x_usart.o(.text)
    USART_GetITStatus                        0x0800b439   Thumb Code    74  stm32f37x_usart.o(.text)
    USART_ClearITPendingBit                  0x0800b483   Thumb Code    18  stm32f37x_usart.o(.text)
    RCC_DeInit                               0x0800b495   Thumb Code    82  stm32f37x_rcc.o(.text)
    RCC_HSEConfig                            0x0800b4e7   Thumb Code    12  stm32f37x_rcc.o(.text)
    RCC_GetFlagStatus                        0x0800b4f3   Thumb Code    54  stm32f37x_rcc.o(.text)
    RCC_WaitForHSEStartUp                    0x0800b529   Thumb Code    56  stm32f37x_rcc.o(.text)
    RCC_AdjustHSICalibrationValue            0x0800b561   Thumb Code    20  stm32f37x_rcc.o(.text)
    RCC_HSICmd                               0x0800b575   Thumb Code     6  stm32f37x_rcc.o(.text)
    RCC_LSEConfig                            0x0800b57b   Thumb Code    32  stm32f37x_rcc.o(.text)
    RCC_LSEDriveConfig                       0x0800b59b   Thumb Code    22  stm32f37x_rcc.o(.text)
    RCC_LSICmd                               0x0800b5b1   Thumb Code     6  stm32f37x_rcc.o(.text)
    RCC_PLLConfig                            0x0800b5b7   Thumb Code    28  stm32f37x_rcc.o(.text)
    RCC_PLLCmd                               0x0800b5d3   Thumb Code     6  stm32f37x_rcc.o(.text)
    RCC_PREDIV1Config                        0x0800b5d9   Thumb Code    18  stm32f37x_rcc.o(.text)
    RCC_ClockSecuritySystemCmd               0x0800b5eb   Thumb Code     6  stm32f37x_rcc.o(.text)
    RCC_MCOConfig                            0x0800b5f1   Thumb Code     6  stm32f37x_rcc.o(.text)
    RCC_SYSCLKConfig                         0x0800b5f7   Thumb Code    18  stm32f37x_rcc.o(.text)
    RCC_GetSYSCLKSource                      0x0800b609   Thumb Code    10  stm32f37x_rcc.o(.text)
    RCC_HCLKConfig                           0x0800b613   Thumb Code    18  stm32f37x_rcc.o(.text)
    RCC_PCLK1Config                          0x0800b625   Thumb Code    18  stm32f37x_rcc.o(.text)
    RCC_PCLK2Config                          0x0800b637   Thumb Code    20  stm32f37x_rcc.o(.text)
    RCC_ADCCLKConfig                         0x0800b64b   Thumb Code    22  stm32f37x_rcc.o(.text)
    RCC_SDADCCLKConfig                       0x0800b661   Thumb Code    22  stm32f37x_rcc.o(.text)
    RCC_CECCLKConfig                         0x0800b677   Thumb Code    22  stm32f37x_rcc.o(.text)
    RCC_I2CCLKConfig                         0x0800b68d   Thumb Code    44  stm32f37x_rcc.o(.text)
    RCC_USARTCLKConfig                       0x0800b6b9   Thumb Code    76  stm32f37x_rcc.o(.text)
    RCC_USBCLKConfig                         0x0800b705   Thumb Code     8  stm32f37x_rcc.o(.text)
    RCC_GetClocksFreq                        0x0800b70d   Thumb Code   550  stm32f37x_rcc.o(.text)
    RCC_RTCCLKConfig                         0x0800b933   Thumb Code    12  stm32f37x_rcc.o(.text)
    RCC_RTCCLKCmd                            0x0800b93f   Thumb Code     6  stm32f37x_rcc.o(.text)
    RCC_BackupResetCmd                       0x0800b945   Thumb Code     8  stm32f37x_rcc.o(.text)
    RCC_AHBPeriphClockCmd                    0x0800b94d   Thumb Code    26  stm32f37x_rcc.o(.text)
    RCC_APB2PeriphClockCmd                   0x0800b967   Thumb Code    26  stm32f37x_rcc.o(.text)
    RCC_APB1PeriphClockCmd                   0x0800b981   Thumb Code    26  stm32f37x_rcc.o(.text)
    RCC_AHBPeriphResetCmd                    0x0800b99b   Thumb Code    26  stm32f37x_rcc.o(.text)
    RCC_APB2PeriphResetCmd                   0x0800b9b5   Thumb Code    26  stm32f37x_rcc.o(.text)
    RCC_APB1PeriphResetCmd                   0x0800b9cf   Thumb Code    26  stm32f37x_rcc.o(.text)
    RCC_ITConfig                             0x0800b9e9   Thumb Code    26  stm32f37x_rcc.o(.text)
    RCC_ClearFlag                            0x0800ba03   Thumb Code    14  stm32f37x_rcc.o(.text)
    RCC_GetITStatus                          0x0800ba11   Thumb Code    20  stm32f37x_rcc.o(.text)
    RCC_ClearITPendingBit                    0x0800ba25   Thumb Code     6  stm32f37x_rcc.o(.text)
    FLASH_SetLatency                         0x0800ba39   Thumb Code    18  stm32f37x_flash.o(.text)
    FLASH_HalfCycleAccessCmd                 0x0800ba4b   Thumb Code    30  stm32f37x_flash.o(.text)
    FLASH_PrefetchBufferCmd                  0x0800ba69   Thumb Code    30  stm32f37x_flash.o(.text)
    FLASH_Unlock                             0x0800ba87   Thumb Code    22  stm32f37x_flash.o(.text)
    FLASH_Lock                               0x0800ba9d   Thumb Code    14  stm32f37x_flash.o(.text)
    FLASH_GetStatus                          0x0800baab   Thumb Code    48  stm32f37x_flash.o(.text)
    FLASH_WaitForLastOperation               0x0800badb   Thumb Code    38  stm32f37x_flash.o(.text)
    FLASH_ErasePage                          0x0800bb01   Thumb Code    70  stm32f37x_flash.o(.text)
    FLASH_EraseAllPages                      0x0800bb47   Thumb Code    66  stm32f37x_flash.o(.text)
    FLASH_ProgramWord                        0x0800bb89   Thumb Code   104  stm32f37x_flash.o(.text)
    FLASH_ProgramHalfWord                    0x0800bbf1   Thumb Code    62  stm32f37x_flash.o(.text)
    FLASH_OB_Unlock                          0x0800bc2f   Thumb Code    22  stm32f37x_flash.o(.text)
    FLASH_OB_Lock                            0x0800bc45   Thumb Code    14  stm32f37x_flash.o(.text)
    FLASH_OB_Launch                          0x0800bc53   Thumb Code    14  stm32f37x_flash.o(.text)
    FLASH_OB_GetRDP                          0x0800bc61   Thumb Code    20  stm32f37x_flash.o(.text)
    FLASH_OB_Erase                           0x0800bc75   Thumb Code   138  stm32f37x_flash.o(.text)
    FLASH_OB_ProgramData                     0x0800bcff   Thumb Code    66  stm32f37x_flash.o(.text)
    FLASH_OB_EnableWRP                       0x0800bd41   Thumb Code   182  stm32f37x_flash.o(.text)
    FLASH_OB_RDPConfig                       0x0800bdf7   Thumb Code   148  stm32f37x_flash.o(.text)
    FLASH_OB_UserConfig                      0x0800be8b   Thumb Code    82  stm32f37x_flash.o(.text)
    FLASH_OB_BOOTConfig                      0x0800bedd   Thumb Code    72  stm32f37x_flash.o(.text)
    FLASH_OB_VDDAConfig                      0x0800bf25   Thumb Code    72  stm32f37x_flash.o(.text)
    FLASH_OB_VDD_SD12Config                  0x0800bf6d   Thumb Code    72  stm32f37x_flash.o(.text)
    FLASH_OB_SRAMParityConfig                0x0800bfb5   Thumb Code    72  stm32f37x_flash.o(.text)
    FLASH_OB_WriteUser                       0x0800bffd   Thumb Code    72  stm32f37x_flash.o(.text)
    FLASH_OB_GetUser                         0x0800c045   Thumb Code    10  stm32f37x_flash.o(.text)
    FLASH_OB_GetWRP                          0x0800c04f   Thumb Code     6  stm32f37x_flash.o(.text)
    FLASH_ITConfig                           0x0800c055   Thumb Code    26  stm32f37x_flash.o(.text)
    FLASH_GetFlagStatus                      0x0800c06f   Thumb Code    20  stm32f37x_flash.o(.text)
    FLASH_ClearFlag                          0x0800c083   Thumb Code     6  stm32f37x_flash.o(.text)
    NVIC_Configuration                       0x0800c091   Thumb Code    12  nvic_systick.o(.text)
    delay_init                               0x0800c09d   Thumb Code    50  nvic_systick.o(.text)
    delay_us                                 0x0800c0cf   Thumb Code    72  nvic_systick.o(.text)
    delay_ms                                 0x0800c117   Thumb Code    72  nvic_systick.o(.text)
    StandbyMode_Measure                      0x0800c171   Thumb Code   352  stm32f37x_lp_modes.o(.text)
    FFT                                      0x0800c311   Thumb Code  2838  stmdataprocess326.o(.text)
    Windows_Filter                           0x0800ce27   Thumb Code   524  stmdataprocess326.o(.text)
    get_formed1024                           0x0800d033   Thumb Code   314  stmdataprocess326.o(.text)
    dealwith_information                     0x0800d16d   Thumb Code  5260  stmdataprocess326.o(.text)
    Adj_V                                    0x0800e5f9   Thumb Code   438  stmdataprocess326.o(.text)
    updata_flash                             0x0800e7bd   Thumb Code   164  flash_data.o(.text)
    Default_flash                            0x0800e861   Thumb Code   532  flash_data.o(.text)
    Init_flash                               0x0800ea75   Thumb Code    70  flash_data.o(.text)
    KEY_LINE_write_high_all                  0x0800eb51   Thumb Code    28  matrixkey.o(.text)
    Init_Keyboard_Interrupt                  0x0800ec03   Thumb Code   358  matrixkey.o(.text)
    OnceSoftKey                              0x0800ed69   Thumb Code    96  matrixkey.o(.text)
    OnceRotaryKey                            0x0800edc9   Thumb Code   108  matrixkey.o(.text)
    ScanKey                                  0x0800ee35   Thumb Code   172  matrixkey.o(.text)
    write_mode                               0x0800ef61   Thumb Code   164  ht1621.o(.text)
    write_command                            0x0800f005   Thumb Code   142  ht1621.o(.text)
    write_address                            0x0800f093   Thumb Code    96  ht1621.o(.text)
    write_data_8bits                         0x0800f0f3   Thumb Code    92  ht1621.o(.text)
    write_data_4bits                         0x0800f14f   Thumb Code    92  ht1621.o(.text)
    lcd_write_4bits                          0x0800f1ab   Thumb Code   120  ht1621.o(.text)
    lcd_write_8bits                          0x0800f223   Thumb Code   132  ht1621.o(.text)
    lcd_write_1bit                           0x0800f2a7   Thumb Code   138  ht1621.o(.text)
    HT1621_Init                              0x0800f331   Thumb Code    94  ht1621.o(.text)
    lcd_clr                                  0x0800f38f   Thumb Code    60  ht1621.o(.text)
    lcd_full_ram                             0x0800f3cb   Thumb Code    56  ht1621.o(.text)
    lcd_full_test                            0x0800f403   Thumb Code    54  ht1621.o(.text)
    lcd_show_data                            0x0800f439   Thumb Code   226  ht1621.o(.text)
    lcd_show_num                             0x0800f51b   Thumb Code  1140  ht1621.o(.text)
    lcd_show_OL                              0x0800f98f   Thumb Code    20  ht1621.o(.text)
    lcd_show_dta_num                         0x0800f9a3   Thumb Code   448  ht1621.o(.text)
    lcd_show_Erro                            0x0800fb63   Thumb Code    20  ht1621.o(.text)
    lcd_show_None                            0x0800fb77   Thumb Code    18  ht1621.o(.text)
    lcd_show_Line                            0x0800fb89   Thumb Code    20  ht1621.o(.text)
    lcd_show_A___                            0x0800fb9d   Thumb Code    20  ht1621.o(.text)
    lcd_show_A__A                            0x0800fbb1   Thumb Code    20  ht1621.o(.text)
    lcd_show_b__b                            0x0800fbc5   Thumb Code    20  ht1621.o(.text)
    lcd_show_C__C                            0x0800fbd9   Thumb Code    20  ht1621.o(.text)
    lcd_show_____                            0x0800fbed   Thumb Code    20  ht1621.o(.text)
    lcd_show_Cal                             0x0800fc01   Thumb Code    20  ht1621.o(.text)
    DTA0660_Init                             0x0800fd57   Thumb Code    52  dta0660.o(.text)
    Check_Calibration                        0x0800fd8b   Thumb Code   186  dta0660.o(.text)
    Send                                     0x0800fe45   Thumb Code   104  dta0660.o(.text)
    CheckReceive                             0x0800fead   Thumb Code    92  dta0660.o(.text)
    ReadDTAValue                             0x0800ff09   Thumb Code  1312  dta0660.o(.text)
    WriteEeprom                              0x08010429   Thumb Code   132  dta0660.o(.text)
    ReadEeprom                               0x080104ad   Thumb Code   136  dta0660.o(.text)
    Self_Calibration                         0x0801068f   Thumb Code   254  dta0660.o(.text)
    PowerOnSelfCheck                         0x0801078d   Thumb Code    18  dta0660.o(.text)
    display_dta0660                          0x0801079f   Thumb Code  1508  dta0660.o(.text)
    FunctionSet                              0x08010d83   Thumb Code    48  dta0660.o(.text)
    RangeSet                                 0x08010db3   Thumb Code    44  dta0660.o(.text)
    BUZZER_LED_Init                          0x08010eeb   Thumb Code    62  buzzer_led.o(.text)
    BUZZER_Open                              0x08010f29   Thumb Code    18  buzzer_led.o(.text)
    BUZZER_Close                             0x08010f3b   Thumb Code    22  buzzer_led.o(.text)
    BUZZER_Toggle                            0x08010f51   Thumb Code    32  buzzer_led.o(.text)
    LED_Open                                 0x08010f71   Thumb Code    14  buzzer_led.o(.text)
    LED_Close                                0x08010f7f   Thumb Code    14  buzzer_led.o(.text)
    LED_Toggle                               0x08010f8d   Thumb Code    32  buzzer_led.o(.text)
    TIM5_2_Compare_Capture_Init              0x08011077   Thumb Code   170  comp.o(.text)
    TIM19_Config                             0x08011131   Thumb Code   118  sdadc.o(.text)
    SDADC1_Config                            0x080111a7   Thumb Code   552  sdadc.o(.text)
    _sys_exit                                0x08011401   Thumb Code     6  uart.o(.text)
    fputc                                    0x08011407   Thumb Code    32  uart.o(.text)
    uart_init                                0x08011427   Thumb Code   160  uart.o(.text)
    TIM12_Config_1s                          0x080114d5   Thumb Code    88  timer.o(.text)
    TIM13_Config_1s_Standby                  0x0801152d   Thumb Code    98  timer.o(.text)
    TIM14_Config_0_5s                        0x0801158f   Thumb Code    98  timer.o(.text)
    DAC_Config                               0x08011601   Thumb Code    96  dac.o(.text)
    Dac1_Set_Vol                             0x08011661   Thumb Code   102  dac.o(.text)
    PowerControl_Init                        0x080116dd   Thumb Code    94  powercontrol.o(.text)
    Power_On_Voltage                         0x0801173b   Thumb Code    14  powercontrol.o(.text)
    Power_Off_Voltage                        0x08011749   Thumb Code    14  powercontrol.o(.text)
    Power_On_Current                         0x08011757   Thumb Code    14  powercontrol.o(.text)
    Power_Off_Current                        0x08011765   Thumb Code    14  powercontrol.o(.text)
    Power_On_Bt                              0x08011773   Thumb Code    14  powercontrol.o(.text)
    Power_Off_Bt                             0x08011781   Thumb Code    14  powercontrol.o(.text)
    Power_On_VDD                             0x0801178f   Thumb Code    14  powercontrol.o(.text)
    Power_Off_VDD                            0x0801179d   Thumb Code    30  powercontrol.o(.text)
    arm_cmplx_mag_f32                        0x080117c1   Thumb Code   236  arm_cmplx_mag_f32.o(.text)
    arm_bitreversal_f32                      0x080118b1   Thumb Code   176  arm_cfft_radix4_f32.o(.text)
    arm_radix4_butterfly_f32                 0x08011961   Thumb Code   836  arm_cfft_radix4_f32.o(.text)
    arm_radix4_butterfly_inverse_f32         0x08011ca5   Thumb Code   868  arm_cfft_radix4_f32.o(.text)
    arm_cfft_radix4_f32                      0x08012009   Thumb Code    58  arm_cfft_radix4_f32.o(.text)
    arm_cfft_radix4_init_f32                 0x08012045   Thumb Code   146  arm_cfft_radix4_init_f32.o(.text)
    tolower                                  0x08012105   Thumb Code    12  tolower.o(.text)
    __aeabi_memset                           0x08012111   Thumb Code    14  memseta.o(.text)
    __aeabi_memset4                          0x08012111   Thumb Code     0  memseta.o(.text)
    __aeabi_memset8                          0x08012111   Thumb Code     0  memseta.o(.text)
    __aeabi_memclr                           0x0801211f   Thumb Code     4  memseta.o(.text)
    __aeabi_memclr4                          0x0801211f   Thumb Code     0  memseta.o(.text)
    __aeabi_memclr8                          0x0801211f   Thumb Code     0  memseta.o(.text)
    _memset$wrapper                          0x08012123   Thumb Code    18  memseta.o(.text)
    strcat                                   0x08012135   Thumb Code    24  strcat.o(.text)
    strcmp                                   0x0801214d   Thumb Code    28  strcmp.o(.text)
    strcpy                                   0x08012169   Thumb Code    18  strcpy.o(.text)
    __aeabi_dadd                             0x0801217b   Thumb Code   322  dadd.o(.text)
    __aeabi_dsub                             0x080122bd   Thumb Code     6  dadd.o(.text)
    __aeabi_drsub                            0x080122c3   Thumb Code     6  dadd.o(.text)
    __aeabi_dmul                             0x080122c9   Thumb Code   228  dmul.o(.text)
    __aeabi_ddiv                             0x080123ad   Thumb Code   222  ddiv.o(.text)
    __aeabi_l2f                              0x0801248b   Thumb Code    44  ffltl.o(.text)
    __aeabi_d2uiz                            0x080124b7   Thumb Code    50  dfixui.o(.text)
    __aeabi_f2d                              0x080124e9   Thumb Code    38  f2d.o(.text)
    __aeabi_cdcmpeq                          0x08012511   Thumb Code     0  cdcmple.o(.text)
    __aeabi_cdcmple                          0x08012511   Thumb Code    48  cdcmple.o(.text)
    __aeabi_cdrcmple                         0x08012541   Thumb Code    48  cdrcmple.o(.text)
    __aeabi_d2f                              0x08012571   Thumb Code    56  d2f.o(.text)
    __aeabi_uidiv                            0x080125a9   Thumb Code     0  uidiv.o(.text)
    __aeabi_uidivmod                         0x080125a9   Thumb Code    44  uidiv.o(.text)
    __aeabi_uldivmod                         0x080125d5   Thumb Code    98  uldiv.o(.text)
    __aeabi_llsl                             0x08012637   Thumb Code    30  llshl.o(.text)
    _ll_shift_l                              0x08012637   Thumb Code     0  llshl.o(.text)
    __aeabi_llsr                             0x08012655   Thumb Code    32  llushr.o(.text)
    _ll_ushift_r                             0x08012655   Thumb Code     0  llushr.o(.text)
    __aeabi_lasr                             0x08012675   Thumb Code    36  llsshr.o(.text)
    _ll_sshift_r                             0x08012675   Thumb Code     0  llsshr.o(.text)
    __I$use$fp                               0x08012699   Thumb Code     0  iusefp.o(.text)
    _float_round                             0x08012699   Thumb Code    18  fepilogue.o(.text)
    _float_epilogue                          0x080126ab   Thumb Code    92  fepilogue.o(.text)
    _double_round                            0x08012707   Thumb Code    30  depilogue.o(.text)
    _double_epilogue                         0x08012725   Thumb Code   156  depilogue.o(.text)
    __ARM_scalbn                             0x080127c1   Thumb Code    46  dscalb.o(.text)
    scalbn                                   0x080127c1   Thumb Code     0  dscalb.o(.text)
    _dsqrt                                   0x080127ef   Thumb Code   162  dsqrt.o(.text)
    __aeabi_i2d                              0x08012891   Thumb Code    34  dflti.o(.text)
    __aeabi_d2iz                             0x080128b3   Thumb Code    62  dfixi.o(.text)
    __aeabi_d2ulz                            0x080128f1   Thumb Code    48  dfixul.o(.text)
    __scatterload                            0x08012921   Thumb Code    28  init.o(.text)
    __scatterload_rt2                        0x08012921   Thumb Code     0  init.o(.text)
    __aeabi_ui2d                             0x08012945   Thumb Code    26  dfltui.o(.text)
    __decompress                             0x0801295f   Thumb Code     0  __dczerorl2.o(.text)
    __decompress1                            0x0801295f   Thumb Code    86  __dczerorl2.o(.text)
    __0printf                                0x080129b5   Thumb Code    22  printfa.o(i.__0printf)
    __1printf                                0x080129b5   Thumb Code     0  printfa.o(i.__0printf)
    __2printf                                0x080129b5   Thumb Code     0  printfa.o(i.__0printf)
    __c89printf                              0x080129b5   Thumb Code     0  printfa.o(i.__0printf)
    printf                                   0x080129b5   Thumb Code     0  printfa.o(i.__0printf)
    __0sprintf                               0x080129d5   Thumb Code    34  printfa.o(i.__0sprintf)
    __1sprintf                               0x080129d5   Thumb Code     0  printfa.o(i.__0sprintf)
    __2sprintf                               0x080129d5   Thumb Code     0  printfa.o(i.__0sprintf)
    __c89sprintf                             0x080129d5   Thumb Code     0  printfa.o(i.__0sprintf)
    sprintf                                  0x080129d5   Thumb Code     0  printfa.o(i.__0sprintf)
    __ARM_fpclassify                         0x080129fd   Thumb Code    48  fpclassify.o(i.__ARM_fpclassify)
    __hardfp_atan                            0x08012a31   Thumb Code   622  atan.o(i.__hardfp_atan)
    __hardfp_atan2                           0x08012d09   Thumb Code   432  atan2.o(i.__hardfp_atan2)
    __hardfp_cos                             0x08012ef9   Thumb Code   180  cos.o(i.__hardfp_cos)
    __hardfp_exp                             0x08012fc1   Thumb Code   714  exp.o(i.__hardfp_exp)
    __hardfp_fabs                            0x08013319   Thumb Code    20  fabs.o(i.__hardfp_fabs)
    __hardfp_log                             0x08013331   Thumb Code   872  log.o(i.__hardfp_log)
    __hardfp_pow                             0x080136f9   Thumb Code  3072  pow.o(i.__hardfp_pow)
    __hardfp_sqrt                            0x08014349   Thumb Code   122  sqrt.o(i.__hardfp_sqrt)
    __ieee754_rem_pio2                       0x080143c9   Thumb Code   938  rred.o(i.__ieee754_rem_pio2)
    __kernel_cos                             0x08014801   Thumb Code   322  cos_i.o(i.__kernel_cos)
    __kernel_poly                            0x08014971   Thumb Code   248  poly.o(i.__kernel_poly)
    __kernel_sin                             0x08014a69   Thumb Code   280  sin_i.o(i.__kernel_sin)
    __mathlib_dbl_divzero                    0x08014b99   Thumb Code    28  dunder.o(i.__mathlib_dbl_divzero)
    __mathlib_dbl_infnan                     0x08014bc9   Thumb Code    20  dunder.o(i.__mathlib_dbl_infnan)
    __mathlib_dbl_infnan2                    0x08014bdd   Thumb Code    20  dunder.o(i.__mathlib_dbl_infnan2)
    __mathlib_dbl_invalid                    0x08014bf1   Thumb Code    24  dunder.o(i.__mathlib_dbl_invalid)
    __mathlib_dbl_overflow                   0x08014c11   Thumb Code    24  dunder.o(i.__mathlib_dbl_overflow)
    __mathlib_dbl_underflow                  0x08014c31   Thumb Code    24  dunder.o(i.__mathlib_dbl_underflow)
    __scatterload_copy                       0x08014c51   Thumb Code    14  handlers.o(i.__scatterload_copy)
    __scatterload_null                       0x08014c5f   Thumb Code     2  handlers.o(i.__scatterload_null)
    __scatterload_zeroinit                   0x08014c61   Thumb Code    14  handlers.o(i.__scatterload_zeroinit)
    __set_errno                              0x08014c71   Thumb Code     6  errno.o(i.__set_errno)
    atan                                     0x08015519   Thumb Code    16  atan.o(i.atan)
    fabs                                     0x08015529   Thumb Code    24  fabs.o(i.fabs)
    sqrt                                     0x08015541   Thumb Code   110  sqrt.o(i.sqrt)
    DAT                                      0x080155ae   Data           1  ht1621.o(.constdata)
    COM                                      0x080155af   Data           1  ht1621.o(.constdata)
    char_tab                                 0x080155b0   Data          10  ht1621.o(.constdata)
    eeprom_init                              0x080155ba   Data         256  dta0660.o(.constdata)
    armBitRevTable                           0x0801d6bc   Data        2048  arm_common_tables.o(.constdata)
    __mathlib_zero                           0x0801e0a0   Data           8  qnan.o(.constdata)
    Region$$Table$$Base                      0x0801e628   Number         0  anon$$obj.o(Region$$Table)
    Region$$Table$$Limit                     0x0801e648   Number         0  anon$$obj.o(Region$$Table)
    Is_Cal_Mode                              0x20000000   Data           1  main.o(.data)
    count_for_Standby                        0x20000002   Data           2  main.o(.data)
    SysValue                                 0x20000004   Data           4  main.o(.data)
    funcstatus                               0x20000008   Data           1  uservainteraction.o(.data)
    btstatus                                 0x20000009   Data           1  uservainteraction.o(.data)
    max_minstatus                            0x2000000a   Data           1  uservainteraction.o(.data)
    peakstatus                               0x2000000b   Data           1  uservainteraction.o(.data)
    relstatus                                0x2000000c   Data           1  uservainteraction.o(.data)
    phasestatus                              0x2000000d   Data           1  uservainteraction.o(.data)
    rangestatus                              0x2000000e   Data           1  uservainteraction.o(.data)
    paramstatus                              0x2000000f   Data           1  uservainteraction.o(.data)
    holdstatus                               0x20000010   Data           1  uservainteraction.o(.data)
    lightstatus                              0x20000011   Data           1  uservainteraction.o(.data)
    longparamstatus                          0x20000012   Data           1  uservainteraction.o(.data)
    autostatus                               0x20000013   Data           1  uservainteraction.o(.data)
    phaseABCstatus                           0x20000014   Data           1  uservainteraction.o(.data)
    Sysflag                                  0x20000015   Data           3  uservainteraction.o(.data)
    blink                                    0x20000018   Data           1  uservainteraction.o(.data)
    max_data1                                0x2000001c   Data           4  uservainteraction.o(.data)
    min_data1                                0x20000020   Data           4  uservainteraction.o(.data)
    max_data2                                0x20000024   Data           4  uservainteraction.o(.data)
    min_data2                                0x20000028   Data           4  uservainteraction.o(.data)
    rel_data1                                0x2000002c   Data           4  uservainteraction.o(.data)
    rel_data2                                0x20000030   Data           4  uservainteraction.o(.data)
    abcde                                    0x20000034   Data           4  uservainteraction.o(.data)
    TphaseTime                               0x20000038   Data           4  uservainteraction.o(.data)
    apparent_power1                          0x2000003c   Data           4  uservainteraction.o(.data)
    active_power1                            0x20000040   Data           4  uservainteraction.o(.data)
    reactive_power1                          0x20000044   Data           4  uservainteraction.o(.data)
    apparent_power2                          0x20000048   Data           4  uservainteraction.o(.data)
    active_power2                            0x2000004c   Data           4  uservainteraction.o(.data)
    reactive_power2                          0x20000050   Data           4  uservainteraction.o(.data)
    apparent_power3                          0x20000054   Data           4  uservainteraction.o(.data)
    active_power3                            0x20000058   Data           4  uservainteraction.o(.data)
    reactive_power3                          0x2000005c   Data           4  uservainteraction.o(.data)
    apparent_power_sum123                    0x20000060   Data           4  uservainteraction.o(.data)
    active_power_sum123                      0x20000064   Data           4  uservainteraction.o(.data)
    reactive_power_sum123                    0x20000068   Data           4  uservainteraction.o(.data)
    size                                     0x2000006c   Data           1  uservainteraction.o(.data)
    phasetimetemp                            0x20000070   Data           4  uservainteraction.o(.data)
    propershow                               0x20000074   Data           1  uservainteraction.o(.data)
    showdata1                                0x20000078   Data           4  uservainteraction.o(.data)
    showdata2                                0x2000007c   Data           4  uservainteraction.o(.data)
    read_dta_data                            0x20000080   Data           4  uservainteraction.o(.data)
    read_dta_data1                           0x20000084   Data           4  uservainteraction.o(.data)
    readstmdata1                             0x20000088   Data           4  uservainteraction.o(.data)
    readstmdata2                             0x2000008c   Data           4  uservainteraction.o(.data)
    temp_for_over_voltage                    0x20000090   Data           4  uservainteraction.o(.data)
    abs_readstmdata1                         0x20000094   Data           4  uservainteraction.o(.data)
    readstmdata2_temp                        0x20000098   Data           4  uservainteraction.o(.data)
    delay_count                              0x2000009c   Data           1  uservainteraction.o(.data)
    rangenum                                 0x2000009d   Data           1  uservainteraction.o(.data)
    REL_voltage_effective                    0x200000a0   Data           4  uservainteraction.o(.data)
    REL_voltage_mean                         0x200000a4   Data           4  uservainteraction.o(.data)
    REL_current_effective                    0x200000a8   Data           4  uservainteraction.o(.data)
    REL_current_mean                         0x200000ac   Data           4  uservainteraction.o(.data)
    Hz_value                                 0x200000b0   Data           4  uservainteraction.o(.data)
    VmV_value                                0x200000b4   Data           4  uservainteraction.o(.data)
    ohm_value                                0x200000b8   Data           4  uservainteraction.o(.data)
    Cap_value                                0x200000bc   Data           4  uservainteraction.o(.data)
    temp_value                               0x200000c0   Data           4  uservainteraction.o(.data)
    Rx2Counter                               0x200000c4   Data           1  stm32f37x_it.o(.data)
    Flag_Rx2End                              0x200000c5   Data           1  stm32f37x_it.o(.data)
    Rx2Reset                                 0x200000c6   Data           1  stm32f37x_it.o(.data)
    ReadValue                                0x200000c8   Data           4  stm32f37x_it.o(.data)
    ReadValue_before                         0x200000cc   Data           4  stm32f37x_it.o(.data)
    ReadValue1                               0x200000d0   Data           4  stm32f37x_it.o(.data)
    ReadValue_before1                        0x200000d4   Data           4  stm32f37x_it.o(.data)
    CaptureNumber                            0x200000d8   Data           4  stm32f37x_it.o(.data)
    CaptureNumber1                           0x200000dc   Data           4  stm32f37x_it.o(.data)
    Capture                                  0x200000e0   Data           4  stm32f37x_it.o(.data)
    Capture1                                 0x200000e4   Data           4  stm32f37x_it.o(.data)
    TIM2Freq                                 0x200000e8   Data           4  stm32f37x_it.o(.data)
    TIM5Freq                                 0x200000ec   Data           4  stm32f37x_it.o(.data)
    coe                                      0x200000f0   Data          12  stm32f37x_it.o(.data)
    coe_sum                                  0x200000fc   Data           1  stm32f37x_it.o(.data)
    capture                                  0x20000100   Data           4  stm32f37x_it.o(.data)
    capstats                                 0x20000104   Data           4  stm32f37x_it.o(.data)
    TIM2_cap1                                0x20000108   Data           4  stm32f37x_it.o(.data)
    TIM2_cap2                                0x2000010c   Data           4  stm32f37x_it.o(.data)
    TIM2_cap3                                0x20000110   Data           4  stm32f37x_it.o(.data)
    TIM5_cap1                                0x20000114   Data           4  stm32f37x_it.o(.data)
    TIM5_cap2                                0x20000118   Data           4  stm32f37x_it.o(.data)
    TIM5_cap3                                0x2000011c   Data           4  stm32f37x_it.o(.data)
    dta_temp                                 0x20000120   Data           1  stm32f37x_it.o(.data)
    cs_temp                                  0x20000121   Data           1  stm32f37x_it.o(.data)
    rdy                                      0x20000122   Data           1  stm32f37x_it.o(.data)
    iii                                      0x20000123   Data           1  stm32f37x_it.o(.data)
    jjj                                      0x20000124   Data           1  stm32f37x_it.o(.data)
    SDADC1testread                           0x20000128   Data           4  stm32f37x_it.o(.data)
    SystemCoreClock                          0x20000130   Data           4  system_stm32f37x.o(.data)
    AHBPrescTable                            0x20000134   Data          16  system_stm32f37x.o(.data)
    CMDmap1                                  0x20000144   Data         200  comm.o(.data)
    CMDmap2                                  0x2000020c   Data         400  comm.o(.data)
    CMDmap3                                  0x2000039c   Data          40  comm.o(.data)
    CalA_point                               0x200003c4   Data          32  cala.o(.data)
    count_for_ac                             0x20000410   Data           2  stmdataprocess326.o(.data)
    fftSize                                  0x20000412   Data           2  stmdataprocess326.o(.data)
    ifftFlag                                 0x20000414   Data           1  stmdataprocess326.o(.data)
    doBitReverse                             0x20000415   Data           1  stmdataprocess326.o(.data)
    refIndex                                 0x20000418   Data           4  stmdataprocess326.o(.data)
    testIndex                                0x2000041c   Data           4  stmdataprocess326.o(.data)
    iiflag                                   0x20000420   Data           4  stmdataprocess326.o(.data)
    key                                      0x20000424   Data           1  stmdataprocess326.o(.data)
    page                                     0x20000425   Data           1  stmdataprocess326.o(.data)
    t                                        0x20000426   Data           2  stmdataprocess326.o(.data)
    count                                    0x20000428   Data           1  stmdataprocess326.o(.data)
    fft_count                                0x20000429   Data           1  stmdataprocess326.o(.data)
    addcount                                 0x2000042a   Data           1  stmdataprocess326.o(.data)
    datasize                                 0x2000042c   Data           2  stmdataprocess326.o(.data)
    inrush_current_100ms_count               0x2000042e   Data           2  stmdataprocess326.o(.data)
    pause_flag                               0x20000430   Data           1  stmdataprocess326.o(.data)
    af_flag                                  0x20000431   Data           1  stmdataprocess326.o(.data)
    r_or_f_flag                              0x20000432   Data           1  stmdataprocess326.o(.data)
    adjust_flag                              0x20000433   Data           1  stmdataprocess326.o(.data)
    inrush_trigger_flag                      0x20000434   Data           1  stmdataprocess326.o(.data)
    collect_finished                         0x20000435   Data           1  stmdataprocess326.o(.data)
    voltage_capture_finished                 0x20000436   Data           1  stmdataprocess326.o(.data)
    current_capture_finished                 0x20000437   Data           1  stmdataprocess326.o(.data)
    voltage_effective                        0x20000438   Data           4  stmdataprocess326.o(.data)
    current_effective                        0x2000043c   Data           4  stmdataprocess326.o(.data)
    inrush_current_effective_100ms           0x20000440   Data           4  stmdataprocess326.o(.data)
    inrush_current_effective_100ms_sum       0x20000444   Data           4  stmdataprocess326.o(.data)
    maxv_value                               0x20000448   Data           4  stmdataprocess326.o(.data)
    maxi_value                               0x2000044c   Data           4  stmdataprocess326.o(.data)
    minv_value                               0x20000450   Data           4  stmdataprocess326.o(.data)
    mini_value                               0x20000454   Data           4  stmdataprocess326.o(.data)
    voltage_cf                               0x20000458   Data           4  stmdataprocess326.o(.data)
    current_cf                               0x2000045c   Data           4  stmdataprocess326.o(.data)
    apparent_power                           0x20000460   Data           4  stmdataprocess326.o(.data)
    active_power                             0x20000464   Data           4  stmdataprocess326.o(.data)
    reactive_power                           0x20000468   Data           4  stmdataprocess326.o(.data)
    kWh                                      0x2000046c   Data           4  stmdataprocess326.o(.data)
    kVAh                                     0x20000470   Data           4  stmdataprocess326.o(.data)
    kVarh                                    0x20000474   Data           4  stmdataprocess326.o(.data)
    KgCO2                                    0x20000478   Data           4  stmdataprocess326.o(.data)
    power_factor                             0x2000047c   Data           4  stmdataprocess326.o(.data)
    d_power_factor                           0x20000480   Data           4  stmdataprocess326.o(.data)
    THD_r_voltage                            0x20000484   Data           4  stmdataprocess326.o(.data)
    THD_f_voltage                            0x20000488   Data           4  stmdataprocess326.o(.data)
    THD_r_current                            0x2000048c   Data           4  stmdataprocess326.o(.data)
    THD_f_current                            0x20000490   Data           4  stmdataprocess326.o(.data)
    THD_r_power                              0x20000494   Data           4  stmdataprocess326.o(.data)
    THD_f_power                              0x20000498   Data           4  stmdataprocess326.o(.data)
    maxv                                     0x2000049c   Data           4  stmdataprocess326.o(.data)
    maxi                                     0x200004a0   Data           4  stmdataprocess326.o(.data)
    minv                                     0x200004a4   Data           4  stmdataprocess326.o(.data)
    mini                                     0x200004a8   Data           4  stmdataprocess326.o(.data)
    voltage_peak_value                       0x200004ac   Data           4  stmdataprocess326.o(.data)
    current_peak_value                       0x200004b0   Data           4  stmdataprocess326.o(.data)
    voltage_foudamental_effective            0x200004b4   Data           4  stmdataprocess326.o(.data)
    current_foudamental_effective            0x200004b8   Data           4  stmdataprocess326.o(.data)
    power_foudamental_effective              0x200004bc   Data           4  stmdataprocess326.o(.data)
    THDV2sum                                 0x200004c0   Data           4  stmdataprocess326.o(.data)
    THDA2sum                                 0x200004c4   Data           4  stmdataprocess326.o(.data)
    THDP2sum                                 0x200004c8   Data           4  stmdataprocess326.o(.data)
    voltage_foudamental_phase                0x200004cc   Data           4  stmdataprocess326.o(.data)
    current_foudamental_phase                0x200004d0   Data           4  stmdataprocess326.o(.data)
    power_foudamental_phase                  0x200004d4   Data           4  stmdataprocess326.o(.data)
    voltage_fundamental_frequency            0x200004d8   Data           4  stmdataprocess326.o(.data)
    current_fundamental_frequency            0x200004dc   Data           4  stmdataprocess326.o(.data)
    voltage_effective_sum                    0x200004e0   Data           4  stmdataprocess326.o(.data)
    current_effective_sum                    0x200004e4   Data           4  stmdataprocess326.o(.data)
    active_power_sum                         0x200004e8   Data           4  stmdataprocess326.o(.data)
    voltage_mean                             0x200004ec   Data           4  stmdataprocess326.o(.data)
    current_mean                             0x200004f0   Data           4  stmdataprocess326.o(.data)
    voltage_mean_temp                        0x200004f4   Data           4  stmdataprocess326.o(.data)
    current_mean_temp                        0x200004f8   Data           4  stmdataprocess326.o(.data)
    Window_num                               0x200004fc   Data           1  stmdataprocess326.o(.data)
    timer_1s_blink                           0x200004fd   Data           1  stmdataprocess326.o(.data)
    powertimercounter                        0x200004fe   Data           2  stmdataprocess326.o(.data)
    kWh_sum                                  0x20000500   Data           4  stmdataprocess326.o(.data)
    kVAh_sum                                 0x20000504   Data           4  stmdataprocess326.o(.data)
    kVarh_sum                                0x20000508   Data           4  stmdataprocess326.o(.data)
    KgCO2_sum                                0x2000050c   Data           4  stmdataprocess326.o(.data)
    VadENA                                   0x20000510   Data           1  stmdataprocess326.o(.data)
    testAdjV                                 0x20000514   Data           4  stmdataprocess326.o(.data)
    Current_multiplication                   0x20000518   Data           4  stmdataprocess326.o(.data)
    EraseCounter                             0x2000051c   Data           4  flash_data.o(.data)
    Address                                  0x20000520   Data           4  flash_data.o(.data)
    NbrOfPage                                0x20000524   Data           4  flash_data.o(.data)
    FLASHStatus                              0x20000528   Data           1  flash_data.o(.data)
    RotaryKeyChanged_flag                    0x20000529   Data           1  matrixkey.o(.data)
    SoftKeyChanged_flag                      0x2000052a   Data           1  matrixkey.o(.data)
    ShortKey_flag                            0x2000052b   Data           1  matrixkey.o(.data)
    LongKey_flag                             0x2000052c   Data           1  matrixkey.o(.data)
    KeyValue                                 0x2000052d   Data           1  matrixkey.o(.data)
    RotaryKeyValue                           0x2000052e   Data           1  matrixkey.o(.data)
    RotaryKeyValue_before                    0x2000052f   Data           1  matrixkey.o(.data)
    SoftKeyValue                             0x20000530   Data           1  matrixkey.o(.data)
    SoftKeyValue_before                      0x20000531   Data           1  matrixkey.o(.data)
    oncekey                                  0x20000532   Data           1  matrixkey.o(.data)
    RxCounter                                0x20000538   Data           1  dta0660.o(.data)
    dta_cs                                   0x20000539   Data           1  dta0660.o(.data)
    dta_receive_flag                         0x2000053a   Data           1  dta0660.o(.data)
    check_flag                               0x2000053b   Data           1  dta0660.o(.data)
    receive_data                             0x2000053c   Data           4  dta0660.o(.data)
    receive_f                                0x20000540   Data           4  dta0660.o(.data)
    receive_f1                               0x20000544   Data           4  dta0660.o(.data)
    funcnum                                  0x20000548   Data           1  dta0660.o(.data)
    longshort                                0x20000549   Data           1  buzzer_led.o(.data)
    TIM5CH4_CAPTURE_STA                      0x2000054c   Data           2  comp.o(.data)
    TIM5CH4_CAPTURE_VAL                      0x20000550   Data           4  comp.o(.data)
    CCR4_Val                                 0x20000554   Data           4  comp.o(.data)
    DMA2_MEM_LEN                             0x20000558   Data           2  sdadc.o(.data)
    SAMPLING_FREQ                            0x2000055a   Data           2  sdadc.o(.data)
    __stdout                                 0x2000055c   Data           4  uart.o(.data)
    USART_RX_STA                             0x20000560   Data           2  uart.o(.data)
    powertimer                               0x20000562   Data           2  timer.o(.data)
    powertimer_1s_flag                       0x20000564   Data           1  timer.o(.data)
    powertimer_0_5s_flag                     0x20000565   Data           1  timer.o(.data)
    timer_1s_flag_for_Standby                0x20000566   Data           1  timer.o(.data)
    Rx2Buffer                                0x2000056c   Data         128  stm32f37x_it.o(.bss)
    Frequency                                0x200005ec   Data          48  stm32f37x_it.o(.bss)
    Frequency1                               0x2000061c   Data          48  stm32f37x_it.o(.bss)
    tempR                                    0x20000650   Data          50  comm.o(.bss)
    tempS                                    0x20000682   Data          50  comm.o(.bss)
    tempT                                    0x200006b4   Data          50  comm.o(.bss)
    tempU                                    0x200006e6   Data          50  comm.o(.bss)
    tempV                                    0x20000718   Data          50  comm.o(.bss)
    tempW                                    0x2000074a   Data          50  comm.o(.bss)
    tp                                       0x20000780   Data          48  comm.o(.bss)
    CalA_temp                                0x200007b0   Data          32  cala.o(.bss)
    phase_angle                              0x200007d0   Data        2048  stmdataprocess326.o(.bss)
    THD                                      0x20000fd0   Data        2048  stmdataprocess326.o(.bss)
    RAMsave                                  0x200017d0   Data        9216  stmdataprocess326.o(.bss)
    SDADC1_value                             0x20003bd0   Data        4096  stmdataprocess326.o(.bss)
    SDADC2_value                             0x20004bd0   Data        4096  stmdataprocess326.o(.bss)
    POWER_value                              0x20005bd0   Data        4096  stmdataprocess326.o(.bss)
    voltage_effective_tab                    0x20006bd0   Data          20  stmdataprocess326.o(.bss)
    current_effective_tab                    0x20006be4   Data          20  stmdataprocess326.o(.bss)
    active_power_tab                         0x20006bf8   Data          20  stmdataprocess326.o(.bss)
    voltage_mean_tab                         0x20006c0c   Data          80  stmdataprocess326.o(.bss)
    current_mean_tab                         0x20006c5c   Data          20  stmdataprocess326.o(.bss)
    SaveData                                 0x20006c70   Data         360  flash_data.o(.bss)
    lcd_show_ram                             0x20006dd8   Data          16  ht1621.o(.bss)
    RxBuffer                                 0x20006de8   Data          32  dta0660.o(.bss)
    __initial_sp                             0x20007608   Data           0  startup_stm32f37x.o(STACK)



==============================================================================

Memory Map of the image

  Image Entry point : 0x08000189

  Load Region LR_IROM1 (Base: 0x08000000, Size: 0x0001ebb4, Max: 0x00040000, ABSOLUTE, COMPRESSED[0x0001e818])

    Execution Region ER_IROM1 (Base: 0x08000000, Size: 0x0001e648, Max: 0x00040000, ABSOLUTE)

    Base Addr    Size         Type   Attr      Idx    E Section Name        Object

    0x08000000   0x00000188   Data   RO          379    RESET               startup_stm32f37x.o
    0x08000188   0x00000000   Code   RO         1368  * .ARM.Collect$$$$00000000  mc_w.l(entry.o)
    0x08000188   0x00000004   Code   RO         1707    .ARM.Collect$$$$00000001  mc_w.l(entry2.o)
    0x0800018c   0x00000004   Code   RO         1710    .ARM.Collect$$$$00000004  mc_w.l(entry5.o)
    0x08000190   0x00000000   Code   RO         1712    .ARM.Collect$$$$00000008  mc_w.l(entry7b.o)
    0x08000190   0x00000000   Code   RO         1714    .ARM.Collect$$$$0000000A  mc_w.l(entry8b.o)
    0x08000190   0x00000008   Code   RO         1715    .ARM.Collect$$$$0000000B  mc_w.l(entry9a.o)
    0x08000198   0x00000000   Code   RO         1717    .ARM.Collect$$$$0000000D  mc_w.l(entry10a.o)
    0x08000198   0x00000000   Code   RO         1719    .ARM.Collect$$$$0000000F  mc_w.l(entry11a.o)
    0x08000198   0x00000004   Code   RO         1708    .ARM.Collect$$$$00002712  mc_w.l(entry2.o)
    0x0800019c   0x00000120   Code   RO            4    .text               main.o
    0x080002bc   0x00007370   Code   RO          207    .text               uservainteraction.o
    0x0800762c   0x00000658   Code   RO          245    .text               stm32f37x_it.o
    0x08007c84   0x00000248   Code   RO          277    .text               system_stm32f37x.o
    0x08007ecc   0x000011b0   Code   RO          307    .text               comm.o
    0x0800907c   0x0000051c   Code   RO          344    .text               cala.o
    0x08009598   0x00000024   Code   RO          380    .text               startup_stm32f37x.o
    0x080095bc   0x000000d4   Code   RO          387    .text               stm32f37x_comp.o
    0x08009690   0x000001d4   Code   RO          411    .text               stm32f37x_dac.o
    0x08009864   0x00000254   Code   RO          435    .text               stm32f37x_dma.o
    0x08009ab8   0x0000011c   Code   RO          459    .text               stm32f37x_exti.o
    0x08009bd4   0x00000204   Code   RO          483    .text               stm32f37x_gpio.o
    0x08009dd8   0x000000dc   Code   RO          507    .text               stm32f37x_misc.o
    0x08009eb4   0x00000110   Code   RO          531    .text               stm32f37x_pwr.o
    0x08009fc4   0x000002f4   Code   RO          579    .text               stm32f37x_sdadc.o
    0x0800a2b8   0x00000120   Code   RO          603    .text               stm32f37x_syscfg.o
    0x0800a3d8   0x00000bd8   Code   RO          627    .text               stm32f37x_tim.o
    0x0800afb0   0x000004e4   Code   RO          651    .text               stm32f37x_usart.o
    0x0800b494   0x000005a4   Code   RO          675    .text               stm32f37x_rcc.o
    0x0800ba38   0x00000658   Code   RO          725    .text               stm32f37x_flash.o
    0x0800c090   0x000000e0   Code   RO          749    .text               nvic_systick.o
    0x0800c170   0x000001a0   Code   RO          775    .text               stm32f37x_lp_modes.o
    0x0800c310   0x000024ac   Code   RO          799    .text               stmdataprocess326.o
    0x0800e7bc   0x00000378   Code   RO          839    .text               flash_data.o
    0x0800eb34   0x000003cc   Code   RO          867    .text               matrixkey.o
    0x0800ef00   0x00000d3c   Code   RO          897    .text               ht1621.o
    0x0800fc3c   0x0000124c   Code   RO          928    .text               dta0660.o
    0x08010e88   0x00000134   Code   RO          968    .text               buzzer_led.o
    0x08010fbc   0x00000174   Code   RO          998    .text               comp.o
    0x08011130   0x000002d0   Code   RO         1028    .text               sdadc.o
    0x08011400   0x000000d4   Code   RO         1060    .text               uart.o
    0x080114d4   0x0000012c   Code   RO         1098    .text               timer.o
    0x08011600   0x000000dc   Code   RO         1128    .text               dac.o
    0x080116dc   0x000000e4   Code   RO         1152    .text               powercontrol.o
    0x080117c0   0x000000f0   Code   RO         1175    .text               arm_cortexM4lf_math.lib(arm_cmplx_mag_f32.o)
    0x080118b0   0x00000792   Code   RO         1220    .text               arm_cortexM4lf_math.lib(arm_cfft_radix4_f32.o)
    0x08012042   0x00000002   PAD
    0x08012044   0x000000c0   Code   RO         1241    .text               arm_cortexM4lf_math.lib(arm_cfft_radix4_init_f32.o)
    0x08012104   0x0000000c   Code   RO         1371    .text               mc_w.l(tolower.o)
    0x08012110   0x00000024   Code   RO         1373    .text               mc_w.l(memseta.o)
    0x08012134   0x00000018   Code   RO         1375    .text               mc_w.l(strcat.o)
    0x0801214c   0x0000001c   Code   RO         1377    .text               mc_w.l(strcmp.o)
    0x08012168   0x00000012   Code   RO         1379    .text               mc_w.l(strcpy.o)
    0x0801217a   0x0000014e   Code   RO         1642    .text               mf_w.l(dadd.o)
    0x080122c8   0x000000e4   Code   RO         1644    .text               mf_w.l(dmul.o)
    0x080123ac   0x000000de   Code   RO         1646    .text               mf_w.l(ddiv.o)
    0x0801248a   0x0000002c   Code   RO         1648    .text               mf_w.l(ffltl.o)
    0x080124b6   0x00000032   Code   RO         1650    .text               mf_w.l(dfixui.o)
    0x080124e8   0x00000026   Code   RO         1652    .text               mf_w.l(f2d.o)
    0x0801250e   0x00000002   PAD
    0x08012510   0x00000030   Code   RO         1654    .text               mf_w.l(cdcmple.o)
    0x08012540   0x00000030   Code   RO         1656    .text               mf_w.l(cdrcmple.o)
    0x08012570   0x00000038   Code   RO         1658    .text               mf_w.l(d2f.o)
    0x080125a8   0x0000002c   Code   RO         1721    .text               mc_w.l(uidiv.o)
    0x080125d4   0x00000062   Code   RO         1723    .text               mc_w.l(uldiv.o)
    0x08012636   0x0000001e   Code   RO         1725    .text               mc_w.l(llshl.o)
    0x08012654   0x00000020   Code   RO         1727    .text               mc_w.l(llushr.o)
    0x08012674   0x00000024   Code   RO         1729    .text               mc_w.l(llsshr.o)
    0x08012698   0x00000000   Code   RO         1738    .text               mc_w.l(iusefp.o)
    0x08012698   0x0000006e   Code   RO         1739    .text               mf_w.l(fepilogue.o)
    0x08012706   0x000000ba   Code   RO         1741    .text               mf_w.l(depilogue.o)
    0x080127c0   0x0000002e   Code   RO         1745    .text               mf_w.l(dscalb.o)
    0x080127ee   0x000000a2   Code   RO         1747    .text               mf_w.l(dsqrt.o)
    0x08012890   0x00000022   Code   RO         1749    .text               mf_w.l(dflti.o)
    0x080128b2   0x0000003e   Code   RO         1751    .text               mf_w.l(dfixi.o)
    0x080128f0   0x00000030   Code   RO         1753    .text               mf_w.l(dfixul.o)
    0x08012920   0x00000024   Code   RO         1755    .text               mc_w.l(init.o)
    0x08012944   0x0000001a   Code   RO         1757    .text               mf_w.l(dfltui.o)
    0x0801295e   0x00000056   Code   RO         1767    .text               mc_w.l(__dczerorl2.o)
    0x080129b4   0x00000020   Code   RO         1614    i.__0printf         mc_w.l(printfa.o)
    0x080129d4   0x00000028   Code   RO         1616    i.__0sprintf        mc_w.l(printfa.o)
    0x080129fc   0x00000030   Code   RO         1691    i.__ARM_fpclassify  m_wm.l(fpclassify.o)
    0x08012a2c   0x00000004   PAD
    0x08012a30   0x000002d8   Code   RO         1660    i.__hardfp_atan     m_wm.l(atan.o)
    0x08012d08   0x000001f0   Code   RO         1284    i.__hardfp_atan2    m_wm.l(atan2.o)
    0x08012ef8   0x000000c8   Code   RO         1296    i.__hardfp_cos      m_wm.l(cos.o)
    0x08012fc0   0x00000358   Code   RO         1308    i.__hardfp_exp      m_wm.l(exp.o)
    0x08013318   0x00000014   Code   RO         1322    i.__hardfp_fabs     m_wm.l(fabs.o)
    0x0801332c   0x00000004   PAD
    0x08013330   0x000003c4   Code   RO         1328    i.__hardfp_log      m_wm.l(log.o)
    0x080136f4   0x00000004   PAD
    0x080136f8   0x00000c50   Code   RO         1342    i.__hardfp_pow      m_wm.l(pow.o)
    0x08014348   0x0000007a   Code   RO         1356    i.__hardfp_sqrt     m_wm.l(sqrt.o)
    0x080143c2   0x00000006   PAD
    0x080143c8   0x00000438   Code   RO         1696    i.__ieee754_rem_pio2  m_wm.l(rred.o)
    0x08014800   0x00000170   Code   RO         1674    i.__kernel_cos      m_wm.l(cos_i.o)
    0x08014970   0x000000f8   Code   RO         1693    i.__kernel_poly     m_wm.l(poly.o)
    0x08014a68   0x00000130   Code   RO         1701    i.__kernel_sin      m_wm.l(sin_i.o)
    0x08014b98   0x00000030   Code   RO         1677    i.__mathlib_dbl_divzero  m_wm.l(dunder.o)
    0x08014bc8   0x00000014   Code   RO         1678    i.__mathlib_dbl_infnan  m_wm.l(dunder.o)
    0x08014bdc   0x00000014   Code   RO         1679    i.__mathlib_dbl_infnan2  m_wm.l(dunder.o)
    0x08014bf0   0x00000020   Code   RO         1680    i.__mathlib_dbl_invalid  m_wm.l(dunder.o)
    0x08014c10   0x00000020   Code   RO         1681    i.__mathlib_dbl_overflow  m_wm.l(dunder.o)
    0x08014c30   0x00000020   Code   RO         1683    i.__mathlib_dbl_underflow  m_wm.l(dunder.o)
    0x08014c50   0x0000000e   Code   RO         1761    i.__scatterload_copy  mc_w.l(handlers.o)
    0x08014c5e   0x00000002   Code   RO         1762    i.__scatterload_null  mc_w.l(handlers.o)
    0x08014c60   0x0000000e   Code   RO         1763    i.__scatterload_zeroinit  mc_w.l(handlers.o)
    0x08014c6e   0x00000002   PAD
    0x08014c70   0x0000000c   Code   RO         1733    i.__set_errno       mc_w.l(errno.o)
    0x08014c7c   0x00000164   Code   RO         1621    i._fp_digits        mc_w.l(printfa.o)
    0x08014de0   0x000006dc   Code   RO         1622    i._printf_core      mc_w.l(printfa.o)
    0x080154bc   0x00000024   Code   RO         1623    i._printf_post_padding  mc_w.l(printfa.o)
    0x080154e0   0x0000002e   Code   RO         1624    i._printf_pre_padding  mc_w.l(printfa.o)
    0x0801550e   0x0000000a   Code   RO         1626    i._sputc            mc_w.l(printfa.o)
    0x08015518   0x00000010   Code   RO         1662    i.atan              m_wm.l(atan.o)
    0x08015528   0x00000018   Code   RO         1324    i.fabs              m_wm.l(fabs.o)
    0x08015540   0x0000006e   Code   RO         1358    i.sqrt              m_wm.l(sqrt.o)
    0x080155ae   0x0000000c   Data   RO          899    .constdata          ht1621.o
    0x080155ba   0x00000100   Data   RO          930    .constdata          dta0660.o
    0x080156ba   0x00000002   PAD
    0x080156bc   0x00008000   Data   RO         1242    .constdata          arm_cortexM4lf_math.lib(arm_cfft_radix4_init_f32.o)
    0x0801d6bc   0x00000800   Data   RO         1267    .constdata          arm_cortexM4lf_math.lib(arm_common_tables.o)
    0x0801debc   0x00000004   PAD
    0x0801dec0   0x00000058   Data   RO         1311    .constdata          m_wm.l(exp.o)
    0x0801df18   0x00000038   Data   RO         1331    .constdata          m_wm.l(log.o)
    0x0801df50   0x00000088   Data   RO         1345    .constdata          m_wm.l(pow.o)
    0x0801dfd8   0x00000098   Data   RO         1663    .constdata          m_wm.l(atan.o)
    0x0801e070   0x00000030   Data   RO         1675    .constdata          m_wm.l(cos_i.o)
    0x0801e0a0   0x00000008   Data   RO         1695    .constdata          m_wm.l(qnan.o)
    0x0801e0a8   0x000000c8   Data   RO         1698    .constdata          m_wm.l(rred.o)
    0x0801e170   0x00000028   Data   RO         1702    .constdata          m_wm.l(sin_i.o)
    0x0801e198   0x0000033d   Data   RO          309    .conststring        comm.o
    0x0801e4d5   0x00000003   PAD
    0x0801e4d8   0x0000014e   Data   RO          931    .conststring        dta0660.o
    0x0801e626   0x00000002   PAD
    0x0801e628   0x00000020   Data   RO         1759    Region$$Table       anon$$obj.o


    Execution Region RW_IRAM1 (Base: 0x20000000, Size: 0x00007608, Max: 0x00008000, ABSOLUTE, COMPRESSED[0x000001d0])

    Base Addr    Size         Type   Attr      Idx    E Section Name        Object

    0x20000000   0x00000008   Data   RW            5    .data               main.o
    0x20000008   0x000000bc   Data   RW          208    .data               uservainteraction.o
    0x200000c4   0x0000006a   Data   RW          247    .data               stm32f37x_it.o
    0x2000012e   0x00000002   PAD
    0x20000130   0x00000014   Data   RW          278    .data               system_stm32f37x.o
    0x20000144   0x00000280   Data   RW          310    .data               comm.o
    0x200003c4   0x00000020   Data   RW          346    .data               cala.o
    0x200003e4   0x00000024   Data   RW          676    .data               stm32f37x_rcc.o
    0x20000408   0x00000008   Data   RW          750    .data               nvic_systick.o
    0x20000410   0x0000010c   Data   RW          801    .data               stmdataprocess326.o
    0x2000051c   0x0000000d   Data   RW          841    .data               flash_data.o
    0x20000529   0x0000000d   Data   RW          868    .data               matrixkey.o
    0x20000536   0x00000002   PAD
    0x20000538   0x00000011   Data   RW          932    .data               dta0660.o
    0x20000549   0x00000001   Data   RW          969    .data               buzzer_led.o
    0x2000054a   0x00000002   PAD
    0x2000054c   0x0000000c   Data   RW          999    .data               comp.o
    0x20000558   0x00000004   Data   RW         1030    .data               sdadc.o
    0x2000055c   0x00000006   Data   RW         1062    .data               uart.o
    0x20000562   0x00000005   Data   RW         1099    .data               timer.o
    0x20000567   0x00000001   PAD
    0x20000568   0x00000004   Data   RW         1734    .data               mc_w.l(errno.o)
    0x2000056c   0x000000e0   Zero   RW          246    .bss                stm32f37x_it.o
    0x2000064c   0x00000004   PAD
    0x20000650   0x00000160   Zero   RW          308    .bss                comm.o
    0x200007b0   0x00000020   Zero   RW          345    .bss                cala.o
    0x200007d0   0x000064a0   Zero   RW          800    .bss                stmdataprocess326.o
    0x20006c70   0x00000168   Zero   RW          840    .bss                flash_data.o
    0x20006dd8   0x00000010   Zero   RW          898    .bss                ht1621.o
    0x20006de8   0x00000020   Zero   RW          929    .bss                dta0660.o
    0x20006e08   0x00000800   Zero   RW          377    STACK               startup_stm32f37x.o


==============================================================================

Image component sizes


      Code (inc. data)   RO Data    RW Data    ZI Data      Debug   Object Name

       308         16          0          1          0       1755   buzzer_led.o
      1308         36          0         32         32       2543   cala.o
      4528        542        829        640        352       6553   comm.o
       372         16          0         12          0       1501   comp.o
       220         22          0          0          0        882   dac.o
      4684       1514        590         17         32       6348   dta0660.o
       888        122          0         13        360       2186   flash_data.o
      3388        100         12          0         16       8554   ht1621.o
       288         34          0          8          0     261863   main.o
       972         38          0         13          0       3430   matrixkey.o
       224         18          0          8          0       1670   nvic_systick.o
       228          6          0          0          0       1570   powercontrol.o
       720         50          0          4          0       2121   sdadc.o
        36          8        392          0       2048        856   startup_stm32f37x.o
       212          4          0          0          0       2403   stm32f37x_comp.o
       468          6          0          0          0       5821   stm32f37x_dac.o
       596          8          0          0          0       4570   stm32f37x_dma.o
       284          4          0          0          0       2483   stm32f37x_exti.o
      1624         24          0          0          0       7748   stm32f37x_flash.o
       516         22          0          0          0       4061   stm32f37x_gpio.o
      1624        246          0        106        224       5755   stm32f37x_it.o
       416         64          0          0          0        742   stm32f37x_lp_modes.o
       220         22          0          0          0       2025   stm32f37x_misc.o
       272         14          0          0          0       2645   stm32f37x_pwr.o
      1444         60          0         36          0       9827   stm32f37x_rcc.o
       756         20          0          0          0       9549   stm32f37x_sdadc.o
       288          6          0          0          0       2559   stm32f37x_syscfg.o
      3032         54          0          0          0      22703   stm32f37x_tim.o
      1252         12          0          0          0      12146   stm32f37x_usart.o
      9388        982          0        268      25760      11333   stmdataprocess326.o
       584         46          0         20          0       1879   system_stm32f37x.o
       300         16          0          5          0       1523   timer.o
       212         14          0          6          0       3668   uart.o
     29552       2250          0        188          0      20844   uservainteraction.o

    ----------------------------------------------------------------------
     71204       6396       1862       1384      28828     436116   Object Totals
         0          0         32          0          0          0   (incl. Generated)
         0          0          7          7          4          0   (incl. Padding)

    ----------------------------------------------------------------------

      Code (inc. data)   RO Data    RW Data    ZI Data      Debug   Library Member Name

      1938          0          0          0          0       4334   arm_cfft_radix4_f32.o
       192         46      32768          0          0       1379   arm_cfft_radix4_init_f32.o
       240          4          0          0          0      14872   arm_cmplx_mag_f32.o
         0          0       2048          0          0        611   arm_common_tables.o
       744        106        152          0          0        352   atan.o
       496         64          0          0          0        192   atan2.o
       200         20          0          0          0        164   cos.o
       368         46         48          0          0        200   cos_i.o
       184         44          0          0          0        744   dunder.o
       856        142         88          0          0        288   exp.o
        44          0          0          0          0        248   fabs.o
        48          0          0          0          0        124   fpclassify.o
       964         92         56          0          0        316   log.o
       248          0          0          0          0        152   poly.o
      3152        296        136          0          0        352   pow.o
         0          0          8          0          0          0   qnan.o
      1080        142        200          0          0        188   rred.o
       304         24         40          0          0        208   sin_i.o
       232          0          0          0          0        296   sqrt.o
        86          0          0          0          0          0   __dczerorl2.o
         0          0          0          0          0          0   entry.o
         0          0          0          0          0          0   entry10a.o
         0          0          0          0          0          0   entry11a.o
         8          4          0          0          0          0   entry2.o
         4          0          0          0          0          0   entry5.o
         0          0          0          0          0          0   entry7b.o
         0          0          0          0          0          0   entry8b.o
         8          4          0          0          0          0   entry9a.o
        12          6          0          4          0         68   errno.o
        30          0          0          0          0          0   handlers.o
        36          8          0          0          0         68   init.o
         0          0          0          0          0          0   iusefp.o
        30          0          0          0          0         68   llshl.o
        36          0          0          0          0         68   llsshr.o
        32          0          0          0          0         68   llushr.o
        36          0          0          0          0        108   memseta.o
      2276         96          0          0          0        596   printfa.o
        24          0          0          0          0         68   strcat.o
        28          0          0          0          0         76   strcmp.o
        18          0          0          0          0         68   strcpy.o
        12          0          0          0          0         68   tolower.o
        44          0          0          0          0         80   uidiv.o
        98          0          0          0          0         92   uldiv.o
        48          0          0          0          0         68   cdcmple.o
        48          0          0          0          0         68   cdrcmple.o
        56          0          0          0          0         88   d2f.o
       334          0          0          0          0        148   dadd.o
       222          0          0          0          0        100   ddiv.o
       186          0          0          0          0        176   depilogue.o
        62          0          0          0          0         80   dfixi.o
        50          0          0          0          0         76   dfixui.o
        48          0          0          0          0         68   dfixul.o
        34          0          0          0          0         76   dflti.o
        26          0          0          0          0         76   dfltui.o
       228          0          0          0          0         96   dmul.o
        46          0          0          0          0         80   dscalb.o
       162          0          0          0          0        100   dsqrt.o
        38          0          0          0          0         68   f2d.o
       110          0          0          0          0        168   fepilogue.o
        44          0          0          0          0         92   ffltl.o

    ----------------------------------------------------------------------
     15874       1148      35548          4          0      28144   Library Totals
        24          4          4          0          0          0   (incl. Padding)

    ----------------------------------------------------------------------

      Code (inc. data)   RO Data    RW Data    ZI Data      Debug   Library Name

      2370         50      34816          0          0      21196   arm_cortexM4lf_math.lib
      8920        976        728          0          0       3824   m_wm.l
      2818        118          0          4          0       1496   mc_w.l
      1742          0          0          0          0       1628   mf_w.l

    ----------------------------------------------------------------------
     15874       1148      35548          4          0      28144   Library Totals

    ----------------------------------------------------------------------

==============================================================================


      Code (inc. data)   RO Data    RW Data    ZI Data      Debug   

     87078       7544      37410       1388      28828     453728   Grand Totals
     87078       7544      37410        464      28828     453728   ELF Image Totals (compressed)
     87078       7544      37410        464          0          0   ROM Totals

==============================================================================

    Total RO  Size (Code + RO Data)               124488 ( 121.57kB)
    Total RW  Size (RW Data + ZI Data)             30216 (  29.51kB)
    Total ROM Size (Code + RO Data + RW Data)     124952 ( 122.02kB)

==============================================================================

