<html>
<body>
<pre>
<h1>礦ision Build Log</h1>
<h2>Project:</h2>
C:\Users\Administrator\Desktop\工程模板 - 副本\User\template.uvproj
Project File Date:  08/03/2014

<h2>Output:</h2>
Build target 'Target 1'
compiling main.c...
compiling stm32f37x_it.c...
compiling system_stm32f37x.c...
assembling startup_stm32f37x.s...
compiling stm32f37x_adc.c...
compiling stm32f37x_can.c...
compiling stm32f37x_cec.c...
compiling stm32f37x_comp.c...
compiling stm32f37x_crc.c...
compiling stm32f37x_dac.c...
compiling stm32f37x_dbgmcu.c...
compiling stm32f37x_dma.c...
compiling stm32f37x_exti.c...
compiling stm32f37x_flash.c...
compiling stm32f37x_gpio.c...
compiling stm32f37x_i2c.c...
compiling stm32f37x_iwdg.c...
compiling stm32f37x_misc.c...
compiling stm32f37x_pwr.c...
compiling stm32f37x_rcc.c...
compiling stm32f37x_rtc.c...
compiling stm32f37x_sdadc.c...
compiling stm32f37x_spi.c...
compiling stm32f37x_syscfg.c...
compiling stm32f37x_tim.c...
compiling stm32f37x_usart.c...
compiling stm32f37x_wwdg.c...
compiling led.c...
compiling systick.c...
compiling uart.c...
linking...
Program Size: Code=2972 RO-data=424 RW-data=56 ZI-data=1632  
FromELF: creating hex file...
"..\Output\template.axf" - 0 Errors, 0 Warning(s).
Build target 'Target 1'
compiling main.c...
compiling stm32f37x_it.c...
compiling system_stm32f37x.c...
assembling startup_stm32f37x.s...
compiling stm32f37x_adc.c...
compiling stm32f37x_can.c...
compiling stm32f37x_cec.c...
compiling stm32f37x_comp.c...
compiling stm32f37x_crc.c...
compiling stm32f37x_dac.c...
compiling stm32f37x_dbgmcu.c...
compiling stm32f37x_dma.c...
compiling stm32f37x_exti.c...
compiling stm32f37x_flash.c...
compiling stm32f37x_gpio.c...
compiling stm32f37x_i2c.c...
compiling stm32f37x_iwdg.c...
compiling stm32f37x_misc.c...
compiling stm32f37x_pwr.c...
compiling stm32f37x_rcc.c...
compiling stm32f37x_rtc.c...
compiling stm32f37x_sdadc.c...
compiling stm32f37x_spi.c...
compiling stm32f37x_syscfg.c...
compiling stm32f37x_tim.c...
compiling stm32f37x_usart.c...
compiling stm32f37x_wwdg.c...
compiling led.c...
compiling systick.c...
compiling uart.c...
linking...
Program Size: Code=3128 RO-data=424 RW-data=60 ZI-data=1636  
FromELF: creating hex file...
"..\Output\template.axf" - 0 Errors, 0 Warning(s).
