Component: ARM Compiler 5.06 update 1 (build 61) Tool: armlink [4d35a8]

==============================================================================

Section Cross References

    main.o(.text) refers to flash_data.o(.text) for Init_flash
    main.o(.text) refers to nvic_systick.o(.text) for delay_init
    main.o(.text) refers to ht1621.o(.text) for HT1621_Init
    main.o(.text) refers to matrixkey.o(.text) for Init_Keyboard_Interrupt
    main.o(.text) refers to buzzer_led.o(.text) for BUZZER_LED_Init
    main.o(.text) refers to uart.o(.text) for uart_init
    main.o(.text) refers to sdadc.o(.text) for SDADC1_Config
    main.o(.text) refers to comp.o(.text) for TIM5_2_Compare_Capture_Init
    main.o(.text) refers to dta0660.o(.text) for DTA0660_Init
    main.o(.text) refers to timer.o(.text) for TIM12_Config_1s
    main.o(.text) refers to powercontrol.o(.text) for PowerControl_Init
    main.o(.text) refers to dac.o(.text) for DAC_Config
    main.o(.text) refers to stm32f37x_tim.o(.text) for TIM_Cmd
    main.o(.text) refers to stm32f37x_lp_modes.o(.text) for StandbyMode_Measure
    main.o(.text) refers to uservainteraction.o(.text) for manipulate
    main.o(.text) refers to comm.o(.text) for Communication_Service
    main.o(.text) refers to timer.o(.data) for timer_1s_flag_for_Standby
    main.o(.text) refers to main.o(.data) for count_for_Standby
    main.o(.text) refers to matrixkey.o(.data) for RotaryKeyChanged_flag
    uservainteraction.o(.text) refers to powercontrol.o(.text) for Power_On_Voltage
    uservainteraction.o(.text) refers to stm32f37x_sdadc.o(.text) for SDADC_Cmd
    uservainteraction.o(.text) refers to stm32f37x_tim.o(.text) for TIM_Cmd
    uservainteraction.o(.text) refers to dta0660.o(.text) for FunctionSet
    uservainteraction.o(.text) refers to stmdataprocess326.o(.text) for dealwith_information
    uservainteraction.o(.text) refers to ht1621.o(.text) for lcd_write_1bit
    uservainteraction.o(.text) refers to stmdataprocess326.o(.data) for voltage_effective
    uservainteraction.o(.text) refers to uservainteraction.o(.data) for temp_for_over_voltage
    uservainteraction.o(.text) refers to matrixkey.o(.data) for RotaryKeyValue
    uservainteraction.o(.text) refers to dta0660.o(.data) for receive_f
    uservainteraction.o(.text) refers to buzzer_led.o(.text) for BUZZER_Open
    uservainteraction.o(.text) refers to dta0660.o(.bss) for RxBuffer
    uservainteraction.o(.text) refers to ht1621.o(.bss) for lcd_show_ram
    uservainteraction.o(.text) refers to f2d.o(.text) for __aeabi_f2d
    uservainteraction.o(.text) refers to fabs.o(i.__hardfp_fabs) for __hardfp_fabs
    uservainteraction.o(.text) refers to dadd.o(.text) for __aeabi_dsub
    uservainteraction.o(.text) refers to d2f.o(.text) for __aeabi_d2f
    uservainteraction.o(.text) refers to stm32f37x_comp.o(.text) for COMP_Cmd
    uservainteraction.o(.text) refers to comp.o(.data) for TIM5CH4_CAPTURE_STA
    uservainteraction.o(.text) refers to nvic_systick.o(.text) for delay_ms
    uservainteraction.o(.text) refers to timer.o(.data) for powertimer
    uservainteraction.o(.text) refers to cdcmple.o(.text) for __aeabi_cdcmple
    uservainteraction.o(.text) refers to cdrcmple.o(.text) for __aeabi_cdrcmple
    stm32f37x_it.o(.text) refers to stm32f37x_dma.o(.text) for DMA_GetITStatus
    stm32f37x_it.o(.text) refers to stm32f37x_tim.o(.text) for TIM_Cmd
    stm32f37x_it.o(.text) refers to stm32f37x_comp.o(.text) for COMP_Cmd
    stm32f37x_it.o(.text) refers to buzzer_led.o(.text) for BUZZER_Open
    stm32f37x_it.o(.text) refers to stm32f37x_usart.o(.text) for USART_GetFlagStatus
    stm32f37x_it.o(.text) refers to stm32f37x_gpio.o(.text) for GPIO_ReadInputDataBit
    stm32f37x_it.o(.text) refers to stm32f37x_exti.o(.text) for EXTI_ClearITPendingBit
    stm32f37x_it.o(.text) refers to matrixkey.o(.text) for OnceRotaryKey
    stm32f37x_it.o(.text) refers to stmdataprocess326.o(.data) for collect_finished
    stm32f37x_it.o(.text) refers to uservainteraction.o(.data) for phasestatus
    stm32f37x_it.o(.text) refers to comp.o(.data) for TIM5CH4_CAPTURE_STA
    stm32f37x_it.o(.text) refers to stm32f37x_it.o(.data) for capstats
    stm32f37x_it.o(.text) refers to dta0660.o(.data) for RxCounter
    stm32f37x_it.o(.text) refers to dta0660.o(.bss) for RxBuffer
    stm32f37x_it.o(.text) refers to stm32f37x_it.o(.bss) for Rx2Buffer
    stm32f37x_it.o(.text) refers to matrixkey.o(.data) for KeyValue
    stm32f37x_it.o(.text) refers to stm32f37x_sdadc.o(.text) for SDADC_GetFlagStatus
    stm32f37x_it.o(.text) refers to timer.o(.data) for powertimer
    stm32f37x_it.o(.text) refers to buzzer_led.o(.data) for longshort
    system_stm32f37x.o(.text) refers to stm32f37x_rcc.o(.text) for RCC_HSICmd
    system_stm32f37x.o(.text) refers to stm32f37x_flash.o(.text) for FLASH_PrefetchBufferCmd
    system_stm32f37x.o(.text) refers to system_stm32f37x.o(.data) for SystemCoreClock
    comm.o(.text) refers to strcmp.o(.text) for strcmp
[...]
    DAC_DMACmd                               0x08008fb9   Thumb Code    32  stm32f37x_dac.o(.text)
    DAC_ITConfig                             0x08008fd9   Thumb Code    28  stm32f37x_dac.o(.text)
    DAC_GetFlagStatus                        0x08008ff5   Thumb Code    24  stm32f37x_dac.o(.text)
    DAC_ClearFlag                            0x0800900d   Thumb Code     8  stm32f37x_dac.o(.text)
    DAC_GetITStatus                          0x08009015   Thumb Code    38  stm32f37x_dac.o(.text)
    DAC_ClearITPendingBit                    0x0800903b   Thumb Code     8  stm32f37x_dac.o(.text)
    DMA_DeInit                               0x08009049   Thumb Code   324  stm32f37x_dma.o(.text)
    DMA_Init                                 0x0800918d   Thumb Code    60  stm32f37x_dma.o(.text)
    DMA_StructInit                           0x080091c9   Thumb Code    26  stm32f37x_dma.o(.text)
    DMA_Cmd                                  0x080091e3   Thumb Code    24  stm32f37x_dma.o(.text)
    DMA_SetCurrDataCounter                   0x080091fb   Thumb Code     4  stm32f37x_dma.o(.text)
    DMA_GetCurrDataCounter                   0x080091ff   Thumb Code     8  stm32f37x_dma.o(.text)
    DMA_ITConfig                             0x08009207   Thumb Code    18  stm32f37x_dma.o(.text)
    DMA_GetFlagStatus                        0x08009219   Thumb Code    40  stm32f37x_dma.o(.text)
    DMA_ClearFlag                            0x08009241   Thumb Code    22  stm32f37x_dma.o(.text)
    DMA_GetITStatus                          0x08009257   Thumb Code    40  stm32f37x_dma.o(.text)
    DMA_ClearITPendingBit                    0x0800927f   Thumb Code    22  stm32f37x_dma.o(.text)
    EXTI_DeInit                              0x0800929d   Thumb Code    34  stm32f37x_exti.o(.text)
    EXTI_Init                                0x080092bf   Thumb Code   142  stm32f37x_exti.o(.text)
    EXTI_StructInit                          0x0800934d   Thumb Code    16  stm32f37x_exti.o(.text)
    EXTI_GenerateSWInterrupt                 0x0800935d   Thumb Code    16  stm32f37x_exti.o(.text)
    EXTI_GetFlagStatus                       0x0800936d   Thumb Code    22  stm32f37x_exti.o(.text)
    EXTI_ClearFlag                           0x08009383   Thumb Code     8  stm32f37x_exti.o(.text)
    EXTI_GetITStatus                         0x0800938b   Thumb Code    34  stm32f37x_exti.o(.text)
    EXTI_ClearITPendingBit                   0x080093ad   Thumb Code     8  stm32f37x_exti.o(.text)
    GPIO_DeInit                              0x080093b9   Thumb Code   154  stm32f37x_gpio.o(.text)
    GPIO_Init                                0x08009453   Thumb Code   144  stm32f37x_gpio.o(.text)
    GPIO_StructInit                          0x080094e3   Thumb Code    22  stm32f37x_gpio.o(.text)
    GPIO_PinLockConfig                       0x080094f9   Thumb Code    34  stm32f37x_gpio.o(.text)
    GPIO_ReadInputDataBit                    0x0800951b   Thumb Code    18  stm32f37x_gpio.o(.text)
    GPIO_ReadInputData                       0x0800952d   Thumb Code     6  stm32f37x_gpio.o(.text)
    GPIO_ReadOutputDataBit                   0x08009533   Thumb Code    18  stm32f37x_gpio.o(.text)
    GPIO_ReadOutputData                      0x08009545   Thumb Code     6  stm32f37x_gpio.o(.text)
    GPIO_SetBits                             0x0800954b   Thumb Code     4  stm32f37x_gpio.o(.text)
    GPIO_ResetBits                           0x0800954f   Thumb Code     4  stm32f37x_gpio.o(.text)
    GPIO_WriteBit                            0x08009553   Thumb Code    10  stm32f37x_gpio.o(.text)
    GPIO_Write                               0x0800955d   Thumb Code     4  stm32f37x_gpio.o(.text)
    GPIO_PinAFConfig                         0x08009561   Thumb Code    70  stm32f37x_gpio.o(.text)
    NVIC_PriorityGroupConfig                 0x080095bd   Thumb Code    10  stm32f37x_misc.o(.text)
    NVIC_Init                                0x080095c7   Thumb Code   100  stm32f37x_misc.o(.text)
    NVIC_SetVectorTable                      0x0800962b   Thumb Code    14  stm32f37x_misc.o(.text)
    NVIC_SystemLPConfig                      0x08009639   Thumb Code    34  stm32f37x_misc.o(.text)
    SysTick_CLKSourceConfig                  0x0800965b   Thumb Code    40  stm32f37x_misc.o(.text)
    PWR_DeInit                               0x08009699   Thumb Code    22  stm32f37x_pwr.o(.text)
    PWR_BackupAccessCmd                      0x080096af   Thumb Code     6  stm32f37x_pwr.o(.text)
    PWR_PVDLevelConfig                       0x080096b5   Thumb Code    18  stm32f37x_pwr.o(.text)
    PWR_PVDCmd                               0x080096c7   Thumb Code     6  stm32f37x_pwr.o(.text)
    PWR_WakeUpPinCmd                         0x080096cd   Thumb Code    26  stm32f37x_pwr.o(.text)
    PWR_SDADCAnalogCmd                       0x080096e7   Thumb Code    26  stm32f37x_pwr.o(.text)
    PWR_EnterSleepMode                       0x08009701   Thumb Code    24  stm32f37x_pwr.o(.text)
    PWR_EnterSTOPMode                        0x08009719   Thumb Code    54  stm32f37x_pwr.o(.text)
    PWR_EnterSTANDBYMode                     0x0800974f   Thumb Code    42  stm32f37x_pwr.o(.text)
    PWR_GetFlagStatus                        0x08009779   Thumb Code    20  stm32f37x_pwr.o(.text)
    PWR_ClearFlag                            0x0800978d   Thumb Code    14  stm32f37x_pwr.o(.text)
    SDADC_DeInit                             0x080097a9   Thumb Code    76  stm32f37x_sdadc.o(.text)
    SDADC_Init                               0x080097f5   Thumb Code    34  stm32f37x_sdadc.o(.text)
    SDADC_StructInit                         0x08009817   Thumb Code    12  stm32f37x_sdadc.o(.text)
    SDADC_AINInit                            0x08009823   Thumb Code    30  stm32f37x_sdadc.o(.text)
    SDADC_AINStructInit                      0x08009841   Thumb Code    12  stm32f37x_sdadc.o(.text)
    SDADC_ChannelConfig                      0x0800984d   Thumb Code    30  stm32f37x_sdadc.o(.text)
    SDADC_Cmd                                0x0800986b   Thumb Code    22  stm32f37x_sdadc.o(.text)
    SDADC_InitModeCmd                        0x08009881   Thumb Code    22  stm32f37x_sdadc.o(.text)
    SDADC_FastConversionCmd                  0x08009897   Thumb Code    22  stm32f37x_sdadc.o(.text)
    SDADC_VREFSelect                         0x080098ad   Thumb Code    16  stm32f37x_sdadc.o(.text)
    SDADC_CalibrationSequenceConfig          0x080098bd   Thumb Code    14  stm32f37x_sdadc.o(.text)
    SDADC_StartCalibration                   0x080098cb   Thumb Code    10  stm32f37x_sdadc.o(.text)
    SDADC_ChannelSelect                      0x080098d5   Thumb Code    18  stm32f37x_sdadc.o(.text)
    SDADC_ContinuousModeCmd                  0x080098e7   Thumb Code    22  stm32f37x_sdadc.o(.text)
    SDADC_SoftwareStartConv                  0x080098fd   Thumb Code    10  stm32f37x_sdadc.o(.text)
    SDADC_GetConversionValue                 0x08009907   Thumb Code     8  stm32f37x_sdadc.o(.text)
    SDADC_RegularSynchroSDADC1               0x0800990f   Thumb Code    22  stm32f37x_sdadc.o(.text)
    SDADC_GetConversionSDADC12Value          0x08009925   Thumb Code     6  stm32f37x_sdadc.o(.text)
    SDADC_GetConversionSDADC13Value          0x0800992b   Thumb Code     6  stm32f37x_sdadc.o(.text)
    SDADC_SoftwareStartInjectedConv          0x08009931   Thumb Code    10  stm32f37x_sdadc.o(.text)
    SDADC_InjectedChannelSelect              0x0800993b   Thumb Code     6  stm32f37x_sdadc.o(.text)
    SDADC_DelayStartInjectedConvCmd          0x08009941   Thumb Code    22  stm32f37x_sdadc.o(.text)
    SDADC_InjectedContinuousModeCmd          0x08009957   Thumb Code    22  stm32f37x_sdadc.o(.text)
    SDADC_ExternalTrigInjectedConvConfig     0x0800996d   Thumb Code    16  stm32f37x_sdadc.o(.text)
    SDADC_ExternalTrigInjectedConvEdgeConfig 0x0800997d   Thumb Code    16  stm32f37x_sdadc.o(.text)
    SDADC_GetInjectedChannel                 0x0800998d   Thumb Code    18  stm32f37x_sdadc.o(.text)
    SDADC_GetInjectedConversionValue         0x0800999f   Thumb Code    30  stm32f37x_sdadc.o(.text)
    SDADC_InjectedSynchroSDADC1              0x080099bd   Thumb Code    22  stm32f37x_sdadc.o(.text)
    SDADC_GetInjectedConversionSDADC12Value  0x080099d3   Thumb Code     6  stm32f37x_sdadc.o(.text)
    SDADC_GetInjectedConversionSDADC13Value  0x080099d9   Thumb Code     6  stm32f37x_sdadc.o(.text)
    SDADC_PowerDownCmd                       0x080099df   Thumb Code    22  stm32f37x_sdadc.o(.text)
    SDADC_StandbyCmd                         0x080099f5   Thumb Code    22  stm32f37x_sdadc.o(.text)
    SDADC_SlowClockCmd                       0x08009a0b   Thumb Code    22  stm32f37x_sdadc.o(.text)
    SDADC_DMAConfig                          0x08009a21   Thumb Code    18  stm32f37x_sdadc.o(.text)
    SDADC_ITConfig                           0x08009a33   Thumb Code    18  stm32f37x_sdadc.o(.text)
    SDADC_GetFlagStatus                      0x08009a45   Thumb Code    18  stm32f37x_sdadc.o(.text)
    SDADC_ClearFlag                          0x08009a57   Thumb Code     8  stm32f37x_sdadc.o(.text)
    SDADC_GetITStatus                        0x08009a5f   Thumb Code    34  stm32f37x_sdadc.o(.text)
    SDADC_ClearITPendingBit                  0x08009a81   Thumb Code     8  stm32f37x_sdadc.o(.text)
    SYSCFG_DeInit                            0x08009a9d   Thumb Code    44  stm32f37x_syscfg.o(.text)
    SYSCFG_MemoryRemapConfig                 0x08009ac9   Thumb Code    18  stm32f37x_syscfg.o(.text)
    SYSCFG_DMAChannelRemapConfig             0x08009adb   Thumb Code    26  stm32f37x_syscfg.o(.text)
    SYSCFG_I2CFastModePlusConfig             0x08009af5   Thumb Code    26  stm32f37x_syscfg.o(.text)
    SYSCFG_VBATMonitoringCmd                 0x08009b0f   Thumb Code    30  stm32f37x_syscfg.o(.text)
    SYSCFG_ITConfig                          0x08009b2d   Thumb Code    26  stm32f37x_syscfg.o(.text)
    SYSCFG_EXTILineConfig                    0x08009b47   Thumb Code    66  stm32f37x_syscfg.o(.text)
    SYSCFG_BreakConfig                       0x08009b89   Thumb Code    12  stm32f37x_syscfg.o(.text)
    SYSCFG_GetFlagStatus                     0x08009b95   Thumb Code    22  stm32f37x_syscfg.o(.text)
    SYSCFG_ClearFlag                         0x08009bab   Thumb Code    12  stm32f37x_syscfg.o(.text)
    TIM_DeInit                               0x08009bbd   Thumb Code   348  stm32f37x_tim.o(.text)
    TIM_TimeBaseInit                         0x08009d19   Thumb Code   110  stm32f37x_tim.o(.text)
    TIM_TimeBaseStructInit                   0x08009d87   Thumb Code    18  stm32f37x_tim.o(.text)
    TIM_PrescalerConfig                      0x08009d99   Thumb Code     6  stm32f37x_tim.o(.text)
    TIM_CounterModeConfig                    0x08009d9f   Thumb Code    18  stm32f37x_tim.o(.text)
    TIM_SetCounter                           0x08009db1   Thumb Code     4  stm32f37x_tim.o(.text)
    TIM_SetAutoreload                        0x08009db5   Thumb Code     4  stm32f37x_tim.o(.text)
    TIM_GetCounter                           0x08009db9   Thumb Code     6  stm32f37x_tim.o(.text)
    TIM_GetPrescaler                         0x08009dbf   Thumb Code     6  stm32f37x_tim.o(.text)
    TIM_UpdateDisableConfig                  0x08009dc5   Thumb Code    24  stm32f37x_tim.o(.text)
    TIM_UpdateRequestConfig                  0x08009ddd   Thumb Code    24  stm32f37x_tim.o(.text)
    TIM_ARRPreloadConfig                     0x08009df5   Thumb Code    24  stm32f37x_tim.o(.text)
    TIM_SelectOnePulseMode                   0x08009e0d   Thumb Code    18  stm32f37x_tim.o(.text)
    TIM_SetClockDivision                     0x08009e1f   Thumb Code    18  stm32f37x_tim.o(.text)
    TIM_Cmd                                  0x08009e31   Thumb Code    24  stm32f37x_tim.o(.text)
    TIM_BDTRConfig                           0x08009e49   Thumb Code    38  stm32f37x_tim.o(.text)
    TIM_BDTRStructInit                       0x08009e6f   Thumb Code    18  stm32f37x_tim.o(.text)
    TIM_CtrlPWMOutputs                       0x08009e81   Thumb Code    30  stm32f37x_tim.o(.text)
    TIM_OC1Init                              0x08009e9f   Thumb Code   120  stm32f37x_tim.o(.text)
    TIM_OC2Init                              0x08009f17   Thumb Code    82  stm32f37x_tim.o(.text)
    TIM_OC3Init                              0x08009f69   Thumb Code   132  stm32f37x_tim.o(.text)
    TIM_OC4Init                              0x08009fed   Thumb Code    82  stm32f37x_tim.o(.text)
    TIM_OCStructInit                         0x0800a03f   Thumb Code    20  stm32f37x_tim.o(.text)
    TIM_SelectOCxM                           0x0800a053   Thumb Code    82  stm32f37x_tim.o(.text)
    TIM_SetCompare1                          0x0800a0a5   Thumb Code     4  stm32f37x_tim.o(.text)
    TIM_SetCompare2                          0x0800a0a9   Thumb Code     4  stm32f37x_tim.o(.text)
    TIM_SetCompare3                          0x0800a0ad   Thumb Code     4  stm32f37x_tim.o(.text)
    TIM_SetCompare4                          0x0800a0b1   Thumb Code     4  stm32f37x_tim.o(.text)
    TIM_ForcedOC1Config                      0x0800a0b5   Thumb Code    18  stm32f37x_tim.o(.text)
    TIM_ForcedOC2Config                      0x0800a0c7   Thumb Code    26  stm32f37x_tim.o(.text)
    TIM_ForcedOC3Config                      0x0800a0e1   Thumb Code    18  stm32f37x_tim.o(.text)
    TIM_ForcedOC4Config                      0x0800a0f3   Thumb Code    26  stm32f37x_tim.o(.text)
    TIM_CCPreloadControl                     0x0800a10d   Thumb Code    24  stm32f37x_tim.o(.text)
    TIM_OC1PreloadConfig                     0x0800a125   Thumb Code    18  stm32f37x_tim.o(.text)
    TIM_OC2PreloadConfig                     0x0800a137   Thumb Code    26  stm32f37x_tim.o(.text)
    TIM_OC3PreloadConfig                     0x0800a151   Thumb Code    18  stm32f37x_tim.o(.text)
    TIM_OC4PreloadConfig                     0x0800a163   Thumb Code    26  stm32f37x_tim.o(.text)
    TIM_OC1FastConfig                        0x0800a17d   Thumb Code    18  stm32f37x_tim.o(.text)
    TIM_OC2FastConfig                        0x0800a18f   Thumb Code    26  stm32f37x_tim.o(.text)
    TIM_OC3FastConfig                        0x0800a1a9   Thumb Code    18  stm32f37x_tim.o(.text)
    TIM_OC4FastConfig                        0x0800a1bb   Thumb Code    26  stm32f37x_tim.o(.text)
    TIM_ClearOC1Ref                          0x0800a1d5   Thumb Code    18  stm32f37x_tim.o(.text)
    TIM_ClearOC2Ref                          0x0800a1e7   Thumb Code    24  stm32f37x_tim.o(.text)
    TIM_ClearOC3Ref                          0x0800a1ff   Thumb Code    18  stm32f37x_tim.o(.text)
    TIM_ClearOC4Ref                          0x0800a211   Thumb Code    24  stm32f37x_tim.o(.text)
    TIM_OC1PolarityConfig                    0x0800a229   Thumb Code    18  stm32f37x_tim.o(.text)
    TIM_OC1NPolarityConfig                   0x0800a23b   Thumb Code    18  stm32f37x_tim.o(.text)
    TIM_OC2PolarityConfig                    0x0800a24d   Thumb Code    26  stm32f37x_tim.o(.text)
    TIM_OC3PolarityConfig                    0x0800a267   Thumb Code    26  stm32f37x_tim.o(.text)
    TIM_OC4PolarityConfig                    0x0800a281   Thumb Code    26  stm32f37x_tim.o(.text)
    TIM_SelectOCREFClear                     0x0800a29b   Thumb Code    18  stm32f37x_tim.o(.text)
    TIM_CCxCmd                               0x0800a2ad   Thumb Code    30  stm32f37x_tim.o(.text)
    TIM_CCxNCmd                              0x0800a2cb   Thumb Code    30  stm32f37x_tim.o(.text)
    TIM_SelectCOM                            0x0800a2e9   Thumb Code    24  stm32f37x_tim.o(.text)
    TIM_SetIC4Prescaler                      0x0800a301   Thumb Code    26  stm32f37x_tim.o(.text)
    TIM_SetIC3Prescaler                      0x0800a36b   Thumb Code    18  stm32f37x_tim.o(.text)
    TIM_SetIC2Prescaler                      0x0800a3c5   Thumb Code    26  stm32f37x_tim.o(.text)
    TIM_SetIC1Prescaler                      0x0800a42f   Thumb Code    18  stm32f37x_tim.o(.text)
    TIM_ICInit                               0x0800a47b   Thumb Code   110  stm32f37x_tim.o(.text)
    TIM_ICStructInit                         0x0800a4e9   Thumb Code    18  stm32f37x_tim.o(.text)
    TIM_PWMIConfig                           0x0800a4fb   Thumb Code   124  stm32f37x_tim.o(.text)
    TIM_GetCapture1                          0x0800a577   Thumb Code     6  stm32f37x_tim.o(.text)
    TIM_GetCapture2                          0x0800a57d   Thumb Code     6  stm32f37x_tim.o(.text)
    TIM_GetCapture3                          0x0800a583   Thumb Code     6  stm32f37x_tim.o(.text)
    TIM_GetCapture4                          0x0800a589   Thumb Code     6  stm32f37x_tim.o(.text)
    TIM_ITConfig                             0x0800a58f   Thumb Code    18  stm32f37x_tim.o(.text)
    TIM_GenerateEvent                        0x0800a5a1   Thumb Code     4  stm32f37x_tim.o(.text)
    TIM_GetFlagStatus                        0x0800a5a5   Thumb Code    18  stm32f37x_tim.o(.text)
    TIM_ClearFlag                            0x0800a5b7   Thumb Code     6  stm32f37x_tim.o(.text)
    TIM_GetITStatus                          0x0800a5bd   Thumb Code    34  stm32f37x_tim.o(.text)
    TIM_ClearITPendingBit                    0x0800a5df   Thumb Code     6  stm32f37x_tim.o(.text)
    TIM_DMAConfig                            0x0800a5e5   Thumb Code    10  stm32f37x_tim.o(.text)
    TIM_DMACmd                               0x0800a5ef   Thumb Code    18  stm32f37x_tim.o(.text)
    TIM_SelectCCDMA                          0x0800a601   Thumb Code    24  stm32f37x_tim.o(.text)
    TIM_InternalClockConfig                  0x0800a619   Thumb Code    12  stm32f37x_tim.o(.text)
    TIM_SelectInputTrigger                   0x0800a625   Thumb Code    18  stm32f37x_tim.o(.text)
    TIM_ITRxExternalClockConfig              0x0800a637   Thumb Code    24  stm32f37x_tim.o(.text)
    TIM_TIxExternalClockConfig               0x0800a64f   Thumb Code    62  stm32f37x_tim.o(.text)
    TIM_ETRConfig                            0x0800a68d   Thumb Code    28  stm32f37x_tim.o(.text)
    TIM_ETRClockMode1Config                  0x0800a6a9   Thumb Code    54  stm32f37x_tim.o(.text)
    TIM_ETRClockMode2Config                  0x0800a6df   Thumb Code    32  stm32f37x_tim.o(.text)
    TIM_SelectOutputTrigger                  0x0800a6ff   Thumb Code    18  stm32f37x_tim.o(.text)
    TIM_SelectSlaveMode                      0x0800a711   Thumb Code    18  stm32f37x_tim.o(.text)
    TIM_SelectMasterSlaveMode                0x0800a723   Thumb Code    18  stm32f37x_tim.o(.text)
    TIM_EncoderInterfaceConfig               0x0800a735   Thumb Code    66  stm32f37x_tim.o(.text)
    TIM_SelectHallSensor                     0x0800a777   Thumb Code    24  stm32f37x_tim.o(.text)
    TIM_RemapConfig                          0x0800a78f   Thumb Code     6  stm32f37x_tim.o(.text)
    USART_DeInit                             0x0800a795   Thumb Code    82  stm32f37x_usart.o(.text)
    USART_Init                               0x0800a7e7   Thumb Code   196  stm32f37x_usart.o(.text)
    USART_StructInit                         0x0800a8ab   Thumb Code    24  stm32f37x_usart.o(.text)
    USART_ClockInit                          0x0800a8c3   Thumb Code    30  stm32f37x_usart.o(.text)
    USART_ClockStructInit                    0x0800a8e1   Thumb Code    12  stm32f37x_usart.o(.text)
    USART_Cmd                                0x0800a8ed   Thumb Code    22  stm32f37x_usart.o(.text)
    USART_DirectionModeCmd                   0x0800a903   Thumb Code    18  stm32f37x_usart.o(.text)
    USART_OverSampling8Cmd                   0x0800a915   Thumb Code    22  stm32f37x_usart.o(.text)
    USART_OneBitMethodCmd                    0x0800a92b   Thumb Code    22  stm32f37x_usart.o(.text)
    USART_MSBFirstCmd                        0x0800a941   Thumb Code    22  stm32f37x_usart.o(.text)
    USART_DataInvCmd                         0x0800a957   Thumb Code    22  stm32f37x_usart.o(.text)
    USART_InvPinCmd                          0x0800a96d   Thumb Code    18  stm32f37x_usart.o(.text)
    USART_SWAPPinCmd                         0x0800a97f   Thumb Code    22  stm32f37x_usart.o(.text)
    USART_ReceiverTimeOutCmd                 0x0800a995   Thumb Code    22  stm32f37x_usart.o(.text)
    USART_SetReceiverTimeOut                 0x0800a9ab   Thumb Code    16  stm32f37x_usart.o(.text)
    USART_SetPrescaler                       0x0800a9bb   Thumb Code    16  stm32f37x_usart.o(.text)
    USART_STOPModeCmd                        0x0800a9cb   Thumb Code    22  stm32f37x_usart.o(.text)
    USART_StopModeWakeUpSourceConfig         0x0800a9e1   Thumb Code    16  stm32f37x_usart.o(.text)
    USART_AutoBaudRateCmd                    0x0800a9f1   Thumb Code    22  stm32f37x_usart.o(.text)
    USART_AutoBaudRateConfig                 0x0800aa07   Thumb Code    16  stm32f37x_usart.o(.text)
    USART_SendData                           0x0800aa17   Thumb Code     8  stm32f37x_usart.o(.text)
    USART_ReceiveData                        0x0800aa1f   Thumb Code    10  stm32f37x_usart.o(.text)
    USART_SetAddress                         0x0800aa29   Thumb Code    18  stm32f37x_usart.o(.text)
    USART_MuteModeCmd                        0x0800aa3b   Thumb Code    22  stm32f37x_usart.o(.text)
    USART_MuteModeWakeUpConfig               0x0800aa51   Thumb Code    16  stm32f37x_usart.o(.text)
    USART_AddressDetectionConfig             0x0800aa61   Thumb Code    16  stm32f37x_usart.o(.text)
    USART_LINBreakDetectLengthConfig         0x0800aa71   Thumb Code    16  stm32f37x_usart.o(.text)
    USART_LINCmd                             0x0800aa81   Thumb Code    22  stm32f37x_usart.o(.text)
    USART_HalfDuplexCmd                      0x0800aa97   Thumb Code    22  stm32f37x_usart.o(.text)
    USART_SetGuardTime                       0x0800aaad   Thumb Code    16  stm32f37x_usart.o(.text)
    USART_SmartCardCmd                       0x0800aabd   Thumb Code    22  stm32f37x_usart.o(.text)
    USART_SmartCardNACKCmd                   0x0800aad3   Thumb Code    22  stm32f37x_usart.o(.text)
    USART_SetAutoRetryCount                  0x0800aae9   Thumb Code    18  stm32f37x_usart.o(.text)
    USART_SetBlockLength                     0x0800aafb   Thumb Code    18  stm32f37x_usart.o(.text)
    USART_IrDAConfig                         0x0800ab0d   Thumb Code    16  stm32f37x_usart.o(.text)
    USART_IrDACmd                            0x0800ab1d   Thumb Code    22  stm32f37x_usart.o(.text)
    USART_DECmd                              0x0800ab33   Thumb Code    22  stm32f37x_usart.o(.text)
    USART_DEPolarityConfig                   0x0800ab49   Thumb Code    16  stm32f37x_usart.o(.text)
    USART_SetDEAssertionTime                 0x0800ab59   Thumb Code    18  stm32f37x_usart.o(.text)
    USART_SetDEDeassertionTime               0x0800ab6b   Thumb Code    30  stm32f37x_usart.o(.text)
    USART_DMACmd                             0x0800ab89   Thumb Code    18  stm32f37x_usart.o(.text)
    USART_DMAReceptionErrorConfig            0x0800ab9b   Thumb Code    16  stm32f37x_usart.o(.text)
    USART_ITConfig                           0x0800abab   Thumb Code    58  stm32f37x_usart.o(.text)
    USART_RequestCmd                         0x0800abe5   Thumb Code    18  stm32f37x_usart.o(.text)
    USART_OverrunDetectionConfig             0x0800abf7   Thumb Code    16  stm32f37x_usart.o(.text)
    USART_GetFlagStatus                      0x0800ac07   Thumb Code    18  stm32f37x_usart.o(.text)
    USART_ClearFlag                          0x0800ac19   Thumb Code     4  stm32f37x_usart.o(.text)
    USART_GetITStatus                        0x0800ac1d   Thumb Code    74  stm32f37x_usart.o(.text)
    USART_ClearITPendingBit                  0x0800ac67   Thumb Code    18  stm32f37x_usart.o(.text)
    RCC_DeInit                               0x0800ac79   Thumb Code    82  stm32f37x_rcc.o(.text)
    RCC_HSEConfig                            0x0800accb   Thumb Code    12  stm32f37x_rcc.o(.text)
    RCC_GetFlagStatus                        0x0800acd7   Thumb Code    54  stm32f37x_rcc.o(.text)
    RCC_WaitForHSEStartUp                    0x0800ad0d   Thumb Code    56  stm32f37x_rcc.o(.text)
    RCC_AdjustHSICalibrationValue            0x0800ad45   Thumb Code    20  stm32f37x_rcc.o(.text)
    RCC_HSICmd                               0x0800ad59   Thumb Code     6  stm32f37x_rcc.o(.text)
    RCC_LSEConfig                            0x0800ad5f   Thumb Code    32  stm32f37x_rcc.o(.text)
    RCC_LSEDriveConfig                       0x0800ad7f   Thumb Code    22  stm32f37x_rcc.o(.text)
    RCC_LSICmd                               0x0800ad95   Thumb Code     6  stm32f37x_rcc.o(.text)
    RCC_PLLConfig                            0x0800ad9b   Thumb Code    28  stm32f37x_rcc.o(.text)
    RCC_PLLCmd                               0x0800adb7   Thumb Code     6  stm32f37x_rcc.o(.text)
    RCC_PREDIV1Config                        0x0800adbd   Thumb Code    18  stm32f37x_rcc.o(.text)
    RCC_ClockSecuritySystemCmd               0x0800adcf   Thumb Code     6  stm32f37x_rcc.o(.text)
    RCC_MCOConfig                            0x0800add5   Thumb Code     6  stm32f37x_rcc.o(.text)
    RCC_SYSCLKConfig                         0x0800addb   Thumb Code    18  stm32f37x_rcc.o(.text)
    RCC_GetSYSCLKSource                      0x0800aded   Thumb Code    10  stm32f37x_rcc.o(.text)
    RCC_HCLKConfig                           0x0800adf7   Thumb Code    18  stm32f37x_rcc.o(.text)
    RCC_PCLK1Config                          0x0800ae09   Thumb Code    18  stm32f37x_rcc.o(.text)
    RCC_PCLK2Config                          0x0800ae1b   Thumb Code    20  stm32f37x_rcc.o(.text)
    RCC_ADCCLKConfig                         0x0800ae2f   Thumb Code    22  stm32f37x_rcc.o(.text)
    RCC_SDADCCLKConfig                       0x0800ae45   Thumb Code    22  stm32f37x_rcc.o(.text)
    RCC_CECCLKConfig                         0x0800ae5b   Thumb Code    22  stm32f37x_rcc.o(.text)
    RCC_I2CCLKConfig                         0x0800ae71   Thumb Code    44  stm32f37x_rcc.o(.text)
    RCC_USARTCLKConfig                       0x0800ae9d   Thumb Code    76  stm32f37x_rcc.o(.text)
    RCC_USBCLKConfig                         0x0800aee9   Thumb Code     8  stm32f37x_rcc.o(.text)
    RCC_GetClocksFreq                        0x0800aef1   Thumb Code   550  stm32f37x_rcc.o(.text)
    RCC_RTCCLKConfig                         0x0800b117   Thumb Code    12  stm32f37x_rcc.o(.text)
    RCC_RTCCLKCmd                            0x0800b123   Thumb Code     6  stm32f37x_rcc.o(.text)
    RCC_BackupResetCmd                       0x0800b129   Thumb Code     8  stm32f37x_rcc.o(.text)
    RCC_AHBPeriphClockCmd                    0x0800b131   Thumb Code    26  stm32f37x_rcc.o(.text)
    RCC_APB2PeriphClockCmd                   0x0800b14b   Thumb Code    26  stm32f37x_rcc.o(.text)
    RCC_APB1PeriphClockCmd                   0x0800b165   Thumb Code    26  stm32f37x_rcc.o(.text)
    RCC_AHBPeriphResetCmd                    0x0800b17f   Thumb Code    26  stm32f37x_rcc.o(.text)
    RCC_APB2PeriphResetCmd                   0x0800b199   Thumb Code    26  stm32f37x_rcc.o(.text)
    RCC_APB1PeriphResetCmd                   0x0800b1b3   Thumb Code    26  stm32f37x_rcc.o(.text)
    RCC_ITConfig                             0x0800b1cd   Thumb Code    26  stm32f37x_rcc.o(.text)
    RCC_ClearFlag                            0x0800b1e7   Thumb Code    14  stm32f37x_rcc.o(.text)
    RCC_GetITStatus                          0x0800b1f5   Thumb Code    20  stm32f37x_rcc.o(.text)
    RCC_ClearITPendingBit                    0x0800b209   Thumb Code     6  stm32f37x_rcc.o(.text)
    FLASH_SetLatency                         0x0800b21d   Thumb Code    18  stm32f37x_flash.o(.text)
    FLASH_HalfCycleAccessCmd                 0x0800b22f   Thumb Code    30  stm32f37x_flash.o(.text)
    FLASH_PrefetchBufferCmd                  0x0800b24d   Thumb Code    30  stm32f37x_flash.o(.text)
    FLASH_Unlock                             0x0800b26b   Thumb Code    22  stm32f37x_flash.o(.text)
    FLASH_Lock                               0x0800b281   Thumb Code    14  stm32f37x_flash.o(.text)
    FLASH_GetStatus                          0x0800b28f   Thumb Code    48  stm32f37x_flash.o(.text)
    FLASH_WaitForLastOperation               0x0800b2bf   Thumb Code    38  stm32f37x_flash.o(.text)
    FLASH_ErasePage                          0x0800b2e5   Thumb Code    70  stm32f37x_flash.o(.text)
    FLASH_EraseAllPages                      0x0800b32b   Thumb Code    66  stm32f37x_flash.o(.text)
    FLASH_ProgramWord                        0x0800b36d   Thumb Code   104  stm32f37x_flash.o(.text)
    FLASH_ProgramHalfWord                    0x0800b3d5   Thumb Code    62  stm32f37x_flash.o(.text)
    FLASH_OB_Unlock                          0x0800b413   Thumb Code    22  stm32f37x_flash.o(.text)
    FLASH_OB_Lock                            0x0800b429   Thumb Code    14  stm32f37x_flash.o(.text)
    FLASH_OB_Launch                          0x0800b437   Thumb Code    14  stm32f37x_flash.o(.text)
    FLASH_OB_GetRDP                          0x0800b445   Thumb Code    20  stm32f37x_flash.o(.text)
    FLASH_OB_Erase                           0x0800b459   Thumb Code   138  stm32f37x_flash.o(.text)
    FLASH_OB_ProgramData                     0x0800b4e3   Thumb Code    66  stm32f37x_flash.o(.text)
    FLASH_OB_EnableWRP                       0x0800b525   Thumb Code   182  stm32f37x_flash.o(.text)
    FLASH_OB_RDPConfig                       0x0800b5db   Thumb Code   148  stm32f37x_flash.o(.text)
    FLASH_OB_UserConfig                      0x0800b66f   Thumb Code    82  stm32f37x_flash.o(.text)
    FLASH_OB_BOOTConfig                      0x0800b6c1   Thumb Code    72  stm32f37x_flash.o(.text)
    FLASH_OB_VDDAConfig                      0x0800b709   Thumb Code    72  stm32f37x_flash.o(.text)
    FLASH_OB_VDD_SD12Config                  0x0800b751   Thumb Code    72  stm32f37x_flash.o(.text)
    FLASH_OB_SRAMParityConfig                0x0800b799   Thumb Code    72  stm32f37x_flash.o(.text)
    FLASH_OB_WriteUser                       0x0800b7e1   Thumb Code    72  stm32f37x_flash.o(.text)
    FLASH_OB_GetUser                         0x0800b829   Thumb Code    10  stm32f37x_flash.o(.text)
    FLASH_OB_GetWRP                          0x0800b833   Thumb Code     6  stm32f37x_flash.o(.text)
    FLASH_ITConfig                           0x0800b839   Thumb Code    26  stm32f37x_flash.o(.text)
    FLASH_GetFlagStatus                      0x0800b853   Thumb Code    20  stm32f37x_flash.o(.text)
    FLASH_ClearFlag                          0x0800b867   Thumb Code     6  stm32f37x_flash.o(.text)
    NVIC_Configuration                       0x0800b875   Thumb Code    12  nvic_systick.o(.text)
    delay_init                               0x0800b881   Thumb Code    50  nvic_systick.o(.text)
    delay_us                                 0x0800b8b3   Thumb Code    72  nvic_systick.o(.text)
    delay_ms                                 0x0800b8fb   Thumb Code    72  nvic_systick.o(.text)
    StandbyMode_Measure                      0x0800b955   Thumb Code   346  stm32f37x_lp_modes.o(.text)
    FFT                                      0x0800baf1   Thumb Code  2196  stmdataprocess326.o(.text)
    get_formed1024                           0x0800c385   Thumb Code   314  stmdataprocess326.o(.text)
    dealwith_information                     0x0800c4bf   Thumb Code  5446  stmdataprocess326.o(.text)
    Adj_V                                    0x0800da05   Thumb Code   316  stmdataprocess326.o(.text)
    updata_flash                             0x0800db51   Thumb Code   164  flash_data.o(.text)
    Default_flash                            0x0800dbf5   Thumb Code   374  flash_data.o(.text)
    Init_flash                               0x0800dd6b   Thumb Code    70  flash_data.o(.text)
    KEY_LINE_write_high_all                  0x0800de3d   Thumb Code    28  matrixkey.o(.text)
    Init_Keyboard_Interrupt                  0x0800deef   Thumb Code   268  matrixkey.o(.text)
    OnceRotaryKey                            0x0800e05b   Thumb Code   108  matrixkey.o(.text)
    ScanKey                                  0x0800e0c7   Thumb Code   172  matrixkey.o(.text)
    write_mode                               0x0800e1f5   Thumb Code   164  ht1621.o(.text)
    write_command                            0x0800e299   Thumb Code   142  ht1621.o(.text)
    write_address                            0x0800e327   Thumb Code    96  ht1621.o(.text)
    write_data_8bits                         0x0800e387   Thumb Code    92  ht1621.o(.text)
    write_data_4bits                         0x0800e3e3   Thumb Code    92  ht1621.o(.text)
    lcd_write_4bits                          0x0800e43f   Thumb Code   120  ht1621.o(.text)
    lcd_write_8bits                          0x0800e4b7   Thumb Code   132  ht1621.o(.text)
    lcd_write_1bit                           0x0800e53b   Thumb Code   138  ht1621.o(.text)
    HT1621_Init                              0x0800e5c5   Thumb Code    94  ht1621.o(.text)
    lcd_clr                                  0x0800e623   Thumb Code    60  ht1621.o(.text)
    lcd_full_ram                             0x0800e65f   Thumb Code    56  ht1621.o(.text)
    lcd_full_test                            0x0800e697   Thumb Code    54  ht1621.o(.text)
    lcd_show_data                            0x0800e6cd   Thumb Code   226  ht1621.o(.text)
    lcd_show_num                             0x0800e7af   Thumb Code  1140  ht1621.o(.text)
    lcd_show_OL                              0x0800ec23   Thumb Code    20  ht1621.o(.text)
    lcd_show_dta_num                         0x0800ec37   Thumb Code   448  ht1621.o(.text)
    lcd_show_Erro                            0x0800edf7   Thumb Code    20  ht1621.o(.text)
    lcd_show_None                            0x0800ee0b   Thumb Code    18  ht1621.o(.text)
    lcd_show_Line                            0x0800ee1d   Thumb Code    20  ht1621.o(.text)
    lcd_show_A___                            0x0800ee31   Thumb Code    20  ht1621.o(.text)
    lcd_show_A__A                            0x0800ee45   Thumb Code    20  ht1621.o(.text)
    lcd_show_b__b                            0x0800ee59   Thumb Code    20  ht1621.o(.text)
    lcd_show_C__C                            0x0800ee6d   Thumb Code    20  ht1621.o(.text)
    lcd_show_____                            0x0800ee81   Thumb Code    20  ht1621.o(.text)
    DTA0660_Init                             0x0800efd3   Thumb Code    60  dta0660.o(.text)
    Check_Calibration                        0x0800f00f   Thumb Code   186  dta0660.o(.text)
    Send                                     0x0800f0c9   Thumb Code   104  dta0660.o(.text)
    CheckReceive                             0x0800f131   Thumb Code    92  dta0660.o(.text)
    ReadDTAValue                             0x0800f18d   Thumb Code  1312  dta0660.o(.text)
    WriteEeprom                              0x0800f6ad   Thumb Code   132  dta0660.o(.text)
    ReadEeprom                               0x0800f731   Thumb Code   136  dta0660.o(.text)
    Self_Calibration                         0x0800f90f   Thumb Code   254  dta0660.o(.text)
    PowerOnSelfCheck                         0x0800fa0d   Thumb Code    18  dta0660.o(.text)
    display_dta0660                          0x0800fa1f   Thumb Code  1508  dta0660.o(.text)
    FunctionSet                              0x08010003   Thumb Code    48  dta0660.o(.text)
    RangeSet                                 0x08010033   Thumb Code    44  dta0660.o(.text)
    BUZZER_LED_Init                          0x0801016b   Thumb Code    62  buzzer_led.o(.text)
    BUZZER_Open                              0x080101a9   Thumb Code    18  buzzer_led.o(.text)
    BUZZER_Close                             0x080101bb   Thumb Code    22  buzzer_led.o(.text)
    BUZZER_Toggle                            0x080101d1   Thumb Code    32  buzzer_led.o(.text)
    LED_Open                                 0x080101f1   Thumb Code    14  buzzer_led.o(.text)
    LED_Close                                0x080101ff   Thumb Code    14  buzzer_led.o(.text)
    LED_Toggle                               0x0801020d   Thumb Code    32  buzzer_led.o(.text)
    TIM5_2_Compare_Capture_Init              0x080102f7   Thumb Code   170  comp.o(.text)
    TIM19_Config                             0x080103b1   Thumb Code   118  sdadc.o(.text)
    SDADC1_Config                            0x08010427   Thumb Code   548  sdadc.o(.text)
    _sys_exit                                0x0801067d   Thumb Code     6  uart.o(.text)
    fputc                                    0x08010683   Thumb Code    32  uart.o(.text)
    uart_init                                0x080106a3   Thumb Code   160  uart.o(.text)
    TIM12_Config_1s                          0x08010751   Thumb Code    88  timer.o(.text)
    TIM13_Config_1s_Standby                  0x080107a9   Thumb Code    98  timer.o(.text)
    TIM14_Config_0_5s                        0x0801080b   Thumb Code    98  timer.o(.text)
    DAC_Config                               0x0801087d   Thumb Code    96  dac.o(.text)
    Dac1_Set_Vol                             0x080108dd   Thumb Code   102  dac.o(.text)
    PowerControl_Init                        0x08010959   Thumb Code    38  powercontrol.o(.text)
    Power_On_Voltage                         0x0801097f   Thumb Code    14  powercontrol.o(.text)
    Power_Off_Voltage                        0x0801098d   Thumb Code    14  powercontrol.o(.text)
    Power_On_Current                         0x0801099b   Thumb Code    14  powercontrol.o(.text)
    Power_Off_Current                        0x080109a9   Thumb Code    14  powercontrol.o(.text)
    Power_On_Bt                              0x080109b7   Thumb Code    14  powercontrol.o(.text)
    Power_Off_Bt                             0x080109c5   Thumb Code    14  powercontrol.o(.text)
    Power_On_VDD                             0x080109d3   Thumb Code    14  powercontrol.o(.text)
    Power_Off_VDD                            0x080109e1   Thumb Code    30  powercontrol.o(.text)
    arm_cmplx_mag_f32                        0x08010a05   Thumb Code   236  arm_cmplx_mag_f32.o(.text)
    arm_bitreversal_f32                      0x08010af5   Thumb Code   176  arm_cfft_radix4_f32.o(.text)
    arm_radix4_butterfly_f32                 0x08010ba5   Thumb Code   836  arm_cfft_radix4_f32.o(.text)
    arm_radix4_butterfly_inverse_f32         0x08010ee9   Thumb Code   868  arm_cfft_radix4_f32.o(.text)
    arm_cfft_radix4_f32                      0x0801124d   Thumb Code    58  arm_cfft_radix4_f32.o(.text)
    arm_cfft_radix4_init_f32                 0x08011289   Thumb Code   146  arm_cfft_radix4_init_f32.o(.text)
    tolower                                  0x08011349   Thumb Code    12  tolower.o(.text)
    __aeabi_memset                           0x08011355   Thumb Code    14  memseta.o(.text)
    __aeabi_memset4                          0x08011355   Thumb Code     0  memseta.o(.text)
    __aeabi_memset8                          0x08011355   Thumb Code     0  memseta.o(.text)
    __aeabi_memclr                           0x08011363   Thumb Code     4  memseta.o(.text)
    __aeabi_memclr4                          0x08011363   Thumb Code     0  memseta.o(.text)
    __aeabi_memclr8                          0x08011363   Thumb Code     0  memseta.o(.text)
    _memset$wrapper                          0x08011367   Thumb Code    18  memseta.o(.text)
    strcat                                   0x08011379   Thumb Code    24  strcat.o(.text)
    strcmp                                   0x08011391   Thumb Code    28  strcmp.o(.text)
    strcpy                                   0x080113ad   Thumb Code    18  strcpy.o(.text)
    __aeabi_dadd                             0x080113bf   Thumb Code   322  dadd.o(.text)
    __aeabi_dsub                             0x08011501   Thumb Code     6  dadd.o(.text)
    __aeabi_drsub                            0x08011507   Thumb Code     6  dadd.o(.text)
    __aeabi_dmul                             0x0801150d   Thumb Code   228  dmul.o(.text)
    __aeabi_ddiv                             0x080115f1   Thumb Code   222  ddiv.o(.text)
    __aeabi_l2f                              0x080116cf   Thumb Code    44  ffltl.o(.text)
    __aeabi_d2uiz                            0x080116fb   Thumb Code    50  dfixui.o(.text)
    __aeabi_f2d                              0x0801172d   Thumb Code    38  f2d.o(.text)
    __aeabi_cdcmpeq                          0x08011755   Thumb Code     0  cdcmple.o(.text)
    __aeabi_cdcmple                          0x08011755   Thumb Code    48  cdcmple.o(.text)
    __aeabi_cdrcmple                         0x08011785   Thumb Code    48  cdrcmple.o(.text)
    __aeabi_d2f                              0x080117b5   Thumb Code    56  d2f.o(.text)
    __aeabi_uidiv                            0x080117ed   Thumb Code     0  uidiv.o(.text)
    __aeabi_uidivmod                         0x080117ed   Thumb Code    44  uidiv.o(.text)
    __aeabi_uldivmod                         0x08011819   Thumb Code    98  uldiv.o(.text)
    __aeabi_llsl                             0x0801187b   Thumb Code    30  llshl.o(.text)
    _ll_shift_l                              0x0801187b   Thumb Code     0  llshl.o(.text)
    __aeabi_llsr                             0x08011899   Thumb Code    32  llushr.o(.text)
    _ll_ushift_r                             0x08011899   Thumb Code     0  llushr.o(.text)
    __aeabi_lasr                             0x080118b9   Thumb Code    36  llsshr.o(.text)
    _ll_sshift_r                             0x080118b9   Thumb Code     0  llsshr.o(.text)
    __I$use$fp                               0x080118dd   Thumb Code     0  iusefp.o(.text)
    _float_round                             0x080118dd   Thumb Code    18  fepilogue.o(.text)
    _float_epilogue                          0x080118ef   Thumb Code    92  fepilogue.o(.text)
    _double_round                            0x0801194b   Thumb Code    30  depilogue.o(.text)
    _double_epilogue                         0x08011969   Thumb Code   156  depilogue.o(.text)
    __ARM_scalbn                             0x08011a05   Thumb Code    46  dscalb.o(.text)
    scalbn                                   0x08011a05   Thumb Code     0  dscalb.o(.text)
    _dsqrt                                   0x08011a33   Thumb Code   162  dsqrt.o(.text)
    __aeabi_i2d                              0x08011ad5   Thumb Code    34  dflti.o(.text)
    __aeabi_d2iz                             0x08011af7   Thumb Code    62  dfixi.o(.text)
    __aeabi_d2ulz                            0x08011b35   Thumb Code    48  dfixul.o(.text)
    __scatterload                            0x08011b65   Thumb Code    28  init.o(.text)
    __scatterload_rt2                        0x08011b65   Thumb Code     0  init.o(.text)
    __aeabi_ui2d                             0x08011b89   Thumb Code    26  dfltui.o(.text)
    __decompress                             0x08011ba3   Thumb Code     0  __dczerorl2.o(.text)
    __decompress1                            0x08011ba3   Thumb Code    86  __dczerorl2.o(.text)
    __0printf                                0x08011bf9   Thumb Code    22  printfa.o(i.__0printf)
    __1printf                                0x08011bf9   Thumb Code     0  printfa.o(i.__0printf)
    __2printf                                0x08011bf9   Thumb Code     0  printfa.o(i.__0printf)
    __c89printf                              0x08011bf9   Thumb Code     0  printfa.o(i.__0printf)
    printf                                   0x08011bf9   Thumb Code     0  printfa.o(i.__0printf)
    __0sprintf                               0x08011c19   Thumb Code    34  printfa.o(i.__0sprintf)
    __1sprintf                               0x08011c19   Thumb Code     0  printfa.o(i.__0sprintf)
    __2sprintf                               0x08011c19   Thumb Code     0  printfa.o(i.__0sprintf)
    __c89sprintf                             0x08011c19   Thumb Code     0  printfa.o(i.__0sprintf)
    sprintf                                  0x08011c19   Thumb Code     0  printfa.o(i.__0sprintf)
    __ARM_fpclassify                         0x08011c41   Thumb Code    48  fpclassify.o(i.__ARM_fpclassify)
    __hardfp_atan                            0x08011c71   Thumb Code   622  atan.o(i.__hardfp_atan)
    __hardfp_atan2                           0x08011f49   Thumb Code   432  atan2.o(i.__hardfp_atan2)
    __hardfp_cos                             0x08012139   Thumb Code   180  cos.o(i.__hardfp_cos)
    __hardfp_exp                             0x08012201   Thumb Code   714  exp.o(i.__hardfp_exp)
    __hardfp_fabs                            0x08012559   Thumb Code    20  fabs.o(i.__hardfp_fabs)
    __hardfp_log                             0x08012571   Thumb Code   872  log.o(i.__hardfp_log)
    __hardfp_pow                             0x08012939   Thumb Code  3072  pow.o(i.__hardfp_pow)
    __hardfp_sqrt                            0x08013589   Thumb Code   122  sqrt.o(i.__hardfp_sqrt)
    __ieee754_rem_pio2                       0x08013609   Thumb Code   938  rred.o(i.__ieee754_rem_pio2)
    __kernel_cos                             0x08013a41   Thumb Code   322  cos_i.o(i.__kernel_cos)
    __kernel_poly                            0x08013bb1   Thumb Code   248  poly.o(i.__kernel_poly)
    __kernel_sin                             0x08013ca9   Thumb Code   280  sin_i.o(i.__kernel_sin)
    __mathlib_dbl_divzero                    0x08013dd9   Thumb Code    28  dunder.o(i.__mathlib_dbl_divzero)
    __mathlib_dbl_infnan                     0x08013e09   Thumb Code    20  dunder.o(i.__mathlib_dbl_infnan)
    __mathlib_dbl_infnan2                    0x08013e1d   Thumb Code    20  dunder.o(i.__mathlib_dbl_infnan2)
    __mathlib_dbl_invalid                    0x08013e31   Thumb Code    24  dunder.o(i.__mathlib_dbl_invalid)
    __mathlib_dbl_overflow                   0x08013e51   Thumb Code    24  dunder.o(i.__mathlib_dbl_overflow)
    __mathlib_dbl_underflow                  0x08013e71   Thumb Code    24  dunder.o(i.__mathlib_dbl_underflow)
    __scatterload_copy                       0x08013e91   Thumb Code    14  handlers.o(i.__scatterload_copy)
    __scatterload_null                       0x08013e9f   Thumb Code     2  handlers.o(i.__scatterload_null)
    __scatterload_zeroinit                   0x08013ea1   Thumb Code    14  handlers.o(i.__scatterload_zeroinit)
    __set_errno                              0x08013eb1   Thumb Code     6  errno.o(i.__set_errno)
    atan                                     0x08014759   Thumb Code    16  atan.o(i.atan)
    fabs                                     0x08014769   Thumb Code    24  fabs.o(i.fabs)
    sqrt                                     0x08014781   Thumb Code   110  sqrt.o(i.sqrt)
    DAT                                      0x080147ee   Data           1  ht1621.o(.constdata)
    COM                                      0x080147ef   Data           1  ht1621.o(.constdata)
    char_tab                                 0x080147f0   Data          10  ht1621.o(.constdata)
    eeprom_init                              0x080147fa   Data         256  dta0660.o(.constdata)
    armBitRevTable                           0x0801c8fc   Data        2048  arm_common_tables.o(.constdata)
    __mathlib_zero                           0x0801d2e0   Data           8  qnan.o(.constdata)
    Region$$Table$$Base                      0x0801d818   Number         0  anon$$obj.o(Region$$Table)
    Region$$Table$$Limit                     0x0801d838   Number         0  anon$$obj.o(Region$$Table)
    count_for_Standby                        0x20000000   Data           2  main.o(.data)
    SysValue                                 0x20000004   Data           4  main.o(.data)
    funcstatus                               0x20000008   Data           1  uservainteraction.o(.data)
    btstatus                                 0x20000009   Data           1  uservainteraction.o(.data)
    max_minstatus                            0x2000000a   Data           1  uservainteraction.o(.data)
    peakstatus                               0x2000000b   Data           1  uservainteraction.o(.data)
    relstatus                                0x2000000c   Data           1  uservainteraction.o(.data)
    phasestatus                              0x2000000d   Data           1  uservainteraction.o(.data)
    rangestatus                              0x2000000e   Data           1  uservainteraction.o(.data)
    paramstatus                              0x2000000f   Data           1  uservainteraction.o(.data)
    holdstatus                               0x20000010   Data           1  uservainteraction.o(.data)
    lightstatus                              0x20000011   Data           1  uservainteraction.o(.data)
    longparamstatus                          0x20000012   Data           1  uservainteraction.o(.data)
    autostatus                               0x20000013   Data           1  uservainteraction.o(.data)
    phaseABCstatus                           0x20000014   Data           1  uservainteraction.o(.data)
    Sysflag                                  0x20000015   Data           3  uservainteraction.o(.data)
    blink                                    0x20000018   Data           1  uservainteraction.o(.data)
    max_data1                                0x2000001c   Data           4  uservainteraction.o(.data)
    min_data1                                0x20000020   Data           4  uservainteraction.o(.data)
    max_data2                                0x20000024   Data           4  uservainteraction.o(.data)
    min_data2                                0x20000028   Data           4  uservainteraction.o(.data)
    rel_data1                                0x2000002c   Data           4  uservainteraction.o(.data)
    rel_data2                                0x20000030   Data           4  uservainteraction.o(.data)
    abcde                                    0x20000034   Data           4  uservainteraction.o(.data)
    TphaseTime                               0x20000038   Data           4  uservainteraction.o(.data)
    apparent_power1                          0x2000003c   Data           4  uservainteraction.o(.data)
    active_power1                            0x20000040   Data           4  uservainteraction.o(.data)
    reactive_power1                          0x20000044   Data           4  uservainteraction.o(.data)
    apparent_power2                          0x20000048   Data           4  uservainteraction.o(.data)
    active_power2                            0x2000004c   Data           4  uservainteraction.o(.data)
    reactive_power2                          0x20000050   Data           4  uservainteraction.o(.data)
    apparent_power3                          0x20000054   Data           4  uservainteraction.o(.data)
    active_power3                            0x20000058   Data           4  uservainteraction.o(.data)
    reactive_power3                          0x2000005c   Data           4  uservainteraction.o(.data)
    apparent_power_sum123                    0x20000060   Data           4  uservainteraction.o(.data)
    active_power_sum123                      0x20000064   Data           4  uservainteraction.o(.data)
    reactive_power_sum123                    0x20000068   Data           4  uservainteraction.o(.data)
    size                                     0x2000006c   Data           1  uservainteraction.o(.data)
    phasetimetemp                            0x20000070   Data           4  uservainteraction.o(.data)
    propershow                               0x20000074   Data           1  uservainteraction.o(.data)
    showdata1                                0x20000078   Data           4  uservainteraction.o(.data)
    showdata2                                0x2000007c   Data           4  uservainteraction.o(.data)
    read_dta_data                            0x20000080   Data           4  uservainteraction.o(.data)
    read_dta_data1                           0x20000084   Data           4  uservainteraction.o(.data)
    readstmdata1                             0x20000088   Data           4  uservainteraction.o(.data)
    readstmdata2                             0x2000008c   Data           4  uservainteraction.o(.data)
    temp_for_over_voltage                    0x20000090   Data           4  uservainteraction.o(.data)
    abs_readstmdata1                         0x20000094   Data           4  uservainteraction.o(.data)
    readstmdata2_temp                        0x20000098   Data           4  uservainteraction.o(.data)
    delay_count                              0x2000009c   Data           1  uservainteraction.o(.data)
    rangenum                                 0x2000009d   Data           1  uservainteraction.o(.data)
    Rx2Counter                               0x200000a0   Data           1  stm32f37x_it.o(.data)
    Flag_Rx2End                              0x200000a1   Data           1  stm32f37x_it.o(.data)
    Rx2Reset                                 0x200000a2   Data           1  stm32f37x_it.o(.data)
    ReadValue                                0x200000a4   Data           4  stm32f37x_it.o(.data)
    ReadValue_before                         0x200000a8   Data           4  stm32f37x_it.o(.data)
    ReadValue1                               0x200000ac   Data           4  stm32f37x_it.o(.data)
    ReadValue_before1                        0x200000b0   Data           4  stm32f37x_it.o(.data)
    CaptureNumber                            0x200000b4   Data           4  stm32f37x_it.o(.data)
    CaptureNumber1                           0x200000b8   Data           4  stm32f37x_it.o(.data)
    Capture                                  0x200000bc   Data           4  stm32f37x_it.o(.data)
    Capture1                                 0x200000c0   Data           4  stm32f37x_it.o(.data)
    TIM2Freq                                 0x200000c4   Data           4  stm32f37x_it.o(.data)
    TIM5Freq                                 0x200000c8   Data           4  stm32f37x_it.o(.data)
    coe                                      0x200000cc   Data          12  stm32f37x_it.o(.data)
    coe_sum                                  0x200000d8   Data           1  stm32f37x_it.o(.data)
    capture                                  0x200000dc   Data           4  stm32f37x_it.o(.data)
    capstats                                 0x200000e0   Data           4  stm32f37x_it.o(.data)
    TIM2_cap1                                0x200000e4   Data           4  stm32f37x_it.o(.data)
    TIM2_cap2                                0x200000e8   Data           4  stm32f37x_it.o(.data)
    TIM2_cap3                                0x200000ec   Data           4  stm32f37x_it.o(.data)
    TIM5_cap1                                0x200000f0   Data           4  stm32f37x_it.o(.data)
    TIM5_cap2                                0x200000f4   Data           4  stm32f37x_it.o(.data)
    TIM5_cap3                                0x200000f8   Data           4  stm32f37x_it.o(.data)
    dta_temp                                 0x200000fc   Data           1  stm32f37x_it.o(.data)
    cs_temp                                  0x200000fd   Data           1  stm32f37x_it.o(.data)
    rdy                                      0x200000fe   Data           1  stm32f37x_it.o(.data)
    iii                                      0x200000ff   Data           1  stm32f37x_it.o(.data)
    jjj                                      0x20000100   Data           1  stm32f37x_it.o(.data)
    SDADC1testread                           0x20000104   Data           4  stm32f37x_it.o(.data)
    SystemCoreClock                          0x2000010c   Data           4  system_stm32f37x.o(.data)
    AHBPrescTable                            0x20000110   Data          16  system_stm32f37x.o(.data)
    CMDmap1                                  0x20000120   Data         100  comm.o(.data)
    CMDmap2                                  0x20000184   Data         400  comm.o(.data)
    CMDmap3                                  0x20000314   Data          40  comm.o(.data)
    CalA_point                               0x2000033c   Data          32  cala.o(.data)
    count_for_ac                             0x20000388   Data           2  stmdataprocess326.o(.data)
    fftSize                                  0x2000038a   Data           2  stmdataprocess326.o(.data)
    ifftFlag                                 0x2000038c   Data           1  stmdataprocess326.o(.data)
    doBitReverse                             0x2000038d   Data           1  stmdataprocess326.o(.data)
    refIndex                                 0x20000390   Data           4  stmdataprocess326.o(.data)
    testIndex                                0x20000394   Data           4  stmdataprocess326.o(.data)
    iiflag                                   0x20000398   Data           4  stmdataprocess326.o(.data)
    key                                      0x2000039c   Data           1  stmdataprocess326.o(.data)
    page                                     0x2000039d   Data           1  stmdataprocess326.o(.data)
    t                                        0x2000039e   Data           2  stmdataprocess326.o(.data)
    count                                    0x200003a0   Data           1  stmdataprocess326.o(.data)
    fft_count                                0x200003a1   Data           1  stmdataprocess326.o(.data)
    addcount                                 0x200003a2   Data           1  stmdataprocess326.o(.data)
    datasize                                 0x200003a4   Data           2  stmdataprocess326.o(.data)
    inrush_current_100ms_count               0x200003a6   Data           2  stmdataprocess326.o(.data)
    pause_flag                               0x200003a8   Data           1  stmdataprocess326.o(.data)
    af_flag                                  0x200003a9   Data           1  stmdataprocess326.o(.data)
    r_or_f_flag                              0x200003aa   Data           1  stmdataprocess326.o(.data)
    adjust_flag                              0x200003ab   Data           1  stmdataprocess326.o(.data)
    inrush_trigger_flag                      0x200003ac   Data           1  stmdataprocess326.o(.data)
    collect_finished                         0x200003ad   Data           1  stmdataprocess326.o(.data)
    voltage_capture_finished                 0x200003ae   Data           1  stmdataprocess326.o(.data)
    current_capture_finished                 0x200003af   Data           1  stmdataprocess326.o(.data)
    voltage_effective                        0x200003b0   Data           4  stmdataprocess326.o(.data)
    current_effective                        0x200003b4   Data           4  stmdataprocess326.o(.data)
    inrush_current_effective_100ms           0x200003b8   Data           4  stmdataprocess326.o(.data)
    inrush_current_effective_100ms_sum       0x200003bc   Data           4  stmdataprocess326.o(.data)
    maxv_value                               0x200003c0   Data           4  stmdataprocess326.o(.data)
    maxi_value                               0x200003c4   Data           4  stmdataprocess326.o(.data)
    minv_value                               0x200003c8   Data           4  stmdataprocess326.o(.data)
    mini_value                               0x200003cc   Data           4  stmdataprocess326.o(.data)
    voltage_cf                               0x200003d0   Data           4  stmdataprocess326.o(.data)
    current_cf                               0x200003d4   Data           4  stmdataprocess326.o(.data)
    apparent_power                           0x200003d8   Data           4  stmdataprocess326.o(.data)
    active_power                             0x200003dc   Data           4  stmdataprocess326.o(.data)
    reactive_power                           0x200003e0   Data           4  stmdataprocess326.o(.data)
    kWh                                      0x200003e4   Data           4  stmdataprocess326.o(.data)
    kVAh                                     0x200003e8   Data           4  stmdataprocess326.o(.data)
    kVarh                                    0x200003ec   Data           4  stmdataprocess326.o(.data)
    KgCO2                                    0x200003f0   Data           4  stmdataprocess326.o(.data)
    power_factor                             0x200003f4   Data           4  stmdataprocess326.o(.data)
    d_power_factor                           0x200003f8   Data           4  stmdataprocess326.o(.data)
    THD_r_voltage                            0x200003fc   Data           4  stmdataprocess326.o(.data)
    THD_f_voltage                            0x20000400   Data           4  stmdataprocess326.o(.data)
    THD_r_current                            0x20000404   Data           4  stmdataprocess326.o(.data)
    THD_f_current                            0x20000408   Data           4  stmdataprocess326.o(.data)
    THD_r_power                              0x2000040c   Data           4  stmdataprocess326.o(.data)
    THD_f_power                              0x20000410   Data           4  stmdataprocess326.o(.data)
    maxv                                     0x20000414   Data           4  stmdataprocess326.o(.data)
    maxi                                     0x20000418   Data           4  stmdataprocess326.o(.data)
    minv                                     0x2000041c   Data           4  stmdataprocess326.o(.data)
    mini                                     0x20000420   Data           4  stmdataprocess326.o(.data)
    voltage_peak_value                       0x20000424   Data           4  stmdataprocess326.o(.data)
    current_peak_value                       0x20000428   Data           4  stmdataprocess326.o(.data)
    voltage_foudamental_effective            0x2000042c   Data           4  stmdataprocess326.o(.data)
    current_foudamental_effective            0x20000430   Data           4  stmdataprocess326.o(.data)
    power_foudamental_effective              0x20000434   Data           4  stmdataprocess326.o(.data)
    THDV2sum                                 0x20000438   Data           4  stmdataprocess326.o(.data)
    THDA2sum                                 0x2000043c   Data           4  stmdataprocess326.o(.data)
    THDP2sum                                 0x20000440   Data           4  stmdataprocess326.o(.data)
    voltage_foudamental_phase                0x20000444   Data           4  stmdataprocess326.o(.data)
    current_foudamental_phase                0x20000448   Data           4  stmdataprocess326.o(.data)
    power_foudamental_phase                  0x2000044c   Data           4  stmdataprocess326.o(.data)
    voltage_fundamental_frequency            0x20000450   Data           4  stmdataprocess326.o(.data)
    current_fundamental_frequency            0x20000454   Data           4  stmdataprocess326.o(.data)
    voltage_effective_sum                    0x20000458   Data           4  stmdataprocess326.o(.data)
    current_effective_sum                    0x2000045c   Data           4  stmdataprocess326.o(.data)
    active_power_sum                         0x20000460   Data           4  stmdataprocess326.o(.data)
    voltage_mean                             0x20000464   Data           4  stmdataprocess326.o(.data)
    current_mean                             0x20000468   Data           4  stmdataprocess326.o(.data)
    voltage_mean_temp                        0x2000046c   Data           4  stmdataprocess326.o(.data)
    current_mean_temp                        0x20000470   Data           4  stmdataprocess326.o(.data)
    timer_1s_blink                           0x20000474   Data           1  stmdataprocess326.o(.data)
    powertimercounter                        0x20000476   Data           2  stmdataprocess326.o(.data)
    kWh_sum                                  0x20000478   Data           4  stmdataprocess326.o(.data)
    kVAh_sum                                 0x2000047c   Data           4  stmdataprocess326.o(.data)
    kVarh_sum                                0x20000480   Data           4  stmdataprocess326.o(.data)
    KgCO2_sum                                0x20000484   Data           4  stmdataprocess326.o(.data)
    VadENA                                   0x20000488   Data           1  stmdataprocess326.o(.data)
    testAdjV                                 0x2000048c   Data           4  stmdataprocess326.o(.data)
    Current_multiplication                   0x20000490   Data           4  stmdataprocess326.o(.data)
    EraseCounter                             0x20000494   Data           4  flash_data.o(.data)
    Address                                  0x20000498   Data           4  flash_data.o(.data)
    NbrOfPage                                0x2000049c   Data           4  flash_data.o(.data)
    FLASHStatus                              0x200004a0   Data           1  flash_data.o(.data)
    RotaryKeyChanged_flag                    0x200004a1   Data           1  matrixkey.o(.data)
    SoftKeyChanged_flag                      0x200004a2   Data           1  matrixkey.o(.data)
    ShortKey_flag                            0x200004a3   Data           1  matrixkey.o(.data)
    LongKey_flag                             0x200004a4   Data           1  matrixkey.o(.data)
    KeyValue                                 0x200004a5   Data           1  matrixkey.o(.data)
    RotaryKeyValue                           0x200004a6   Data           1  matrixkey.o(.data)
    RotaryKeyValue_before                    0x200004a7   Data           1  matrixkey.o(.data)
    SoftKeyValue                             0x200004a8   Data           1  matrixkey.o(.data)
    SoftKeyValue_before                      0x200004a9   Data           1  matrixkey.o(.data)
    oncekey                                  0x200004aa   Data           1  matrixkey.o(.data)
    RxCounter                                0x200004b0   Data           1  dta0660.o(.data)
    dta_cs                                   0x200004b1   Data           1  dta0660.o(.data)
    dta_receive_flag                         0x200004b2   Data           1  dta0660.o(.data)
    check_flag                               0x200004b3   Data           1  dta0660.o(.data)
    receive_data                             0x200004b4   Data           4  dta0660.o(.data)
    receive_f                                0x200004b8   Data           4  dta0660.o(.data)
    receive_f1                               0x200004bc   Data           4  dta0660.o(.data)
    funcnum                                  0x200004c0   Data           1  dta0660.o(.data)
    longshort                                0x200004c1   Data           1  buzzer_led.o(.data)
    TIM5CH4_CAPTURE_STA                      0x200004c4   Data           2  comp.o(.data)
    TIM5CH4_CAPTURE_VAL                      0x200004c8   Data           4  comp.o(.data)
    CCR4_Val                                 0x200004cc   Data           4  comp.o(.data)
    DMA2_MEM_LEN                             0x200004d0   Data           2  sdadc.o(.data)
    SAMPLING_FREQ                            0x200004d2   Data           2  sdadc.o(.data)
    __stdout                                 0x200004d4   Data           4  uart.o(.data)
    USART_RX_STA                             0x200004d8   Data           2  uart.o(.data)
    powertimer                               0x200004da   Data           2  timer.o(.data)
    powertimer_1s_flag                       0x200004dc   Data           1  timer.o(.data)
    powertimer_0_5s_flag                     0x200004dd   Data           1  timer.o(.data)
    timer_1s_flag_for_Standby                0x200004de   Data           1  timer.o(.data)
    Rx2Buffer                                0x200004e4   Data         128  stm32f37x_it.o(.bss)
    Frequency                                0x20000564   Data          48  stm32f37x_it.o(.bss)
    Frequency1                               0x20000594   Data          48  stm32f37x_it.o(.bss)
    tempR                                    0x200005c8   Data          50  comm.o(.bss)
    tempS                                    0x200005fa   Data          50  comm.o(.bss)
    tempT                                    0x2000062c   Data          50  comm.o(.bss)
    tempU                                    0x2000065e   Data          50  comm.o(.bss)
    tempV                                    0x20000690   Data          50  comm.o(.bss)
    tempW                                    0x200006c2   Data          50  comm.o(.bss)
    tp                                       0x200006f8   Data          48  comm.o(.bss)
    CalA_temp                                0x20000728   Data          32  cala.o(.bss)
    phase_angle                              0x20000748   Data        2048  stmdataprocess326.o(.bss)
    THD                                      0x20000f48   Data        2048  stmdataprocess326.o(.bss)
    RAMsave                                  0x20001748   Data        9216  stmdataprocess326.o(.bss)
    SDADC1_value                             0x20003b48   Data        4096  stmdataprocess326.o(.bss)
    SDADC2_value                             0x20004b48   Data        4096  stmdataprocess326.o(.bss)
    POWER_value                              0x20005b48   Data        4096  stmdataprocess326.o(.bss)
    SaveData                                 0x20006b48   Data         240  flash_data.o(.bss)
    lcd_show_ram                             0x20006c38   Data          16  ht1621.o(.bss)
    RxBuffer                                 0x20006c48   Data          32  dta0660.o(.bss)
    __initial_sp                             0x20007468   Data           0  startup_stm32f37x.o(STACK)



==============================================================================

Memory Map of the image

  Image Entry point : 0x08000189

  Load Region LR_IROM1 (Base: 0x08000000, Size: 0x0001dd1c, Max: 0x00040000, ABSOLUTE, COMPRESSED[0x0001d9e4])

    Execution Region ER_IROM1 (Base: 0x08000000, Size: 0x0001d838, Max: 0x00040000, ABSOLUTE)

    Base Addr    Size         Type   Attr      Idx    E Section Name        Object

    0x08000000   0x00000188   Data   RO          378    RESET               startup_stm32f37x.o
    0x08000188   0x00000000   Code   RO         1368  * .ARM.Collect$$$$00000000  mc_w.l(entry.o)
    0x08000188   0x00000004   Code   RO         1707    .ARM.Collect$$$$00000001  mc_w.l(entry2.o)
    0x0800018c   0x00000004   Code   RO         1710    .ARM.Collect$$$$00000004  mc_w.l(entry5.o)
    0x08000190   0x00000000   Code   RO         1712    .ARM.Collect$$$$00000008  mc_w.l(entry7b.o)
    0x08000190   0x00000000   Code   RO         1714    .ARM.Collect$$$$0000000A  mc_w.l(entry8b.o)
    0x08000190   0x00000008   Code   RO         1715    .ARM.Collect$$$$0000000B  mc_w.l(entry9a.o)
    0x08000198   0x00000000   Code   RO         1717    .ARM.Collect$$$$0000000D  mc_w.l(entry10a.o)
    0x08000198   0x00000000   Code   RO         1719    .ARM.Collect$$$$0000000F  mc_w.l(entry11a.o)
    0x08000198   0x00000004   Code   RO         1708    .ARM.Collect$$$$00002712  mc_w.l(entry2.o)
    0x0800019c   0x000000ec   Code   RO            4    .text               main.o
    0x08000288   0x00006e10   Code   RO          207    .text               uservainteraction.o
    0x08007098   0x00000640   Code   RO          245    .text               stm32f37x_it.o
    0x080076d8   0x00000248   Code   RO          277    .text               system_stm32f37x.o
    0x08007920   0x00000f3c   Code   RO          307    .text               comm.o
    0x0800885c   0x00000520   Code   RO          344    .text               cala.o
    0x08008d7c   0x00000024   Code   RO          379    .text               startup_stm32f37x.o
    0x08008da0   0x000000d4   Code   RO          386    .text               stm32f37x_comp.o
    0x08008e74   0x000001d4   Code   RO          410    .text               stm32f37x_dac.o
    0x08009048   0x00000254   Code   RO          434    .text               stm32f37x_dma.o
    0x0800929c   0x0000011c   Code   RO          458    .text               stm32f37x_exti.o
    0x080093b8   0x00000204   Code   RO          482    .text               stm32f37x_gpio.o
    0x080095bc   0x000000dc   Code   RO          506    .text               stm32f37x_misc.o
    0x08009698   0x00000110   Code   RO          530    .text               stm32f37x_pwr.o
    0x080097a8   0x000002f4   Code   RO          578    .text               stm32f37x_sdadc.o
    0x08009a9c   0x00000120   Code   RO          602    .text               stm32f37x_syscfg.o
    0x08009bbc   0x00000bd8   Code   RO          626    .text               stm32f37x_tim.o
    0x0800a794   0x000004e4   Code   RO          650    .text               stm32f37x_usart.o
    0x0800ac78   0x000005a4   Code   RO          674    .text               stm32f37x_rcc.o
    0x0800b21c   0x00000658   Code   RO          724    .text               stm32f37x_flash.o
    0x0800b874   0x000000e0   Code   RO          748    .text               nvic_systick.o
    0x0800b954   0x0000019c   Code   RO          774    .text               stm32f37x_lp_modes.o
    0x0800baf0   0x00002060   Code   RO          798    .text               stmdataprocess326.o
    0x0800db50   0x000002d0   Code   RO          839    .text               flash_data.o
    0x0800de20   0x00000374   Code   RO          867    .text               matrixkey.o
    0x0800e194   0x00000d24   Code   RO          897    .text               ht1621.o
    0x0800eeb8   0x00001250   Code   RO          928    .text               dta0660.o
    0x08010108   0x00000134   Code   RO          968    .text               buzzer_led.o
    0x0801023c   0x00000174   Code   RO          998    .text               comp.o
    0x080103b0   0x000002cc   Code   RO         1028    .text               sdadc.o
    0x0801067c   0x000000d4   Code   RO         1060    .text               uart.o
    0x08010750   0x0000012c   Code   RO         1098    .text               timer.o
    0x0801087c   0x000000dc   Code   RO         1128    .text               dac.o
    0x08010958   0x000000ac   Code   RO         1152    .text               powercontrol.o
    0x08010a04   0x000000f0   Code   RO         1175    .text               arm_cortexM4lf_math.lib(arm_cmplx_mag_f32.o)
    0x08010af4   0x00000792   Code   RO         1220    .text               arm_cortexM4lf_math.lib(arm_cfft_radix4_f32.o)
    0x08011286   0x00000002   PAD
    0x08011288   0x000000c0   Code   RO         1241    .text               arm_cortexM4lf_math.lib(arm_cfft_radix4_init_f32.o)
    0x08011348   0x0000000c   Code   RO         1371    .text               mc_w.l(tolower.o)
    0x08011354   0x00000024   Code   RO         1373    .text               mc_w.l(memseta.o)
    0x08011378   0x00000018   Code   RO         1375    .text               mc_w.l(strcat.o)
    0x08011390   0x0000001c   Code   RO         1377    .text               mc_w.l(strcmp.o)
    0x080113ac   0x00000012   Code   RO         1379    .text               mc_w.l(strcpy.o)
    0x080113be   0x0000014e   Code   RO         1642    .text               mf_w.l(dadd.o)
    0x0801150c   0x000000e4   Code   RO         1644    .text               mf_w.l(dmul.o)
    0x080115f0   0x000000de   Code   RO         1646    .text               mf_w.l(ddiv.o)
    0x080116ce   0x0000002c   Code   RO         1648    .text               mf_w.l(ffltl.o)
    0x080116fa   0x00000032   Code   RO         1650    .text               mf_w.l(dfixui.o)
    0x0801172c   0x00000026   Code   RO         1652    .text               mf_w.l(f2d.o)
    0x08011752   0x00000002   PAD
    0x08011754   0x00000030   Code   RO         1654    .text               mf_w.l(cdcmple.o)
    0x08011784   0x00000030   Code   RO         1656    .text               mf_w.l(cdrcmple.o)
    0x080117b4   0x00000038   Code   RO         1658    .text               mf_w.l(d2f.o)
    0x080117ec   0x0000002c   Code   RO         1721    .text               mc_w.l(uidiv.o)
    0x08011818   0x00000062   Code   RO         1723    .text               mc_w.l(uldiv.o)
    0x0801187a   0x0000001e   Code   RO         1725    .text               mc_w.l(llshl.o)
    0x08011898   0x00000020   Code   RO         1727    .text               mc_w.l(llushr.o)
    0x080118b8   0x00000024   Code   RO         1729    .text               mc_w.l(llsshr.o)
    0x080118dc   0x00000000   Code   RO         1738    .text               mc_w.l(iusefp.o)
    0x080118dc   0x0000006e   Code   RO         1739    .text               mf_w.l(fepilogue.o)
    0x0801194a   0x000000ba   Code   RO         1741    .text               mf_w.l(depilogue.o)
    0x08011a04   0x0000002e   Code   RO         1745    .text               mf_w.l(dscalb.o)
    0x08011a32   0x000000a2   Code   RO         1747    .text               mf_w.l(dsqrt.o)
    0x08011ad4   0x00000022   Code   RO         1749    .text               mf_w.l(dflti.o)
    0x08011af6   0x0000003e   Code   RO         1751    .text               mf_w.l(dfixi.o)
    0x08011b34   0x00000030   Code   RO         1753    .text               mf_w.l(dfixul.o)
    0x08011b64   0x00000024   Code   RO         1755    .text               mc_w.l(init.o)
    0x08011b88   0x0000001a   Code   RO         1757    .text               mf_w.l(dfltui.o)
    0x08011ba2   0x00000056   Code   RO         1767    .text               mc_w.l(__dczerorl2.o)
    0x08011bf8   0x00000020   Code   RO         1614    i.__0printf         mc_w.l(printfa.o)
    0x08011c18   0x00000028   Code   RO         1616    i.__0sprintf        mc_w.l(printfa.o)
    0x08011c40   0x00000030   Code   RO         1691    i.__ARM_fpclassify  m_wm.l(fpclassify.o)
    0x08011c70   0x000002d8   Code   RO         1660    i.__hardfp_atan     m_wm.l(atan.o)
    0x08011f48   0x000001f0   Code   RO         1284    i.__hardfp_atan2    m_wm.l(atan2.o)
    0x08012138   0x000000c8   Code   RO         1296    i.__hardfp_cos      m_wm.l(cos.o)
    0x08012200   0x00000358   Code   RO         1308    i.__hardfp_exp      m_wm.l(exp.o)
    0x08012558   0x00000014   Code   RO         1322    i.__hardfp_fabs     m_wm.l(fabs.o)
    0x0801256c   0x00000004   PAD
    0x08012570   0x000003c4   Code   RO         1328    i.__hardfp_log      m_wm.l(log.o)
    0x08012934   0x00000004   PAD
    0x08012938   0x00000c50   Code   RO         1342    i.__hardfp_pow      m_wm.l(pow.o)
    0x08013588   0x0000007a   Code   RO         1356    i.__hardfp_sqrt     m_wm.l(sqrt.o)
    0x08013602   0x00000006   PAD
    0x08013608   0x00000438   Code   RO         1696    i.__ieee754_rem_pio2  m_wm.l(rred.o)
    0x08013a40   0x00000170   Code   RO         1674    i.__kernel_cos      m_wm.l(cos_i.o)
    0x08013bb0   0x000000f8   Code   RO         1693    i.__kernel_poly     m_wm.l(poly.o)
    0x08013ca8   0x00000130   Code   RO         1701    i.__kernel_sin      m_wm.l(sin_i.o)
    0x08013dd8   0x00000030   Code   RO         1677    i.__mathlib_dbl_divzero  m_wm.l(dunder.o)
    0x08013e08   0x00000014   Code   RO         1678    i.__mathlib_dbl_infnan  m_wm.l(dunder.o)
    0x08013e1c   0x00000014   Code   RO         1679    i.__mathlib_dbl_infnan2  m_wm.l(dunder.o)
    0x08013e30   0x00000020   Code   RO         1680    i.__mathlib_dbl_invalid  m_wm.l(dunder.o)
    0x08013e50   0x00000020   Code   RO         1681    i.__mathlib_dbl_overflow  m_wm.l(dunder.o)
    0x08013e70   0x00000020   Code   RO         1683    i.__mathlib_dbl_underflow  m_wm.l(dunder.o)
    0x08013e90   0x0000000e   Code   RO         1761    i.__scatterload_copy  mc_w.l(handlers.o)
    0x08013e9e   0x00000002   Code   RO         1762    i.__scatterload_null  mc_w.l(handlers.o)
    0x08013ea0   0x0000000e   Code   RO         1763    i.__scatterload_zeroinit  mc_w.l(handlers.o)
    0x08013eae   0x00000002   PAD
    0x08013eb0   0x0000000c   Code   RO         1733    i.__set_errno       mc_w.l(errno.o)
    0x08013ebc   0x00000164   Code   RO         1621    i._fp_digits        mc_w.l(printfa.o)
    0x08014020   0x000006dc   Code   RO         1622    i._printf_core      mc_w.l(printfa.o)
    0x080146fc   0x00000024   Code   RO         1623    i._printf_post_padding  mc_w.l(printfa.o)
    0x08014720   0x0000002e   Code   RO         1624    i._printf_pre_padding  mc_w.l(printfa.o)
    0x0801474e   0x0000000a   Code   RO         1626    i._sputc            mc_w.l(printfa.o)
    0x08014758   0x00000010   Code   RO         1662    i.atan              m_wm.l(atan.o)
    0x08014768   0x00000018   Code   RO         1324    i.fabs              m_wm.l(fabs.o)
    0x08014780   0x0000006e   Code   RO         1358    i.sqrt              m_wm.l(sqrt.o)
    0x080147ee   0x0000000c   Data   RO          899    .constdata          ht1621.o
    0x080147fa   0x00000100   Data   RO          930    .constdata          dta0660.o
    0x080148fa   0x00000002   PAD
    0x080148fc   0x00008000   Data   RO         1242    .constdata          arm_cortexM4lf_math.lib(arm_cfft_radix4_init_f32.o)
    0x0801c8fc   0x00000800   Data   RO         1267    .constdata          arm_cortexM4lf_math.lib(arm_common_tables.o)
    0x0801d0fc   0x00000004   PAD
    0x0801d100   0x00000058   Data   RO         1311    .constdata          m_wm.l(exp.o)
    0x0801d158   0x00000038   Data   RO         1331    .constdata          m_wm.l(log.o)
    0x0801d190   0x00000088   Data   RO         1345    .constdata          m_wm.l(pow.o)
    0x0801d218   0x00000098   Data   RO         1663    .constdata          m_wm.l(atan.o)
    0x0801d2b0   0x00000030   Data   RO         1675    .constdata          m_wm.l(cos_i.o)
    0x0801d2e0   0x00000008   Data   RO         1695    .constdata          m_wm.l(qnan.o)
    0x0801d2e8   0x000000c8   Data   RO         1698    .constdata          m_wm.l(rred.o)
    0x0801d3b0   0x00000028   Data   RO         1702    .constdata          m_wm.l(sin_i.o)
    0x0801d3d8   0x000002ed   Data   RO          309    .conststring        comm.o
    0x0801d6c5   0x00000003   PAD
    0x0801d6c8   0x0000014e   Data   RO          931    .conststring        dta0660.o
    0x0801d816   0x00000002   PAD
    0x0801d818   0x00000020   Data   RO         1759    Region$$Table       anon$$obj.o


    Execution Region RW_IRAM1 (Base: 0x20000000, Size: 0x00007468, Max: 0x00008000, ABSOLUTE, COMPRESSED[0x000001ac])

    Base Addr    Size         Type   Attr      Idx    E Section Name        Object

    0x20000000   0x00000008   Data   RW            5    .data               main.o
    0x20000008   0x00000096   Data   RW          208    .data               uservainteraction.o
    0x2000009e   0x00000002   PAD
    0x200000a0   0x0000006a   Data   RW          247    .data               stm32f37x_it.o
    0x2000010a   0x00000002   PAD
    0x2000010c   0x00000014   Data   RW          278    .data               system_stm32f37x.o
    0x20000120   0x0000021c   Data   RW          310    .data               comm.o
    0x2000033c   0x00000020   Data   RW          346    .data               cala.o
    0x2000035c   0x00000024   Data   RW          675    .data               stm32f37x_rcc.o
    0x20000380   0x00000008   Data   RW          749    .data               nvic_systick.o
    0x20000388   0x0000010c   Data   RW          801    .data               stmdataprocess326.o
    0x20000494   0x0000000d   Data   RW          841    .data               flash_data.o
    0x200004a1   0x0000000d   Data   RW          868    .data               matrixkey.o
    0x200004ae   0x00000002   PAD
    0x200004b0   0x00000011   Data   RW          932    .data               dta0660.o
    0x200004c1   0x00000001   Data   RW          969    .data               buzzer_led.o
    0x200004c2   0x00000002   PAD
    0x200004c4   0x0000000c   Data   RW          999    .data               comp.o
    0x200004d0   0x00000004   Data   RW         1030    .data               sdadc.o
    0x200004d4   0x00000006   Data   RW         1062    .data               uart.o
    0x200004da   0x00000005   Data   RW         1099    .data               timer.o
    0x200004df   0x00000001   PAD
    0x200004e0   0x00000004   Data   RW         1734    .data               mc_w.l(errno.o)
    0x200004e4   0x000000e0   Zero   RW          246    .bss                stm32f37x_it.o
    0x200005c4   0x00000004   PAD
    0x200005c8   0x00000160   Zero   RW          308    .bss                comm.o
    0x20000728   0x00000020   Zero   RW          345    .bss                cala.o
    0x20000748   0x00006400   Zero   RW          799    .bss                stmdataprocess326.o
    0x20006b48   0x000000f0   Zero   RW          840    .bss                flash_data.o
    0x20006c38   0x00000010   Zero   RW          898    .bss                ht1621.o
    0x20006c48   0x00000020   Zero   RW          929    .bss                dta0660.o
    0x20006c68   0x00000800   Zero   RW          376    STACK               startup_stm32f37x.o


==============================================================================

Image component sizes


      Code (inc. data)   RO Data    RW Data    ZI Data      Debug   Object Name

       308         16          0          1          0       1711   buzzer_led.o
      1312         40          0         32         32       2397   cala.o
      3900        354        749        540        352       5973   comm.o
       372         16          0         12          0       1457   comp.o
       220         22          0          0          0        858   dac.o
      4688       1510        590         17         32       6296   dta0660.o
       720        112          0         13        240       1938   flash_data.o
      3364         96         12          0         16       8285   ht1621.o
       236         26          0          8          0     261219   main.o
       884         40          0         13          0       3306   matrixkey.o
       224         18          0          8          0       1606   nvic_systick.o
       172          6          0          0          0       1518   powercontrol.o
       716         50          0          4          0       2053   sdadc.o
        36          8        392          0       2048        840   startup_stm32f37x.o
       212          4          0          0          0       2355   stm32f37x_comp.o
       468          6          0          0          0       5777   stm32f37x_dac.o
       596          8          0          0          0       4522   stm32f37x_dma.o
       284          4          0          0          0       2435   stm32f37x_exti.o
      1624         24          0          0          0       7704   stm32f37x_flash.o
       516         22          0          0          0       4017   stm32f37x_gpio.o
      1600        246          0        106        224       5535   stm32f37x_it.o
       412         66          0          0          0        718   stm32f37x_lp_modes.o
       220         22          0          0          0       1977   stm32f37x_misc.o
       272         14          0          0          0       2621   stm32f37x_pwr.o
      1444         60          0         36          0       9763   stm32f37x_rcc.o
       756         20          0          0          0       9509   stm32f37x_sdadc.o
       288          6          0          0          0       2539   stm32f37x_syscfg.o
      3032         54          0          0          0      22659   stm32f37x_tim.o
      1252         12          0          0          0      12098   stm32f37x_usart.o
      8288        852          0        268      25600      10150   stmdataprocess326.o
       584         46          0         20          0       1811   system_stm32f37x.o
       300         16          0          5          0       1479   timer.o
       212         14          0          6          0       3600   uart.o
     28176       2114          0        150          0      19590   uservainteraction.o

    ----------------------------------------------------------------------
     67688       5924       1782       1248      28548     430316   Object Totals
         0          0         32          0          0          0   (incl. Generated)
         0          0          7          9          4          0   (incl. Padding)

    ----------------------------------------------------------------------

      Code (inc. data)   RO Data    RW Data    ZI Data      Debug   Library Member Name

      1938          0          0          0          0       4334   arm_cfft_radix4_f32.o
       192         46      32768          0          0       1379   arm_cfft_radix4_init_f32.o
       240          4          0          0          0      14872   arm_cmplx_mag_f32.o
         0          0       2048          0          0        611   arm_common_tables.o
       744        106        152          0          0        352   atan.o
       496         64          0          0          0        192   atan2.o
       200         20          0          0          0        164   cos.o
       368         46         48          0          0        200   cos_i.o
       184         44          0          0          0        744   dunder.o
       856        142         88          0          0        288   exp.o
        44          0          0          0          0        248   fabs.o
        48          0          0          0          0        124   fpclassify.o
       964         92         56          0          0        316   log.o
       248          0          0          0          0        152   poly.o
      3152        296        136          0          0        352   pow.o
         0          0          8          0          0          0   qnan.o
      1080        142        200          0          0        188   rred.o
       304         24         40          0          0        208   sin_i.o
       232          0          0          0          0        296   sqrt.o
        86          0          0          0          0          0   __dczerorl2.o
         0          0          0          0          0          0   entry.o
         0          0          0          0          0          0   entry10a.o
         0          0          0          0          0          0   entry11a.o
         8          4          0          0          0          0   entry2.o
         4          0          0          0          0          0   entry5.o
         0          0          0          0          0          0   entry7b.o
         0          0          0          0          0          0   entry8b.o
         8          4          0          0          0          0   entry9a.o
        12          6          0          4          0         68   errno.o
        30          0          0          0          0          0   handlers.o
        36          8          0          0          0         68   init.o
         0          0          0          0          0          0   iusefp.o
        30          0          0          0          0         68   llshl.o
        36          0          0          0          0         68   llsshr.o
        32          0          0          0          0         68   llushr.o
        36          0          0          0          0        108   memseta.o
      2276         96          0          0          0        596   printfa.o
        24          0          0          0          0         68   strcat.o
        28          0          0          0          0         76   strcmp.o
        18          0          0          0          0         68   strcpy.o
        12          0          0          0          0         68   tolower.o
        44          0          0          0          0         80   uidiv.o
        98          0          0          0          0         92   uldiv.o
        48          0          0          0          0         68   cdcmple.o
        48          0          0          0          0         68   cdrcmple.o
        56          0          0          0          0         88   d2f.o
       334          0          0          0          0        148   dadd.o
       222          0          0          0          0        100   ddiv.o
       186          0          0          0          0        176   depilogue.o
        62          0          0          0          0         80   dfixi.o
        50          0          0          0          0         76   dfixui.o
        48          0          0          0          0         68   dfixul.o
        34          0          0          0          0         76   dflti.o
        26          0          0          0          0         76   dfltui.o
       228          0          0          0          0         96   dmul.o
        46          0          0          0          0         80   dscalb.o
       162          0          0          0          0        100   dsqrt.o
        38          0          0          0          0         68   f2d.o
       110          0          0          0          0        168   fepilogue.o
        44          0          0          0          0         92   ffltl.o

    ----------------------------------------------------------------------
     15870       1148      35548          4          0      28144   Library Totals
        20          4          4          0          0          0   (incl. Padding)

    ----------------------------------------------------------------------

      Code (inc. data)   RO Data    RW Data    ZI Data      Debug   Library Name

      2370         50      34816          0          0      21196   arm_cortexM4lf_math.lib
      8920        976        728          0          0       3824   m_wm.l
      2818        118          0          4          0       1496   mc_w.l
      1742          0          0          0          0       1628   mf_w.l

    ----------------------------------------------------------------------
     15870       1148      35548          4          0      28144   Library Totals

    ----------------------------------------------------------------------

==============================================================================


      Code (inc. data)   RO Data    RW Data    ZI Data      Debug   

     83558       7072      37330       1252      28548     448028   Grand Totals
     83558       7072      37330        428      28548     448028   ELF Image Totals (compressed)
     83558       7072      37330        428          0          0   ROM Totals

==============================================================================

    Total RO  Size (Code + RO Data)               120888 ( 118.05kB)
    Total RW  Size (RW Data + ZI Data)             29800 (  29.10kB)
    Total ROM Size (Code + RO Data + RW Data)     121316 ( 118.47kB)

==============================================================================

